cur_request_id,0,replica_id,0,number_pending_tokens,0
cur_request_id,0,replica_id,1,number_pending_tokens,0
cur_request_id,0,replica_id,2,number_pending_tokens,0
cur_request_id,0,replica_id,3,number_pending_tokens,0
cur_request_id,0,replica_id,4,number_pending_tokens,0
cur_request_id,10,replica_id,0,number_pending_tokens,0
cur_request_id,10,replica_id,1,number_pending_tokens,0
cur_request_id,10,replica_id,2,number_pending_tokens,0
cur_request_id,10,replica_id,3,number_pending_tokens,0
cur_request_id,10,replica_id,4,number_pending_tokens,0
cur_request_id,20,replica_id,0,number_pending_tokens,0
cur_request_id,20,replica_id,1,number_pending_tokens,0
cur_request_id,20,replica_id,2,number_pending_tokens,41
cur_request_id,20,replica_id,3,number_pending_tokens,0
cur_request_id,20,replica_id,4,number_pending_tokens,39
cur_request_id,30,replica_id,0,number_pending_tokens,0
cur_request_id,30,replica_id,1,number_pending_tokens,0
cur_request_id,30,replica_id,2,number_pending_tokens,0
cur_request_id,30,replica_id,3,number_pending_tokens,347
cur_request_id,30,replica_id,4,number_pending_tokens,0
cur_request_id,40,replica_id,0,number_pending_tokens,0
cur_request_id,40,replica_id,1,number_pending_tokens,0
cur_request_id,40,replica_id,2,number_pending_tokens,0
cur_request_id,40,replica_id,3,number_pending_tokens,156
cur_request_id,40,replica_id,4,number_pending_tokens,550
cur_request_id,50,replica_id,0,number_pending_tokens,0
cur_request_id,50,replica_id,1,number_pending_tokens,0
cur_request_id,50,replica_id,2,number_pending_tokens,222
cur_request_id,50,replica_id,3,number_pending_tokens,0
cur_request_id,50,replica_id,4,number_pending_tokens,0
cur_request_id,60,replica_id,0,number_pending_tokens,0
cur_request_id,60,replica_id,1,number_pending_tokens,0
cur_request_id,60,replica_id,2,number_pending_tokens,231
cur_request_id,60,replica_id,3,number_pending_tokens,0
cur_request_id,60,replica_id,4,number_pending_tokens,0
cur_request_id,70,replica_id,0,number_pending_tokens,0
cur_request_id,70,replica_id,1,number_pending_tokens,0
cur_request_id,70,replica_id,2,number_pending_tokens,0
cur_request_id,70,replica_id,3,number_pending_tokens,0
cur_request_id,70,replica_id,4,number_pending_tokens,475
cur_request_id,80,replica_id,0,number_pending_tokens,0
cur_request_id,80,replica_id,1,number_pending_tokens,0
cur_request_id,80,replica_id,2,number_pending_tokens,0
cur_request_id,80,replica_id,3,number_pending_tokens,0
cur_request_id,80,replica_id,4,number_pending_tokens,111
cur_request_id,90,replica_id,0,number_pending_tokens,0
cur_request_id,90,replica_id,1,number_pending_tokens,0
cur_request_id,90,replica_id,2,number_pending_tokens,0
cur_request_id,90,replica_id,3,number_pending_tokens,13
cur_request_id,90,replica_id,4,number_pending_tokens,0
cur_request_id,100,replica_id,0,number_pending_tokens,0
cur_request_id,100,replica_id,1,number_pending_tokens,0
cur_request_id,100,replica_id,2,number_pending_tokens,2315
cur_request_id,100,replica_id,3,number_pending_tokens,0
cur_request_id,100,replica_id,4,number_pending_tokens,32
cur_request_id,110,replica_id,0,number_pending_tokens,0
cur_request_id,110,replica_id,1,number_pending_tokens,86
cur_request_id,110,replica_id,2,number_pending_tokens,0
cur_request_id,110,replica_id,3,number_pending_tokens,0
cur_request_id,110,replica_id,4,number_pending_tokens,0
cur_request_id,120,replica_id,0,number_pending_tokens,0
cur_request_id,120,replica_id,1,number_pending_tokens,0
cur_request_id,120,replica_id,2,number_pending_tokens,22
cur_request_id,120,replica_id,3,number_pending_tokens,0
cur_request_id,120,replica_id,4,number_pending_tokens,596
cur_request_id,130,replica_id,0,number_pending_tokens,0
cur_request_id,130,replica_id,1,number_pending_tokens,0
cur_request_id,130,replica_id,2,number_pending_tokens,332
cur_request_id,130,replica_id,3,number_pending_tokens,0
cur_request_id,130,replica_id,4,number_pending_tokens,0
cur_request_id,140,replica_id,0,number_pending_tokens,0
cur_request_id,140,replica_id,1,number_pending_tokens,0
cur_request_id,140,replica_id,2,number_pending_tokens,55
cur_request_id,140,replica_id,3,number_pending_tokens,0
cur_request_id,140,replica_id,4,number_pending_tokens,0
cur_request_id,150,replica_id,0,number_pending_tokens,0
cur_request_id,150,replica_id,1,number_pending_tokens,0
cur_request_id,150,replica_id,2,number_pending_tokens,0
cur_request_id,150,replica_id,3,number_pending_tokens,50
cur_request_id,150,replica_id,4,number_pending_tokens,0
cur_request_id,160,replica_id,0,number_pending_tokens,0
cur_request_id,160,replica_id,1,number_pending_tokens,0
cur_request_id,160,replica_id,2,number_pending_tokens,0
cur_request_id,160,replica_id,3,number_pending_tokens,85
cur_request_id,160,replica_id,4,number_pending_tokens,0
cur_request_id,170,replica_id,0,number_pending_tokens,0
cur_request_id,170,replica_id,1,number_pending_tokens,0
cur_request_id,170,replica_id,2,number_pending_tokens,0
cur_request_id,170,replica_id,3,number_pending_tokens,368
cur_request_id,170,replica_id,4,number_pending_tokens,0
cur_request_id,180,replica_id,0,number_pending_tokens,0
cur_request_id,180,replica_id,1,number_pending_tokens,0
cur_request_id,180,replica_id,2,number_pending_tokens,131
cur_request_id,180,replica_id,3,number_pending_tokens,0
cur_request_id,180,replica_id,4,number_pending_tokens,0
cur_request_id,190,replica_id,0,number_pending_tokens,0
cur_request_id,190,replica_id,1,number_pending_tokens,0
cur_request_id,190,replica_id,2,number_pending_tokens,44
cur_request_id,190,replica_id,3,number_pending_tokens,0
cur_request_id,190,replica_id,4,number_pending_tokens,0
cur_request_id,200,replica_id,0,number_pending_tokens,0
cur_request_id,200,replica_id,1,number_pending_tokens,0
cur_request_id,200,replica_id,2,number_pending_tokens,647
cur_request_id,200,replica_id,3,number_pending_tokens,0
cur_request_id,200,replica_id,4,number_pending_tokens,337
cur_request_id,210,replica_id,0,number_pending_tokens,0
cur_request_id,210,replica_id,1,number_pending_tokens,0
cur_request_id,210,replica_id,2,number_pending_tokens,0
cur_request_id,210,replica_id,3,number_pending_tokens,117
cur_request_id,210,replica_id,4,number_pending_tokens,0
cur_request_id,220,replica_id,0,number_pending_tokens,0
cur_request_id,220,replica_id,1,number_pending_tokens,0
cur_request_id,220,replica_id,2,number_pending_tokens,89
cur_request_id,220,replica_id,3,number_pending_tokens,0
cur_request_id,220,replica_id,4,number_pending_tokens,0
cur_request_id,230,replica_id,0,number_pending_tokens,0
cur_request_id,230,replica_id,1,number_pending_tokens,0
cur_request_id,230,replica_id,2,number_pending_tokens,9
cur_request_id,230,replica_id,3,number_pending_tokens,0
cur_request_id,230,replica_id,4,number_pending_tokens,0
cur_request_id,240,replica_id,0,number_pending_tokens,0
cur_request_id,240,replica_id,1,number_pending_tokens,0
cur_request_id,240,replica_id,2,number_pending_tokens,45
cur_request_id,240,replica_id,3,number_pending_tokens,0
cur_request_id,240,replica_id,4,number_pending_tokens,570
cur_request_id,250,replica_id,0,number_pending_tokens,0
cur_request_id,250,replica_id,1,number_pending_tokens,10882
cur_request_id,250,replica_id,2,number_pending_tokens,0
cur_request_id,250,replica_id,3,number_pending_tokens,0
cur_request_id,250,replica_id,4,number_pending_tokens,0
cur_request_id,260,replica_id,0,number_pending_tokens,0
cur_request_id,260,replica_id,1,number_pending_tokens,0
cur_request_id,260,replica_id,2,number_pending_tokens,9
cur_request_id,260,replica_id,3,number_pending_tokens,0
cur_request_id,260,replica_id,4,number_pending_tokens,0
cur_request_id,270,replica_id,0,number_pending_tokens,0
cur_request_id,270,replica_id,1,number_pending_tokens,0
cur_request_id,270,replica_id,2,number_pending_tokens,0
cur_request_id,270,replica_id,3,number_pending_tokens,0
cur_request_id,270,replica_id,4,number_pending_tokens,0
cur_request_id,280,replica_id,0,number_pending_tokens,0
cur_request_id,280,replica_id,1,number_pending_tokens,0
cur_request_id,280,replica_id,2,number_pending_tokens,0
cur_request_id,280,replica_id,3,number_pending_tokens,66
cur_request_id,280,replica_id,4,number_pending_tokens,0
cur_request_id,290,replica_id,0,number_pending_tokens,0
cur_request_id,290,replica_id,1,number_pending_tokens,0
cur_request_id,290,replica_id,2,number_pending_tokens,0
cur_request_id,290,replica_id,3,number_pending_tokens,37
cur_request_id,290,replica_id,4,number_pending_tokens,0
cur_request_id,300,replica_id,0,number_pending_tokens,0
cur_request_id,300,replica_id,1,number_pending_tokens,0
cur_request_id,300,replica_id,2,number_pending_tokens,0
cur_request_id,300,replica_id,3,number_pending_tokens,52
cur_request_id,300,replica_id,4,number_pending_tokens,0
cur_request_id,310,replica_id,0,number_pending_tokens,0
cur_request_id,310,replica_id,1,number_pending_tokens,0
cur_request_id,310,replica_id,2,number_pending_tokens,0
cur_request_id,310,replica_id,3,number_pending_tokens,72
cur_request_id,310,replica_id,4,number_pending_tokens,5768
cur_request_id,320,replica_id,0,number_pending_tokens,0
cur_request_id,320,replica_id,1,number_pending_tokens,0
cur_request_id,320,replica_id,2,number_pending_tokens,92
cur_request_id,320,replica_id,3,number_pending_tokens,87
cur_request_id,320,replica_id,4,number_pending_tokens,0
cur_request_id,330,replica_id,0,number_pending_tokens,36
cur_request_id,330,replica_id,1,number_pending_tokens,0
cur_request_id,330,replica_id,2,number_pending_tokens,0
cur_request_id,330,replica_id,3,number_pending_tokens,239
cur_request_id,330,replica_id,4,number_pending_tokens,0
cur_request_id,340,replica_id,0,number_pending_tokens,29
cur_request_id,340,replica_id,1,number_pending_tokens,0
cur_request_id,340,replica_id,2,number_pending_tokens,0
cur_request_id,340,replica_id,3,number_pending_tokens,0
cur_request_id,340,replica_id,4,number_pending_tokens,0
cur_request_id,350,replica_id,0,number_pending_tokens,0
cur_request_id,350,replica_id,1,number_pending_tokens,0
cur_request_id,350,replica_id,2,number_pending_tokens,0
cur_request_id,350,replica_id,3,number_pending_tokens,120
cur_request_id,350,replica_id,4,number_pending_tokens,0
cur_request_id,360,replica_id,0,number_pending_tokens,0
cur_request_id,360,replica_id,1,number_pending_tokens,0
cur_request_id,360,replica_id,2,number_pending_tokens,0
cur_request_id,360,replica_id,3,number_pending_tokens,56
cur_request_id,360,replica_id,4,number_pending_tokens,0
cur_request_id,370,replica_id,0,number_pending_tokens,0
cur_request_id,370,replica_id,1,number_pending_tokens,0
cur_request_id,370,replica_id,2,number_pending_tokens,0
cur_request_id,370,replica_id,3,number_pending_tokens,0
cur_request_id,370,replica_id,4,number_pending_tokens,132
cur_request_id,380,replica_id,0,number_pending_tokens,0
cur_request_id,380,replica_id,1,number_pending_tokens,0
cur_request_id,380,replica_id,2,number_pending_tokens,0
cur_request_id,380,replica_id,3,number_pending_tokens,17
cur_request_id,380,replica_id,4,number_pending_tokens,0
cur_request_id,390,replica_id,0,number_pending_tokens,0
cur_request_id,390,replica_id,1,number_pending_tokens,0
cur_request_id,390,replica_id,2,number_pending_tokens,0
cur_request_id,390,replica_id,3,number_pending_tokens,25
cur_request_id,390,replica_id,4,number_pending_tokens,0
cur_request_id,400,replica_id,0,number_pending_tokens,0
cur_request_id,400,replica_id,1,number_pending_tokens,0
cur_request_id,400,replica_id,2,number_pending_tokens,335
cur_request_id,400,replica_id,3,number_pending_tokens,139
cur_request_id,400,replica_id,4,number_pending_tokens,0
cur_request_id,410,replica_id,0,number_pending_tokens,0
cur_request_id,410,replica_id,1,number_pending_tokens,0
cur_request_id,410,replica_id,2,number_pending_tokens,0
cur_request_id,410,replica_id,3,number_pending_tokens,53
cur_request_id,410,replica_id,4,number_pending_tokens,0
cur_request_id,420,replica_id,0,number_pending_tokens,1392
cur_request_id,420,replica_id,1,number_pending_tokens,0
cur_request_id,420,replica_id,2,number_pending_tokens,0
cur_request_id,420,replica_id,3,number_pending_tokens,384
cur_request_id,420,replica_id,4,number_pending_tokens,0
cur_request_id,430,replica_id,0,number_pending_tokens,0
cur_request_id,430,replica_id,1,number_pending_tokens,0
cur_request_id,430,replica_id,2,number_pending_tokens,13
cur_request_id,430,replica_id,3,number_pending_tokens,848
cur_request_id,430,replica_id,4,number_pending_tokens,0
cur_request_id,440,replica_id,0,number_pending_tokens,0
cur_request_id,440,replica_id,1,number_pending_tokens,0
cur_request_id,440,replica_id,2,number_pending_tokens,0
cur_request_id,440,replica_id,3,number_pending_tokens,0
cur_request_id,440,replica_id,4,number_pending_tokens,0
cur_request_id,450,replica_id,0,number_pending_tokens,0
cur_request_id,450,replica_id,1,number_pending_tokens,0
cur_request_id,450,replica_id,2,number_pending_tokens,0
cur_request_id,450,replica_id,3,number_pending_tokens,0
cur_request_id,450,replica_id,4,number_pending_tokens,112
cur_request_id,460,replica_id,0,number_pending_tokens,0
cur_request_id,460,replica_id,1,number_pending_tokens,0
cur_request_id,460,replica_id,2,number_pending_tokens,0
cur_request_id,460,replica_id,3,number_pending_tokens,0
cur_request_id,460,replica_id,4,number_pending_tokens,0
cur_request_id,470,replica_id,0,number_pending_tokens,0
cur_request_id,470,replica_id,1,number_pending_tokens,0
cur_request_id,470,replica_id,2,number_pending_tokens,0
cur_request_id,470,replica_id,3,number_pending_tokens,0
cur_request_id,470,replica_id,4,number_pending_tokens,0
cur_request_id,480,replica_id,0,number_pending_tokens,0
cur_request_id,480,replica_id,1,number_pending_tokens,0
cur_request_id,480,replica_id,2,number_pending_tokens,0
cur_request_id,480,replica_id,3,number_pending_tokens,0
cur_request_id,480,replica_id,4,number_pending_tokens,264
cur_request_id,490,replica_id,0,number_pending_tokens,0
cur_request_id,490,replica_id,1,number_pending_tokens,0
cur_request_id,490,replica_id,2,number_pending_tokens,0
cur_request_id,490,replica_id,3,number_pending_tokens,89
cur_request_id,490,replica_id,4,number_pending_tokens,0
