cur_request_id,0,replica_id,0,number_pending_tokens,0
cur_request_id,0,replica_id,1,number_pending_tokens,0
cur_request_id,0,replica_id,2,number_pending_tokens,0
cur_request_id,0,replica_id,3,number_pending_tokens,0
cur_request_id,0,replica_id,4,number_pending_tokens,0
cur_request_id,10,replica_id,0,number_pending_tokens,568
cur_request_id,10,replica_id,1,number_pending_tokens,0
cur_request_id,10,replica_id,2,number_pending_tokens,14
cur_request_id,10,replica_id,3,number_pending_tokens,299
cur_request_id,10,replica_id,4,number_pending_tokens,0
cur_request_id,20,replica_id,0,number_pending_tokens,39
cur_request_id,20,replica_id,1,number_pending_tokens,0
cur_request_id,20,replica_id,2,number_pending_tokens,61
cur_request_id,20,replica_id,3,number_pending_tokens,35
cur_request_id,20,replica_id,4,number_pending_tokens,0
cur_request_id,30,replica_id,0,number_pending_tokens,0
cur_request_id,30,replica_id,1,number_pending_tokens,0
cur_request_id,30,replica_id,2,number_pending_tokens,44
cur_request_id,30,replica_id,3,number_pending_tokens,506
cur_request_id,30,replica_id,4,number_pending_tokens,10
cur_request_id,40,replica_id,0,number_pending_tokens,0
cur_request_id,40,replica_id,1,number_pending_tokens,0
cur_request_id,40,replica_id,2,number_pending_tokens,12
cur_request_id,40,replica_id,3,number_pending_tokens,715
cur_request_id,40,replica_id,4,number_pending_tokens,45
cur_request_id,50,replica_id,0,number_pending_tokens,0
cur_request_id,50,replica_id,1,number_pending_tokens,0
cur_request_id,50,replica_id,2,number_pending_tokens,222
cur_request_id,50,replica_id,3,number_pending_tokens,16
cur_request_id,50,replica_id,4,number_pending_tokens,0
cur_request_id,60,replica_id,0,number_pending_tokens,268
cur_request_id,60,replica_id,1,number_pending_tokens,0
cur_request_id,60,replica_id,2,number_pending_tokens,287
cur_request_id,60,replica_id,3,number_pending_tokens,0
cur_request_id,60,replica_id,4,number_pending_tokens,0
cur_request_id,70,replica_id,0,number_pending_tokens,19
cur_request_id,70,replica_id,1,number_pending_tokens,0
cur_request_id,70,replica_id,2,number_pending_tokens,28
cur_request_id,70,replica_id,3,number_pending_tokens,67
cur_request_id,70,replica_id,4,number_pending_tokens,515
cur_request_id,80,replica_id,0,number_pending_tokens,0
cur_request_id,80,replica_id,1,number_pending_tokens,0
cur_request_id,80,replica_id,2,number_pending_tokens,106
cur_request_id,80,replica_id,3,number_pending_tokens,399
cur_request_id,80,replica_id,4,number_pending_tokens,111
cur_request_id,90,replica_id,0,number_pending_tokens,0
cur_request_id,90,replica_id,1,number_pending_tokens,0
cur_request_id,90,replica_id,2,number_pending_tokens,365
cur_request_id,90,replica_id,3,number_pending_tokens,124
cur_request_id,90,replica_id,4,number_pending_tokens,347
cur_request_id,100,replica_id,0,number_pending_tokens,0
cur_request_id,100,replica_id,1,number_pending_tokens,72
cur_request_id,100,replica_id,2,number_pending_tokens,2325
cur_request_id,100,replica_id,3,number_pending_tokens,87
cur_request_id,100,replica_id,4,number_pending_tokens,32
cur_request_id,110,replica_id,0,number_pending_tokens,0
cur_request_id,110,replica_id,1,number_pending_tokens,86
cur_request_id,110,replica_id,2,number_pending_tokens,420
cur_request_id,110,replica_id,3,number_pending_tokens,279
cur_request_id,110,replica_id,4,number_pending_tokens,0
cur_request_id,120,replica_id,0,number_pending_tokens,0
cur_request_id,120,replica_id,1,number_pending_tokens,0
cur_request_id,120,replica_id,2,number_pending_tokens,0
cur_request_id,120,replica_id,3,number_pending_tokens,83
cur_request_id,120,replica_id,4,number_pending_tokens,680
cur_request_id,130,replica_id,0,number_pending_tokens,0
cur_request_id,130,replica_id,1,number_pending_tokens,0
cur_request_id,130,replica_id,2,number_pending_tokens,370
cur_request_id,130,replica_id,3,number_pending_tokens,424
cur_request_id,130,replica_id,4,number_pending_tokens,287
cur_request_id,140,replica_id,0,number_pending_tokens,21
cur_request_id,140,replica_id,1,number_pending_tokens,34
cur_request_id,140,replica_id,2,number_pending_tokens,233
cur_request_id,140,replica_id,3,number_pending_tokens,110
cur_request_id,140,replica_id,4,number_pending_tokens,23
cur_request_id,150,replica_id,0,number_pending_tokens,0
cur_request_id,150,replica_id,1,number_pending_tokens,0
cur_request_id,150,replica_id,2,number_pending_tokens,97
cur_request_id,150,replica_id,3,number_pending_tokens,333
cur_request_id,150,replica_id,4,number_pending_tokens,0
cur_request_id,160,replica_id,0,number_pending_tokens,0
cur_request_id,160,replica_id,1,number_pending_tokens,0
cur_request_id,160,replica_id,2,number_pending_tokens,85
cur_request_id,160,replica_id,3,number_pending_tokens,41
cur_request_id,160,replica_id,4,number_pending_tokens,141
cur_request_id,170,replica_id,0,number_pending_tokens,46
cur_request_id,170,replica_id,1,number_pending_tokens,368
cur_request_id,170,replica_id,2,number_pending_tokens,0
cur_request_id,170,replica_id,3,number_pending_tokens,252
cur_request_id,170,replica_id,4,number_pending_tokens,0
cur_request_id,180,replica_id,0,number_pending_tokens,16
cur_request_id,180,replica_id,1,number_pending_tokens,0
cur_request_id,180,replica_id,2,number_pending_tokens,0
cur_request_id,180,replica_id,3,number_pending_tokens,193
cur_request_id,180,replica_id,4,number_pending_tokens,579
cur_request_id,190,replica_id,0,number_pending_tokens,0
cur_request_id,190,replica_id,1,number_pending_tokens,0
cur_request_id,190,replica_id,2,number_pending_tokens,346
cur_request_id,190,replica_id,3,number_pending_tokens,44
cur_request_id,190,replica_id,4,number_pending_tokens,0
cur_request_id,200,replica_id,0,number_pending_tokens,0
cur_request_id,200,replica_id,1,number_pending_tokens,0
cur_request_id,200,replica_id,2,number_pending_tokens,784
cur_request_id,200,replica_id,3,number_pending_tokens,337
cur_request_id,200,replica_id,4,number_pending_tokens,0
cur_request_id,210,replica_id,0,number_pending_tokens,38
cur_request_id,210,replica_id,1,number_pending_tokens,0
cur_request_id,210,replica_id,2,number_pending_tokens,135
cur_request_id,210,replica_id,3,number_pending_tokens,0
cur_request_id,210,replica_id,4,number_pending_tokens,15
cur_request_id,220,replica_id,0,number_pending_tokens,0
cur_request_id,220,replica_id,1,number_pending_tokens,0
cur_request_id,220,replica_id,2,number_pending_tokens,0
cur_request_id,220,replica_id,3,number_pending_tokens,109
cur_request_id,220,replica_id,4,number_pending_tokens,18
cur_request_id,230,replica_id,0,number_pending_tokens,0
cur_request_id,230,replica_id,1,number_pending_tokens,0
cur_request_id,230,replica_id,2,number_pending_tokens,24
cur_request_id,230,replica_id,3,number_pending_tokens,28
cur_request_id,230,replica_id,4,number_pending_tokens,9
cur_request_id,240,replica_id,0,number_pending_tokens,45
cur_request_id,240,replica_id,1,number_pending_tokens,0
cur_request_id,240,replica_id,2,number_pending_tokens,0
cur_request_id,240,replica_id,3,number_pending_tokens,1016
cur_request_id,240,replica_id,4,number_pending_tokens,570
cur_request_id,250,replica_id,0,number_pending_tokens,36
cur_request_id,250,replica_id,1,number_pending_tokens,0
cur_request_id,250,replica_id,2,number_pending_tokens,0
cur_request_id,250,replica_id,3,number_pending_tokens,86
cur_request_id,250,replica_id,4,number_pending_tokens,10846
cur_request_id,260,replica_id,0,number_pending_tokens,9
cur_request_id,260,replica_id,1,number_pending_tokens,0
cur_request_id,260,replica_id,2,number_pending_tokens,1071
cur_request_id,260,replica_id,3,number_pending_tokens,25
cur_request_id,260,replica_id,4,number_pending_tokens,11142
cur_request_id,270,replica_id,0,number_pending_tokens,151
cur_request_id,270,replica_id,1,number_pending_tokens,0
cur_request_id,270,replica_id,2,number_pending_tokens,0
cur_request_id,270,replica_id,3,number_pending_tokens,34
cur_request_id,270,replica_id,4,number_pending_tokens,126
cur_request_id,280,replica_id,0,number_pending_tokens,0
cur_request_id,280,replica_id,1,number_pending_tokens,15
cur_request_id,280,replica_id,2,number_pending_tokens,532
cur_request_id,280,replica_id,3,number_pending_tokens,2461
cur_request_id,280,replica_id,4,number_pending_tokens,0
cur_request_id,290,replica_id,0,number_pending_tokens,0
cur_request_id,290,replica_id,1,number_pending_tokens,0
cur_request_id,290,replica_id,2,number_pending_tokens,37
cur_request_id,290,replica_id,3,number_pending_tokens,13
cur_request_id,290,replica_id,4,number_pending_tokens,41
cur_request_id,300,replica_id,0,number_pending_tokens,0
cur_request_id,300,replica_id,1,number_pending_tokens,0
cur_request_id,300,replica_id,2,number_pending_tokens,190
cur_request_id,300,replica_id,3,number_pending_tokens,32
cur_request_id,300,replica_id,4,number_pending_tokens,0
cur_request_id,310,replica_id,0,number_pending_tokens,0
cur_request_id,310,replica_id,1,number_pending_tokens,0
cur_request_id,310,replica_id,2,number_pending_tokens,0
cur_request_id,310,replica_id,3,number_pending_tokens,72
cur_request_id,310,replica_id,4,number_pending_tokens,5768
cur_request_id,320,replica_id,0,number_pending_tokens,87
cur_request_id,320,replica_id,1,number_pending_tokens,0
cur_request_id,320,replica_id,2,number_pending_tokens,19
cur_request_id,320,replica_id,3,number_pending_tokens,92
cur_request_id,320,replica_id,4,number_pending_tokens,0
cur_request_id,330,replica_id,0,number_pending_tokens,0
cur_request_id,330,replica_id,1,number_pending_tokens,0
cur_request_id,330,replica_id,2,number_pending_tokens,0
cur_request_id,330,replica_id,3,number_pending_tokens,412
cur_request_id,330,replica_id,4,number_pending_tokens,0
cur_request_id,340,replica_id,0,number_pending_tokens,29
cur_request_id,340,replica_id,1,number_pending_tokens,0
cur_request_id,340,replica_id,2,number_pending_tokens,0
cur_request_id,340,replica_id,3,number_pending_tokens,152
cur_request_id,340,replica_id,4,number_pending_tokens,0
cur_request_id,350,replica_id,0,number_pending_tokens,405
cur_request_id,350,replica_id,1,number_pending_tokens,0
cur_request_id,350,replica_id,2,number_pending_tokens,159
cur_request_id,350,replica_id,3,number_pending_tokens,87
cur_request_id,350,replica_id,4,number_pending_tokens,0
cur_request_id,360,replica_id,0,number_pending_tokens,49
cur_request_id,360,replica_id,1,number_pending_tokens,0
cur_request_id,360,replica_id,2,number_pending_tokens,0
cur_request_id,360,replica_id,3,number_pending_tokens,56
cur_request_id,360,replica_id,4,number_pending_tokens,18
cur_request_id,370,replica_id,0,number_pending_tokens,68
cur_request_id,370,replica_id,1,number_pending_tokens,132
cur_request_id,370,replica_id,2,number_pending_tokens,0
cur_request_id,370,replica_id,3,number_pending_tokens,190
cur_request_id,370,replica_id,4,number_pending_tokens,0
cur_request_id,380,replica_id,0,number_pending_tokens,0
cur_request_id,380,replica_id,1,number_pending_tokens,0
cur_request_id,380,replica_id,2,number_pending_tokens,194
cur_request_id,380,replica_id,3,number_pending_tokens,114
cur_request_id,380,replica_id,4,number_pending_tokens,0
cur_request_id,390,replica_id,0,number_pending_tokens,0
cur_request_id,390,replica_id,1,number_pending_tokens,0
cur_request_id,390,replica_id,2,number_pending_tokens,0
cur_request_id,390,replica_id,3,number_pending_tokens,0
cur_request_id,390,replica_id,4,number_pending_tokens,18
cur_request_id,400,replica_id,0,number_pending_tokens,335
cur_request_id,400,replica_id,1,number_pending_tokens,0
cur_request_id,400,replica_id,2,number_pending_tokens,637
cur_request_id,400,replica_id,3,number_pending_tokens,0
cur_request_id,400,replica_id,4,number_pending_tokens,0
cur_request_id,410,replica_id,0,number_pending_tokens,0
cur_request_id,410,replica_id,1,number_pending_tokens,0
cur_request_id,410,replica_id,2,number_pending_tokens,53
cur_request_id,410,replica_id,3,number_pending_tokens,213
cur_request_id,410,replica_id,4,number_pending_tokens,10
cur_request_id,420,replica_id,0,number_pending_tokens,0
cur_request_id,420,replica_id,1,number_pending_tokens,0
cur_request_id,420,replica_id,2,number_pending_tokens,1776
cur_request_id,420,replica_id,3,number_pending_tokens,0
cur_request_id,420,replica_id,4,number_pending_tokens,0
cur_request_id,430,replica_id,0,number_pending_tokens,848
cur_request_id,430,replica_id,1,number_pending_tokens,0
cur_request_id,430,replica_id,2,number_pending_tokens,13
cur_request_id,430,replica_id,3,number_pending_tokens,0
cur_request_id,430,replica_id,4,number_pending_tokens,35
cur_request_id,440,replica_id,0,number_pending_tokens,0
cur_request_id,440,replica_id,1,number_pending_tokens,0
cur_request_id,440,replica_id,2,number_pending_tokens,34
cur_request_id,440,replica_id,3,number_pending_tokens,90
cur_request_id,440,replica_id,4,number_pending_tokens,0
cur_request_id,450,replica_id,0,number_pending_tokens,0
cur_request_id,450,replica_id,1,number_pending_tokens,0
cur_request_id,450,replica_id,2,number_pending_tokens,112
cur_request_id,450,replica_id,3,number_pending_tokens,30
cur_request_id,450,replica_id,4,number_pending_tokens,0
cur_request_id,460,replica_id,0,number_pending_tokens,0
cur_request_id,460,replica_id,1,number_pending_tokens,0
cur_request_id,460,replica_id,2,number_pending_tokens,0
cur_request_id,460,replica_id,3,number_pending_tokens,303
cur_request_id,460,replica_id,4,number_pending_tokens,165
cur_request_id,470,replica_id,0,number_pending_tokens,0
cur_request_id,470,replica_id,1,number_pending_tokens,0
cur_request_id,470,replica_id,2,number_pending_tokens,56
cur_request_id,470,replica_id,3,number_pending_tokens,0
cur_request_id,470,replica_id,4,number_pending_tokens,0
cur_request_id,480,replica_id,0,number_pending_tokens,0
cur_request_id,480,replica_id,1,number_pending_tokens,0
cur_request_id,480,replica_id,2,number_pending_tokens,467
cur_request_id,480,replica_id,3,number_pending_tokens,499
cur_request_id,480,replica_id,4,number_pending_tokens,264
cur_request_id,490,replica_id,0,number_pending_tokens,0
cur_request_id,490,replica_id,1,number_pending_tokens,89
cur_request_id,490,replica_id,2,number_pending_tokens,0
cur_request_id,490,replica_id,3,number_pending_tokens,305
cur_request_id,490,replica_id,4,number_pending_tokens,0
