cur_request_id,0,replica_id,0,number_input_tokens,0
cur_request_id,0,replica_id,1,number_input_tokens,0
cur_request_id,0,replica_id,2,number_input_tokens,0
cur_request_id,0,replica_id,3,number_input_tokens,0
cur_request_id,0,replica_id,4,number_input_tokens,0
cur_request_id,10,replica_id,0,number_input_tokens,351
cur_request_id,10,replica_id,1,number_input_tokens,349
cur_request_id,10,replica_id,2,number_input_tokens,383
cur_request_id,10,replica_id,3,number_input_tokens,839
cur_request_id,10,replica_id,4,number_input_tokens,353
cur_request_id,20,replica_id,0,number_input_tokens,6896
cur_request_id,20,replica_id,1,number_input_tokens,495
cur_request_id,20,replica_id,2,number_input_tokens,537
cur_request_id,20,replica_id,3,number_input_tokens,839
cur_request_id,20,replica_id,4,number_input_tokens,1864
cur_request_id,30,replica_id,0,number_input_tokens,8696
cur_request_id,30,replica_id,1,number_input_tokens,0
cur_request_id,30,replica_id,2,number_input_tokens,1234
cur_request_id,30,replica_id,3,number_input_tokens,1597
cur_request_id,30,replica_id,4,number_input_tokens,2680
cur_request_id,40,replica_id,0,number_input_tokens,8462
cur_request_id,40,replica_id,1,number_input_tokens,166
cur_request_id,40,replica_id,2,number_input_tokens,1872
cur_request_id,40,replica_id,3,number_input_tokens,1893
cur_request_id,40,replica_id,4,number_input_tokens,3763
cur_request_id,50,replica_id,0,number_input_tokens,8953
cur_request_id,50,replica_id,1,number_input_tokens,312
cur_request_id,50,replica_id,2,number_input_tokens,1636
cur_request_id,50,replica_id,3,number_input_tokens,2042
cur_request_id,50,replica_id,4,number_input_tokens,5196
cur_request_id,60,replica_id,0,number_input_tokens,6388
cur_request_id,60,replica_id,1,number_input_tokens,295
cur_request_id,60,replica_id,2,number_input_tokens,1790
cur_request_id,60,replica_id,3,number_input_tokens,1501
cur_request_id,60,replica_id,4,number_input_tokens,6070
cur_request_id,70,replica_id,0,number_input_tokens,158
cur_request_id,70,replica_id,1,number_input_tokens,664
cur_request_id,70,replica_id,2,number_input_tokens,1391
cur_request_id,70,replica_id,3,number_input_tokens,759
cur_request_id,70,replica_id,4,number_input_tokens,4272
cur_request_id,80,replica_id,0,number_input_tokens,846
cur_request_id,80,replica_id,1,number_input_tokens,838
cur_request_id,80,replica_id,2,number_input_tokens,632
cur_request_id,80,replica_id,3,number_input_tokens,776
cur_request_id,80,replica_id,4,number_input_tokens,1563
cur_request_id,90,replica_id,0,number_input_tokens,1386
cur_request_id,90,replica_id,1,number_input_tokens,322
cur_request_id,90,replica_id,2,number_input_tokens,764
cur_request_id,90,replica_id,3,number_input_tokens,918
cur_request_id,90,replica_id,4,number_input_tokens,1576
cur_request_id,100,replica_id,0,number_input_tokens,698
cur_request_id,100,replica_id,1,number_input_tokens,314
cur_request_id,100,replica_id,2,number_input_tokens,764
cur_request_id,100,replica_id,3,number_input_tokens,620
cur_request_id,100,replica_id,4,number_input_tokens,3154
cur_request_id,110,replica_id,0,number_input_tokens,512
cur_request_id,110,replica_id,1,number_input_tokens,502
cur_request_id,110,replica_id,2,number_input_tokens,608
cur_request_id,110,replica_id,3,number_input_tokens,592
cur_request_id,110,replica_id,4,number_input_tokens,3703
cur_request_id,120,replica_id,0,number_input_tokens,158
cur_request_id,120,replica_id,1,number_input_tokens,190
cur_request_id,120,replica_id,2,number_input_tokens,320
cur_request_id,120,replica_id,3,number_input_tokens,2636
cur_request_id,120,replica_id,4,number_input_tokens,1940
cur_request_id,130,replica_id,0,number_input_tokens,704
cur_request_id,130,replica_id,1,number_input_tokens,169
cur_request_id,130,replica_id,2,number_input_tokens,1023
cur_request_id,130,replica_id,3,number_input_tokens,2652
cur_request_id,130,replica_id,4,number_input_tokens,1286
cur_request_id,140,replica_id,0,number_input_tokens,2111
cur_request_id,140,replica_id,1,number_input_tokens,0
cur_request_id,140,replica_id,2,number_input_tokens,861
cur_request_id,140,replica_id,3,number_input_tokens,1779
cur_request_id,140,replica_id,4,number_input_tokens,383
cur_request_id,150,replica_id,0,number_input_tokens,1648
cur_request_id,150,replica_id,1,number_input_tokens,0
cur_request_id,150,replica_id,2,number_input_tokens,158
cur_request_id,150,replica_id,3,number_input_tokens,1775
cur_request_id,150,replica_id,4,number_input_tokens,1045
cur_request_id,160,replica_id,0,number_input_tokens,1745
cur_request_id,160,replica_id,1,number_input_tokens,160
cur_request_id,160,replica_id,2,number_input_tokens,148
cur_request_id,160,replica_id,3,number_input_tokens,1619
cur_request_id,160,replica_id,4,number_input_tokens,502
cur_request_id,170,replica_id,0,number_input_tokens,642
cur_request_id,170,replica_id,1,number_input_tokens,154
cur_request_id,170,replica_id,2,number_input_tokens,152
cur_request_id,170,replica_id,3,number_input_tokens,1619
cur_request_id,170,replica_id,4,number_input_tokens,1787
cur_request_id,180,replica_id,0,number_input_tokens,0
cur_request_id,180,replica_id,1,number_input_tokens,0
cur_request_id,180,replica_id,2,number_input_tokens,160
cur_request_id,180,replica_id,3,number_input_tokens,144
cur_request_id,180,replica_id,4,number_input_tokens,3674
cur_request_id,190,replica_id,0,number_input_tokens,152
cur_request_id,190,replica_id,1,number_input_tokens,0
cur_request_id,190,replica_id,2,number_input_tokens,148
cur_request_id,190,replica_id,3,number_input_tokens,0
cur_request_id,190,replica_id,4,number_input_tokens,1790
cur_request_id,200,replica_id,0,number_input_tokens,300
cur_request_id,200,replica_id,1,number_input_tokens,150
cur_request_id,200,replica_id,2,number_input_tokens,148
cur_request_id,200,replica_id,3,number_input_tokens,346
cur_request_id,200,replica_id,4,number_input_tokens,498
cur_request_id,210,replica_id,0,number_input_tokens,696
cur_request_id,210,replica_id,1,number_input_tokens,0
cur_request_id,210,replica_id,2,number_input_tokens,136
cur_request_id,210,replica_id,3,number_input_tokens,293
cur_request_id,210,replica_id,4,number_input_tokens,1790
cur_request_id,220,replica_id,0,number_input_tokens,3582
cur_request_id,220,replica_id,1,number_input_tokens,0
cur_request_id,220,replica_id,2,number_input_tokens,0
cur_request_id,220,replica_id,3,number_input_tokens,158
cur_request_id,220,replica_id,4,number_input_tokens,0
cur_request_id,230,replica_id,0,number_input_tokens,525
cur_request_id,230,replica_id,1,number_input_tokens,388
cur_request_id,230,replica_id,2,number_input_tokens,338
cur_request_id,230,replica_id,3,number_input_tokens,324
cur_request_id,230,replica_id,4,number_input_tokens,1084
cur_request_id,240,replica_id,0,number_input_tokens,0
cur_request_id,240,replica_id,1,number_input_tokens,343
cur_request_id,240,replica_id,2,number_input_tokens,416
cur_request_id,240,replica_id,3,number_input_tokens,0
cur_request_id,240,replica_id,4,number_input_tokens,1991
cur_request_id,250,replica_id,0,number_input_tokens,0
cur_request_id,250,replica_id,1,number_input_tokens,595
cur_request_id,250,replica_id,2,number_input_tokens,520
cur_request_id,250,replica_id,3,number_input_tokens,0
cur_request_id,250,replica_id,4,number_input_tokens,1252
cur_request_id,260,replica_id,0,number_input_tokens,314
cur_request_id,260,replica_id,1,number_input_tokens,164
cur_request_id,260,replica_id,2,number_input_tokens,519
cur_request_id,260,replica_id,3,number_input_tokens,0
cur_request_id,260,replica_id,4,number_input_tokens,1056
cur_request_id,270,replica_id,0,number_input_tokens,1137
cur_request_id,270,replica_id,1,number_input_tokens,910
cur_request_id,270,replica_id,2,number_input_tokens,1753
cur_request_id,270,replica_id,3,number_input_tokens,1422
cur_request_id,270,replica_id,4,number_input_tokens,1654
cur_request_id,280,replica_id,0,number_input_tokens,813
cur_request_id,280,replica_id,1,number_input_tokens,616
cur_request_id,280,replica_id,2,number_input_tokens,1481
cur_request_id,280,replica_id,3,number_input_tokens,1792
cur_request_id,280,replica_id,4,number_input_tokens,1674
cur_request_id,290,replica_id,0,number_input_tokens,156
cur_request_id,290,replica_id,1,number_input_tokens,518
cur_request_id,290,replica_id,2,number_input_tokens,2585
cur_request_id,290,replica_id,3,number_input_tokens,1296
cur_request_id,290,replica_id,4,number_input_tokens,3032
cur_request_id,300,replica_id,0,number_input_tokens,182
cur_request_id,300,replica_id,1,number_input_tokens,526
cur_request_id,300,replica_id,2,number_input_tokens,1951
cur_request_id,300,replica_id,3,number_input_tokens,686
cur_request_id,300,replica_id,4,number_input_tokens,4094
cur_request_id,310,replica_id,0,number_input_tokens,1257
cur_request_id,310,replica_id,1,number_input_tokens,887
cur_request_id,310,replica_id,2,number_input_tokens,2099
cur_request_id,310,replica_id,3,number_input_tokens,308
cur_request_id,310,replica_id,4,number_input_tokens,4425
cur_request_id,320,replica_id,0,number_input_tokens,1235
cur_request_id,320,replica_id,1,number_input_tokens,1242
cur_request_id,320,replica_id,2,number_input_tokens,983
cur_request_id,320,replica_id,3,number_input_tokens,490
cur_request_id,320,replica_id,4,number_input_tokens,4065
cur_request_id,330,replica_id,0,number_input_tokens,300
cur_request_id,330,replica_id,1,number_input_tokens,310
cur_request_id,330,replica_id,2,number_input_tokens,460
cur_request_id,330,replica_id,3,number_input_tokens,342
cur_request_id,330,replica_id,4,number_input_tokens,1918
cur_request_id,340,replica_id,0,number_input_tokens,156
cur_request_id,340,replica_id,1,number_input_tokens,146
cur_request_id,340,replica_id,2,number_input_tokens,164
cur_request_id,340,replica_id,3,number_input_tokens,312
cur_request_id,340,replica_id,4,number_input_tokens,154
cur_request_id,350,replica_id,0,number_input_tokens,154
cur_request_id,350,replica_id,1,number_input_tokens,158
cur_request_id,350,replica_id,2,number_input_tokens,440
cur_request_id,350,replica_id,3,number_input_tokens,474
cur_request_id,350,replica_id,4,number_input_tokens,0
cur_request_id,360,replica_id,0,number_input_tokens,336
cur_request_id,360,replica_id,1,number_input_tokens,172
cur_request_id,360,replica_id,2,number_input_tokens,340
cur_request_id,360,replica_id,3,number_input_tokens,517
cur_request_id,360,replica_id,4,number_input_tokens,147
cur_request_id,370,replica_id,0,number_input_tokens,787
cur_request_id,370,replica_id,1,number_input_tokens,320
cur_request_id,370,replica_id,2,number_input_tokens,156
cur_request_id,370,replica_id,3,number_input_tokens,0
cur_request_id,370,replica_id,4,number_input_tokens,160
cur_request_id,380,replica_id,0,number_input_tokens,771
cur_request_id,380,replica_id,1,number_input_tokens,0
cur_request_id,380,replica_id,2,number_input_tokens,156
cur_request_id,380,replica_id,3,number_input_tokens,330
cur_request_id,380,replica_id,4,number_input_tokens,1129
cur_request_id,390,replica_id,0,number_input_tokens,0
cur_request_id,390,replica_id,1,number_input_tokens,154
cur_request_id,390,replica_id,2,number_input_tokens,320
cur_request_id,390,replica_id,3,number_input_tokens,166
cur_request_id,390,replica_id,4,number_input_tokens,0
cur_request_id,400,replica_id,0,number_input_tokens,0
cur_request_id,400,replica_id,1,number_input_tokens,300
cur_request_id,400,replica_id,2,number_input_tokens,338
cur_request_id,400,replica_id,3,number_input_tokens,638
cur_request_id,400,replica_id,4,number_input_tokens,154
cur_request_id,410,replica_id,0,number_input_tokens,0
cur_request_id,410,replica_id,1,number_input_tokens,154
cur_request_id,410,replica_id,2,number_input_tokens,306
cur_request_id,410,replica_id,3,number_input_tokens,152
cur_request_id,410,replica_id,4,number_input_tokens,0
cur_request_id,420,replica_id,0,number_input_tokens,0
cur_request_id,420,replica_id,1,number_input_tokens,4699
cur_request_id,420,replica_id,2,number_input_tokens,158
cur_request_id,420,replica_id,3,number_input_tokens,172
cur_request_id,420,replica_id,4,number_input_tokens,1202
cur_request_id,430,replica_id,0,number_input_tokens,1685
cur_request_id,430,replica_id,1,number_input_tokens,822
cur_request_id,430,replica_id,2,number_input_tokens,3797
cur_request_id,430,replica_id,3,number_input_tokens,1884
cur_request_id,430,replica_id,4,number_input_tokens,1610
cur_request_id,440,replica_id,0,number_input_tokens,1071
cur_request_id,440,replica_id,1,number_input_tokens,0
cur_request_id,440,replica_id,2,number_input_tokens,3372
cur_request_id,440,replica_id,3,number_input_tokens,2641
cur_request_id,440,replica_id,4,number_input_tokens,3503
cur_request_id,450,replica_id,0,number_input_tokens,5102
cur_request_id,450,replica_id,1,number_input_tokens,2463
cur_request_id,450,replica_id,2,number_input_tokens,3026
cur_request_id,450,replica_id,3,number_input_tokens,3080
cur_request_id,450,replica_id,4,number_input_tokens,3503
cur_request_id,460,replica_id,0,number_input_tokens,2245
cur_request_id,460,replica_id,1,number_input_tokens,4115
cur_request_id,460,replica_id,2,number_input_tokens,1537
cur_request_id,460,replica_id,3,number_input_tokens,0
cur_request_id,460,replica_id,4,number_input_tokens,0
cur_request_id,470,replica_id,0,number_input_tokens,9393
cur_request_id,470,replica_id,1,number_input_tokens,2014
cur_request_id,470,replica_id,2,number_input_tokens,1199
cur_request_id,470,replica_id,3,number_input_tokens,5945
cur_request_id,470,replica_id,4,number_input_tokens,0
cur_request_id,480,replica_id,0,number_input_tokens,14153
cur_request_id,480,replica_id,1,number_input_tokens,3329
cur_request_id,480,replica_id,2,number_input_tokens,424
cur_request_id,480,replica_id,3,number_input_tokens,5602
cur_request_id,480,replica_id,4,number_input_tokens,0
cur_request_id,490,replica_id,0,number_input_tokens,6574
cur_request_id,490,replica_id,1,number_input_tokens,1631
cur_request_id,490,replica_id,2,number_input_tokens,188
cur_request_id,490,replica_id,3,number_input_tokens,0
cur_request_id,490,replica_id,4,number_input_tokens,0
