cur_request_id,0,replica_id,0,number_pending_tokens,0
cur_request_id,0,replica_id,1,number_pending_tokens,0
cur_request_id,0,replica_id,2,number_pending_tokens,0
cur_request_id,0,replica_id,3,number_pending_tokens,0
cur_request_id,0,replica_id,4,number_pending_tokens,0
cur_request_id,10,replica_id,0,number_pending_tokens,0
cur_request_id,10,replica_id,1,number_pending_tokens,0
cur_request_id,10,replica_id,2,number_pending_tokens,491
cur_request_id,10,replica_id,3,number_pending_tokens,356
cur_request_id,10,replica_id,4,number_pending_tokens,0
cur_request_id,20,replica_id,0,number_pending_tokens,0
cur_request_id,20,replica_id,1,number_pending_tokens,0
cur_request_id,20,replica_id,2,number_pending_tokens,845
cur_request_id,20,replica_id,3,number_pending_tokens,3590
cur_request_id,20,replica_id,4,number_pending_tokens,2721
cur_request_id,30,replica_id,0,number_pending_tokens,0
cur_request_id,30,replica_id,1,number_pending_tokens,2474
cur_request_id,30,replica_id,2,number_pending_tokens,496
cur_request_id,30,replica_id,3,number_pending_tokens,3590
cur_request_id,30,replica_id,4,number_pending_tokens,3951
cur_request_id,40,replica_id,0,number_pending_tokens,146
cur_request_id,40,replica_id,1,number_pending_tokens,2624
cur_request_id,40,replica_id,2,number_pending_tokens,1012
cur_request_id,40,replica_id,3,number_pending_tokens,3728
cur_request_id,40,replica_id,4,number_pending_tokens,4661
cur_request_id,50,replica_id,0,number_pending_tokens,149
cur_request_id,50,replica_id,1,number_pending_tokens,1050
cur_request_id,50,replica_id,2,number_pending_tokens,658
cur_request_id,50,replica_id,3,number_pending_tokens,3877
cur_request_id,50,replica_id,4,number_pending_tokens,4446
cur_request_id,60,replica_id,0,number_pending_tokens,349
cur_request_id,60,replica_id,1,number_pending_tokens,0
cur_request_id,60,replica_id,2,number_pending_tokens,313
cur_request_id,60,replica_id,3,number_pending_tokens,4175
cur_request_id,60,replica_id,4,number_pending_tokens,1962
cur_request_id,70,replica_id,0,number_pending_tokens,507
cur_request_id,70,replica_id,1,number_pending_tokens,154
cur_request_id,70,replica_id,2,number_pending_tokens,467
cur_request_id,70,replica_id,3,number_pending_tokens,4175
cur_request_id,70,replica_id,4,number_pending_tokens,2472
cur_request_id,80,replica_id,0,number_pending_tokens,852
cur_request_id,80,replica_id,1,number_pending_tokens,324
cur_request_id,80,replica_id,2,number_pending_tokens,787
cur_request_id,80,replica_id,3,number_pending_tokens,608
cur_request_id,80,replica_id,4,number_pending_tokens,678
cur_request_id,90,replica_id,0,number_pending_tokens,669
cur_request_id,90,replica_id,1,number_pending_tokens,1205
cur_request_id,90,replica_id,2,number_pending_tokens,937
cur_request_id,90,replica_id,3,number_pending_tokens,750
cur_request_id,90,replica_id,4,number_pending_tokens,1230
cur_request_id,100,replica_id,0,number_pending_tokens,649
cur_request_id,100,replica_id,1,number_pending_tokens,1205
cur_request_id,100,replica_id,2,number_pending_tokens,1103
cur_request_id,100,replica_id,3,number_pending_tokens,594
cur_request_id,100,replica_id,4,number_pending_tokens,2454
cur_request_id,110,replica_id,0,number_pending_tokens,306
cur_request_id,110,replica_id,1,number_pending_tokens,158
cur_request_id,110,replica_id,2,number_pending_tokens,815
cur_request_id,110,replica_id,3,number_pending_tokens,908
cur_request_id,110,replica_id,4,number_pending_tokens,3684
cur_request_id,120,replica_id,0,number_pending_tokens,1823
cur_request_id,120,replica_id,1,number_pending_tokens,162
cur_request_id,120,replica_id,2,number_pending_tokens,703
cur_request_id,120,replica_id,3,number_pending_tokens,616
cur_request_id,120,replica_id,4,number_pending_tokens,2916
cur_request_id,130,replica_id,0,number_pending_tokens,2773
cur_request_id,130,replica_id,1,number_pending_tokens,704
cur_request_id,130,replica_id,2,number_pending_tokens,863
cur_request_id,130,replica_id,3,number_pending_tokens,497
cur_request_id,130,replica_id,4,number_pending_tokens,1191
cur_request_id,140,replica_id,0,number_pending_tokens,1300
cur_request_id,140,replica_id,1,number_pending_tokens,2852
cur_request_id,140,replica_id,2,number_pending_tokens,873
cur_request_id,140,replica_id,3,number_pending_tokens,327
cur_request_id,140,replica_id,4,number_pending_tokens,1031
cur_request_id,150,replica_id,0,number_pending_tokens,0
cur_request_id,150,replica_id,1,number_pending_tokens,1234
cur_request_id,150,replica_id,2,number_pending_tokens,336
cur_request_id,150,replica_id,3,number_pending_tokens,158
cur_request_id,150,replica_id,4,number_pending_tokens,1459
cur_request_id,160,replica_id,0,number_pending_tokens,160
cur_request_id,160,replica_id,1,number_pending_tokens,2097
cur_request_id,160,replica_id,2,number_pending_tokens,482
cur_request_id,160,replica_id,3,number_pending_tokens,148
cur_request_id,160,replica_id,4,number_pending_tokens,150
cur_request_id,170,replica_id,0,number_pending_tokens,142
cur_request_id,170,replica_id,1,number_pending_tokens,502
cur_request_id,170,replica_id,2,number_pending_tokens,152
cur_request_id,170,replica_id,3,number_pending_tokens,300
cur_request_id,170,replica_id,4,number_pending_tokens,1787
cur_request_id,180,replica_id,0,number_pending_tokens,144
cur_request_id,180,replica_id,1,number_pending_tokens,160
cur_request_id,180,replica_id,2,number_pending_tokens,0
cur_request_id,180,replica_id,3,number_pending_tokens,0
cur_request_id,180,replica_id,4,number_pending_tokens,3674
cur_request_id,190,replica_id,0,number_pending_tokens,148
cur_request_id,190,replica_id,1,number_pending_tokens,0
cur_request_id,190,replica_id,2,number_pending_tokens,0
cur_request_id,190,replica_id,3,number_pending_tokens,720
cur_request_id,190,replica_id,4,number_pending_tokens,1222
cur_request_id,200,replica_id,0,number_pending_tokens,150
cur_request_id,200,replica_id,1,number_pending_tokens,154
cur_request_id,200,replica_id,2,number_pending_tokens,0
cur_request_id,200,replica_id,3,number_pending_tokens,300
cur_request_id,200,replica_id,4,number_pending_tokens,690
cur_request_id,210,replica_id,0,number_pending_tokens,0
cur_request_id,210,replica_id,1,number_pending_tokens,345
cur_request_id,210,replica_id,2,number_pending_tokens,429
cur_request_id,210,replica_id,3,number_pending_tokens,152
cur_request_id,210,replica_id,4,number_pending_tokens,2141
cur_request_id,220,replica_id,0,number_pending_tokens,0
cur_request_id,220,replica_id,1,number_pending_tokens,0
cur_request_id,220,replica_id,2,number_pending_tokens,0
cur_request_id,220,replica_id,3,number_pending_tokens,2427
cur_request_id,220,replica_id,4,number_pending_tokens,1313
cur_request_id,230,replica_id,0,number_pending_tokens,152
cur_request_id,230,replica_id,1,number_pending_tokens,687
cur_request_id,230,replica_id,2,number_pending_tokens,0
cur_request_id,230,replica_id,3,number_pending_tokens,2363
cur_request_id,230,replica_id,4,number_pending_tokens,877
cur_request_id,240,replica_id,0,number_pending_tokens,0
cur_request_id,240,replica_id,1,number_pending_tokens,0
cur_request_id,240,replica_id,2,number_pending_tokens,2750
cur_request_id,240,replica_id,3,number_pending_tokens,943
cur_request_id,240,replica_id,4,number_pending_tokens,0
cur_request_id,250,replica_id,0,number_pending_tokens,0
cur_request_id,250,replica_id,1,number_pending_tokens,1849
cur_request_id,250,replica_id,2,number_pending_tokens,2769
cur_request_id,250,replica_id,3,number_pending_tokens,176
cur_request_id,250,replica_id,4,number_pending_tokens,0
cur_request_id,260,replica_id,0,number_pending_tokens,0
cur_request_id,260,replica_id,1,number_pending_tokens,519
cur_request_id,260,replica_id,2,number_pending_tokens,164
cur_request_id,260,replica_id,3,number_pending_tokens,314
cur_request_id,260,replica_id,4,number_pending_tokens,1056
cur_request_id,270,replica_id,0,number_pending_tokens,158
cur_request_id,270,replica_id,1,number_pending_tokens,156
cur_request_id,270,replica_id,2,number_pending_tokens,669
cur_request_id,270,replica_id,3,number_pending_tokens,430
cur_request_id,270,replica_id,4,number_pending_tokens,1028
cur_request_id,280,replica_id,0,number_pending_tokens,1190
cur_request_id,280,replica_id,1,number_pending_tokens,666
cur_request_id,280,replica_id,2,number_pending_tokens,1124
cur_request_id,280,replica_id,3,number_pending_tokens,668
cur_request_id,280,replica_id,4,number_pending_tokens,464
cur_request_id,290,replica_id,0,number_pending_tokens,1123
cur_request_id,290,replica_id,1,number_pending_tokens,2082
cur_request_id,290,replica_id,2,number_pending_tokens,1278
cur_request_id,290,replica_id,3,number_pending_tokens,1815
cur_request_id,290,replica_id,4,number_pending_tokens,1215
cur_request_id,300,replica_id,0,number_pending_tokens,1127
cur_request_id,300,replica_id,1,number_pending_tokens,1316
cur_request_id,300,replica_id,2,number_pending_tokens,1000
cur_request_id,300,replica_id,3,number_pending_tokens,1652
cur_request_id,300,replica_id,4,number_pending_tokens,2973
cur_request_id,310,replica_id,0,number_pending_tokens,150
cur_request_id,310,replica_id,1,number_pending_tokens,172
cur_request_id,310,replica_id,2,number_pending_tokens,684
cur_request_id,310,replica_id,3,number_pending_tokens,2631
cur_request_id,310,replica_id,4,number_pending_tokens,3548
cur_request_id,320,replica_id,0,number_pending_tokens,158
cur_request_id,320,replica_id,1,number_pending_tokens,182
cur_request_id,320,replica_id,2,number_pending_tokens,839
cur_request_id,320,replica_id,3,number_pending_tokens,2779
cur_request_id,320,replica_id,4,number_pending_tokens,3540
cur_request_id,330,replica_id,0,number_pending_tokens,168
cur_request_id,330,replica_id,1,number_pending_tokens,152
cur_request_id,330,replica_id,2,number_pending_tokens,1009
cur_request_id,330,replica_id,3,number_pending_tokens,456
cur_request_id,330,replica_id,4,number_pending_tokens,142
cur_request_id,340,replica_id,0,number_pending_tokens,156
cur_request_id,340,replica_id,1,number_pending_tokens,158
cur_request_id,340,replica_id,2,number_pending_tokens,634
cur_request_id,340,replica_id,3,number_pending_tokens,458
cur_request_id,340,replica_id,4,number_pending_tokens,154
cur_request_id,350,replica_id,0,number_pending_tokens,302
cur_request_id,350,replica_id,1,number_pending_tokens,456
cur_request_id,350,replica_id,2,number_pending_tokens,310
cur_request_id,350,replica_id,3,number_pending_tokens,158
cur_request_id,350,replica_id,4,number_pending_tokens,0
cur_request_id,360,replica_id,0,number_pending_tokens,172
cur_request_id,360,replica_id,1,number_pending_tokens,332
cur_request_id,360,replica_id,2,number_pending_tokens,338
cur_request_id,360,replica_id,3,number_pending_tokens,660
cur_request_id,360,replica_id,4,number_pending_tokens,172
cur_request_id,370,replica_id,0,number_pending_tokens,168
cur_request_id,370,replica_id,1,number_pending_tokens,0
cur_request_id,370,replica_id,2,number_pending_tokens,949
cur_request_id,370,replica_id,3,number_pending_tokens,308
cur_request_id,370,replica_id,4,number_pending_tokens,160
cur_request_id,380,replica_id,0,number_pending_tokens,162
cur_request_id,380,replica_id,1,number_pending_tokens,1920
cur_request_id,380,replica_id,2,number_pending_tokens,318
cur_request_id,380,replica_id,3,number_pending_tokens,625
cur_request_id,380,replica_id,4,number_pending_tokens,168
cur_request_id,390,replica_id,0,number_pending_tokens,172
cur_request_id,390,replica_id,1,number_pending_tokens,314
cur_request_id,390,replica_id,2,number_pending_tokens,312
cur_request_id,390,replica_id,3,number_pending_tokens,0
cur_request_id,390,replica_id,4,number_pending_tokens,0
cur_request_id,400,replica_id,0,number_pending_tokens,156
cur_request_id,400,replica_id,1,number_pending_tokens,160
cur_request_id,400,replica_id,2,number_pending_tokens,166
cur_request_id,400,replica_id,3,number_pending_tokens,312
cur_request_id,400,replica_id,4,number_pending_tokens,298
cur_request_id,410,replica_id,0,number_pending_tokens,0
cur_request_id,410,replica_id,1,number_pending_tokens,923
cur_request_id,410,replica_id,2,number_pending_tokens,458
cur_request_id,410,replica_id,3,number_pending_tokens,154
cur_request_id,410,replica_id,4,number_pending_tokens,0
cur_request_id,420,replica_id,0,number_pending_tokens,158
cur_request_id,420,replica_id,1,number_pending_tokens,1749
cur_request_id,420,replica_id,2,number_pending_tokens,0
cur_request_id,420,replica_id,3,number_pending_tokens,4699
cur_request_id,420,replica_id,4,number_pending_tokens,0
cur_request_id,430,replica_id,0,number_pending_tokens,0
cur_request_id,430,replica_id,1,number_pending_tokens,458
cur_request_id,430,replica_id,2,number_pending_tokens,0
cur_request_id,430,replica_id,3,number_pending_tokens,0
cur_request_id,430,replica_id,4,number_pending_tokens,0
cur_request_id,440,replica_id,0,number_pending_tokens,0
cur_request_id,440,replica_id,1,number_pending_tokens,0
cur_request_id,440,replica_id,2,number_pending_tokens,4666
cur_request_id,440,replica_id,3,number_pending_tokens,0
cur_request_id,440,replica_id,4,number_pending_tokens,0
cur_request_id,450,replica_id,0,number_pending_tokens,2983
cur_request_id,450,replica_id,1,number_pending_tokens,5704
cur_request_id,450,replica_id,2,number_pending_tokens,3719
cur_request_id,450,replica_id,3,number_pending_tokens,4417
cur_request_id,450,replica_id,4,number_pending_tokens,2975
cur_request_id,460,replica_id,0,number_pending_tokens,1341
cur_request_id,460,replica_id,1,number_pending_tokens,7985
cur_request_id,460,replica_id,2,number_pending_tokens,1609
cur_request_id,460,replica_id,3,number_pending_tokens,1921
cur_request_id,460,replica_id,4,number_pending_tokens,1690
cur_request_id,470,replica_id,0,number_pending_tokens,0
cur_request_id,470,replica_id,1,number_pending_tokens,1880
cur_request_id,470,replica_id,2,number_pending_tokens,9821
cur_request_id,470,replica_id,3,number_pending_tokens,6308
cur_request_id,470,replica_id,4,number_pending_tokens,1439
cur_request_id,480,replica_id,0,number_pending_tokens,7510
cur_request_id,480,replica_id,1,number_pending_tokens,0
cur_request_id,480,replica_id,2,number_pending_tokens,6979
cur_request_id,480,replica_id,3,number_pending_tokens,186
cur_request_id,480,replica_id,4,number_pending_tokens,1662
cur_request_id,490,replica_id,0,number_pending_tokens,2578
cur_request_id,490,replica_id,1,number_pending_tokens,0
cur_request_id,490,replica_id,2,number_pending_tokens,419
cur_request_id,490,replica_id,3,number_pending_tokens,2082
cur_request_id,490,replica_id,4,number_pending_tokens,6498
