cur_request_id,0,replica_id,0,number_pending_tokens,0
cur_request_id,0,replica_id,1,number_pending_tokens,0
cur_request_id,0,replica_id,2,number_pending_tokens,0
cur_request_id,0,replica_id,3,number_pending_tokens,0
cur_request_id,0,replica_id,4,number_pending_tokens,0
cur_request_id,10,replica_id,0,number_pending_tokens,0
cur_request_id,10,replica_id,1,number_pending_tokens,380
cur_request_id,10,replica_id,2,number_pending_tokens,349
cur_request_id,10,replica_id,3,number_pending_tokens,846
cur_request_id,10,replica_id,4,number_pending_tokens,0
cur_request_id,20,replica_id,0,number_pending_tokens,0
cur_request_id,20,replica_id,1,number_pending_tokens,0
cur_request_id,20,replica_id,2,number_pending_tokens,4220
cur_request_id,20,replica_id,3,number_pending_tokens,2382
cur_request_id,20,replica_id,4,number_pending_tokens,0
cur_request_id,30,replica_id,0,number_pending_tokens,1864
cur_request_id,30,replica_id,1,number_pending_tokens,0
cur_request_id,30,replica_id,2,number_pending_tokens,4220
cur_request_id,30,replica_id,3,number_pending_tokens,711
cur_request_id,30,replica_id,4,number_pending_tokens,1496
cur_request_id,40,replica_id,0,number_pending_tokens,1454
cur_request_id,40,replica_id,1,number_pending_tokens,144
cur_request_id,40,replica_id,2,number_pending_tokens,4312
cur_request_id,40,replica_id,3,number_pending_tokens,1220
cur_request_id,40,replica_id,4,number_pending_tokens,1648
cur_request_id,50,replica_id,0,number_pending_tokens,0
cur_request_id,50,replica_id,1,number_pending_tokens,703
cur_request_id,50,replica_id,2,number_pending_tokens,4757
cur_request_id,50,replica_id,3,number_pending_tokens,1768
cur_request_id,50,replica_id,4,number_pending_tokens,0
cur_request_id,60,replica_id,0,number_pending_tokens,0
cur_request_id,60,replica_id,1,number_pending_tokens,0
cur_request_id,60,replica_id,2,number_pending_tokens,3779
cur_request_id,60,replica_id,3,number_pending_tokens,822
cur_request_id,60,replica_id,4,number_pending_tokens,164
cur_request_id,70,replica_id,0,number_pending_tokens,0
cur_request_id,70,replica_id,1,number_pending_tokens,0
cur_request_id,70,replica_id,2,number_pending_tokens,4099
cur_request_id,70,replica_id,3,number_pending_tokens,1166
cur_request_id,70,replica_id,4,number_pending_tokens,164
cur_request_id,80,replica_id,0,number_pending_tokens,174
cur_request_id,80,replica_id,1,number_pending_tokens,988
cur_request_id,80,replica_id,2,number_pending_tokens,4407
cur_request_id,80,replica_id,3,number_pending_tokens,1145
cur_request_id,80,replica_id,4,number_pending_tokens,166
cur_request_id,90,replica_id,0,number_pending_tokens,1205
cur_request_id,90,replica_id,1,number_pending_tokens,497
cur_request_id,90,replica_id,2,number_pending_tokens,4245
cur_request_id,90,replica_id,3,number_pending_tokens,1847
cur_request_id,90,replica_id,4,number_pending_tokens,294
cur_request_id,100,replica_id,0,number_pending_tokens,320
cur_request_id,100,replica_id,1,number_pending_tokens,1390
cur_request_id,100,replica_id,2,number_pending_tokens,4423
cur_request_id,100,replica_id,3,number_pending_tokens,1173
cur_request_id,100,replica_id,4,number_pending_tokens,452
cur_request_id,110,replica_id,0,number_pending_tokens,170
cur_request_id,110,replica_id,1,number_pending_tokens,0
cur_request_id,110,replica_id,2,number_pending_tokens,4425
cur_request_id,110,replica_id,3,number_pending_tokens,1003
cur_request_id,110,replica_id,4,number_pending_tokens,698
cur_request_id,120,replica_id,0,number_pending_tokens,0
cur_request_id,120,replica_id,1,number_pending_tokens,0
cur_request_id,120,replica_id,2,number_pending_tokens,4610
cur_request_id,120,replica_id,3,number_pending_tokens,1730
cur_request_id,120,replica_id,4,number_pending_tokens,0
cur_request_id,130,replica_id,0,number_pending_tokens,0
cur_request_id,130,replica_id,1,number_pending_tokens,944
cur_request_id,130,replica_id,2,number_pending_tokens,4610
cur_request_id,130,replica_id,3,number_pending_tokens,2083
cur_request_id,130,replica_id,4,number_pending_tokens,2330
cur_request_id,140,replica_id,0,number_pending_tokens,156
cur_request_id,140,replica_id,1,number_pending_tokens,0
cur_request_id,140,replica_id,2,number_pending_tokens,4127
cur_request_id,140,replica_id,3,number_pending_tokens,1729
cur_request_id,140,replica_id,4,number_pending_tokens,1377
cur_request_id,150,replica_id,0,number_pending_tokens,146
cur_request_id,150,replica_id,1,number_pending_tokens,158
cur_request_id,150,replica_id,2,number_pending_tokens,529
cur_request_id,150,replica_id,3,number_pending_tokens,1415
cur_request_id,150,replica_id,4,number_pending_tokens,2146
cur_request_id,160,replica_id,0,number_pending_tokens,0
cur_request_id,160,replica_id,1,number_pending_tokens,1555
cur_request_id,160,replica_id,2,number_pending_tokens,689
cur_request_id,160,replica_id,3,number_pending_tokens,1709
cur_request_id,160,replica_id,4,number_pending_tokens,2296
cur_request_id,170,replica_id,0,number_pending_tokens,494
cur_request_id,170,replica_id,1,number_pending_tokens,3343
cur_request_id,170,replica_id,2,number_pending_tokens,681
cur_request_id,170,replica_id,3,number_pending_tokens,1863
cur_request_id,170,replica_id,4,number_pending_tokens,905
cur_request_id,180,replica_id,0,number_pending_tokens,1083
cur_request_id,180,replica_id,1,number_pending_tokens,1973
cur_request_id,180,replica_id,2,number_pending_tokens,535
cur_request_id,180,replica_id,3,number_pending_tokens,959
cur_request_id,180,replica_id,4,number_pending_tokens,2717
cur_request_id,190,replica_id,0,number_pending_tokens,148
cur_request_id,190,replica_id,1,number_pending_tokens,300
cur_request_id,190,replica_id,2,number_pending_tokens,734
cur_request_id,190,replica_id,3,number_pending_tokens,659
cur_request_id,190,replica_id,4,number_pending_tokens,4302
cur_request_id,200,replica_id,0,number_pending_tokens,154
cur_request_id,200,replica_id,1,number_pending_tokens,150
cur_request_id,200,replica_id,2,number_pending_tokens,1005
cur_request_id,200,replica_id,3,number_pending_tokens,959
cur_request_id,200,replica_id,4,number_pending_tokens,4651
cur_request_id,210,replica_id,0,number_pending_tokens,136
cur_request_id,210,replica_id,1,number_pending_tokens,145
cur_request_id,210,replica_id,2,number_pending_tokens,1355
cur_request_id,210,replica_id,3,number_pending_tokens,959
cur_request_id,210,replica_id,4,number_pending_tokens,4405
cur_request_id,220,replica_id,0,number_pending_tokens,344
cur_request_id,220,replica_id,1,number_pending_tokens,0
cur_request_id,220,replica_id,2,number_pending_tokens,1355
cur_request_id,220,replica_id,3,number_pending_tokens,673
cur_request_id,220,replica_id,4,number_pending_tokens,5714
cur_request_id,230,replica_id,0,number_pending_tokens,1017
cur_request_id,230,replica_id,1,number_pending_tokens,172
cur_request_id,230,replica_id,2,number_pending_tokens,1051
cur_request_id,230,replica_id,3,number_pending_tokens,997
cur_request_id,230,replica_id,4,number_pending_tokens,6858
cur_request_id,240,replica_id,0,number_pending_tokens,0
cur_request_id,240,replica_id,1,number_pending_tokens,726
cur_request_id,240,replica_id,2,number_pending_tokens,383
cur_request_id,240,replica_id,3,number_pending_tokens,839
cur_request_id,240,replica_id,4,number_pending_tokens,4678
cur_request_id,250,replica_id,0,number_pending_tokens,188
cur_request_id,250,replica_id,1,number_pending_tokens,921
cur_request_id,250,replica_id,2,number_pending_tokens,525
cur_request_id,250,replica_id,3,number_pending_tokens,863
cur_request_id,250,replica_id,4,number_pending_tokens,4454
cur_request_id,260,replica_id,0,number_pending_tokens,152
cur_request_id,260,replica_id,1,number_pending_tokens,152
cur_request_id,260,replica_id,2,number_pending_tokens,300
cur_request_id,260,replica_id,3,number_pending_tokens,512
cur_request_id,260,replica_id,4,number_pending_tokens,3244
cur_request_id,270,replica_id,0,number_pending_tokens,308
cur_request_id,270,replica_id,1,number_pending_tokens,829
cur_request_id,270,replica_id,2,number_pending_tokens,616
cur_request_id,270,replica_id,3,number_pending_tokens,760
cur_request_id,270,replica_id,4,number_pending_tokens,2299
cur_request_id,280,replica_id,0,number_pending_tokens,816
cur_request_id,280,replica_id,1,number_pending_tokens,1547
cur_request_id,280,replica_id,2,number_pending_tokens,622
cur_request_id,280,replica_id,3,number_pending_tokens,914
cur_request_id,280,replica_id,4,number_pending_tokens,1723
cur_request_id,290,replica_id,0,number_pending_tokens,508
cur_request_id,290,replica_id,1,number_pending_tokens,1224
cur_request_id,290,replica_id,2,number_pending_tokens,622
cur_request_id,290,replica_id,3,number_pending_tokens,1062
cur_request_id,290,replica_id,4,number_pending_tokens,4969
cur_request_id,300,replica_id,0,number_pending_tokens,920
cur_request_id,300,replica_id,1,number_pending_tokens,1678
cur_request_id,300,replica_id,2,number_pending_tokens,782
cur_request_id,300,replica_id,3,number_pending_tokens,292
cur_request_id,300,replica_id,4,number_pending_tokens,4430
cur_request_id,310,replica_id,0,number_pending_tokens,1078
cur_request_id,310,replica_id,1,number_pending_tokens,1324
cur_request_id,310,replica_id,2,number_pending_tokens,616
cur_request_id,310,replica_id,3,number_pending_tokens,3512
cur_request_id,310,replica_id,4,number_pending_tokens,5013
cur_request_id,320,replica_id,0,number_pending_tokens,306
cur_request_id,320,replica_id,1,number_pending_tokens,1541
cur_request_id,320,replica_id,2,number_pending_tokens,766
cur_request_id,320,replica_id,3,number_pending_tokens,3672
cur_request_id,320,replica_id,4,number_pending_tokens,2518
cur_request_id,330,replica_id,0,number_pending_tokens,458
cur_request_id,330,replica_id,1,number_pending_tokens,1871
cur_request_id,330,replica_id,2,number_pending_tokens,1094
cur_request_id,330,replica_id,3,number_pending_tokens,4039
cur_request_id,330,replica_id,4,number_pending_tokens,1805
cur_request_id,340,replica_id,0,number_pending_tokens,324
cur_request_id,340,replica_id,1,number_pending_tokens,482
cur_request_id,340,replica_id,2,number_pending_tokens,824
cur_request_id,340,replica_id,3,number_pending_tokens,1007
cur_request_id,340,replica_id,4,number_pending_tokens,306
cur_request_id,350,replica_id,0,number_pending_tokens,312
cur_request_id,350,replica_id,1,number_pending_tokens,154
cur_request_id,350,replica_id,2,number_pending_tokens,662
cur_request_id,350,replica_id,3,number_pending_tokens,1139
cur_request_id,350,replica_id,4,number_pending_tokens,302
cur_request_id,360,replica_id,0,number_pending_tokens,172
cur_request_id,360,replica_id,1,number_pending_tokens,172
cur_request_id,360,replica_id,2,number_pending_tokens,783
cur_request_id,360,replica_id,3,number_pending_tokens,452
cur_request_id,360,replica_id,4,number_pending_tokens,308
cur_request_id,370,replica_id,0,number_pending_tokens,306
cur_request_id,370,replica_id,1,number_pending_tokens,947
cur_request_id,370,replica_id,2,number_pending_tokens,500
cur_request_id,370,replica_id,3,number_pending_tokens,308
cur_request_id,370,replica_id,4,number_pending_tokens,152
cur_request_id,380,replica_id,0,number_pending_tokens,165
cur_request_id,380,replica_id,1,number_pending_tokens,156
cur_request_id,380,replica_id,2,number_pending_tokens,330
cur_request_id,380,replica_id,3,number_pending_tokens,314
cur_request_id,380,replica_id,4,number_pending_tokens,1748
cur_request_id,390,replica_id,0,number_pending_tokens,0
cur_request_id,390,replica_id,1,number_pending_tokens,166
cur_request_id,390,replica_id,2,number_pending_tokens,502
cur_request_id,390,replica_id,3,number_pending_tokens,2393
cur_request_id,390,replica_id,4,number_pending_tokens,306
cur_request_id,400,replica_id,0,number_pending_tokens,506
cur_request_id,400,replica_id,1,number_pending_tokens,156
cur_request_id,400,replica_id,2,number_pending_tokens,160
cur_request_id,400,replica_id,3,number_pending_tokens,0
cur_request_id,400,replica_id,4,number_pending_tokens,300
cur_request_id,410,replica_id,0,number_pending_tokens,0
cur_request_id,410,replica_id,1,number_pending_tokens,0
cur_request_id,410,replica_id,2,number_pending_tokens,160
cur_request_id,410,replica_id,3,number_pending_tokens,0
cur_request_id,410,replica_id,4,number_pending_tokens,923
cur_request_id,420,replica_id,0,number_pending_tokens,0
cur_request_id,420,replica_id,1,number_pending_tokens,6108
cur_request_id,420,replica_id,2,number_pending_tokens,0
cur_request_id,420,replica_id,3,number_pending_tokens,0
cur_request_id,420,replica_id,4,number_pending_tokens,154
cur_request_id,430,replica_id,0,number_pending_tokens,152
cur_request_id,430,replica_id,1,number_pending_tokens,1887
cur_request_id,430,replica_id,2,number_pending_tokens,470
cur_request_id,430,replica_id,3,number_pending_tokens,510
cur_request_id,430,replica_id,4,number_pending_tokens,154
cur_request_id,440,replica_id,0,number_pending_tokens,1415
cur_request_id,440,replica_id,1,number_pending_tokens,881
cur_request_id,440,replica_id,2,number_pending_tokens,2250
cur_request_id,440,replica_id,3,number_pending_tokens,978
cur_request_id,440,replica_id,4,number_pending_tokens,1375
cur_request_id,450,replica_id,0,number_pending_tokens,514
cur_request_id,450,replica_id,1,number_pending_tokens,0
cur_request_id,450,replica_id,2,number_pending_tokens,0
cur_request_id,450,replica_id,3,number_pending_tokens,4408
cur_request_id,450,replica_id,4,number_pending_tokens,0
cur_request_id,460,replica_id,0,number_pending_tokens,200
cur_request_id,460,replica_id,1,number_pending_tokens,0
cur_request_id,460,replica_id,2,number_pending_tokens,1690
cur_request_id,460,replica_id,3,number_pending_tokens,1351
cur_request_id,460,replica_id,4,number_pending_tokens,0
cur_request_id,470,replica_id,0,number_pending_tokens,642
cur_request_id,470,replica_id,1,number_pending_tokens,2121
cur_request_id,470,replica_id,2,number_pending_tokens,16824
cur_request_id,470,replica_id,3,number_pending_tokens,2186
cur_request_id,470,replica_id,4,number_pending_tokens,338
cur_request_id,480,replica_id,0,number_pending_tokens,2998
cur_request_id,480,replica_id,1,number_pending_tokens,5433
cur_request_id,480,replica_id,2,number_pending_tokens,3127
cur_request_id,480,replica_id,3,number_pending_tokens,1645
cur_request_id,480,replica_id,4,number_pending_tokens,4902
cur_request_id,490,replica_id,0,number_pending_tokens,2995
cur_request_id,490,replica_id,1,number_pending_tokens,0
cur_request_id,490,replica_id,2,number_pending_tokens,6839
cur_request_id,490,replica_id,3,number_pending_tokens,1929
cur_request_id,490,replica_id,4,number_pending_tokens,0
