cur_request_id,0,replica_id,0,number_input_tokens,0
cur_request_id,0,replica_id,1,number_input_tokens,0
cur_request_id,0,replica_id,2,number_input_tokens,0
cur_request_id,0,replica_id,3,number_input_tokens,0
cur_request_id,0,replica_id,4,number_input_tokens,0
cur_request_id,10,replica_id,0,number_input_tokens,550
cur_request_id,10,replica_id,1,number_input_tokens,43
cur_request_id,10,replica_id,2,number_input_tokens,221
cur_request_id,10,replica_id,3,number_input_tokens,110
cur_request_id,10,replica_id,4,number_input_tokens,0
cur_request_id,20,replica_id,0,number_input_tokens,40
cur_request_id,20,replica_id,1,number_input_tokens,35
cur_request_id,20,replica_id,2,number_input_tokens,432
cur_request_id,20,replica_id,3,number_input_tokens,170
cur_request_id,20,replica_id,4,number_input_tokens,364
cur_request_id,30,replica_id,0,number_input_tokens,0
cur_request_id,30,replica_id,1,number_input_tokens,347
cur_request_id,30,replica_id,2,number_input_tokens,833
cur_request_id,30,replica_id,3,number_input_tokens,172
cur_request_id,30,replica_id,4,number_input_tokens,10
cur_request_id,40,replica_id,0,number_input_tokens,0
cur_request_id,40,replica_id,1,number_input_tokens,0
cur_request_id,40,replica_id,2,number_input_tokens,591
cur_request_id,40,replica_id,3,number_input_tokens,156
cur_request_id,40,replica_id,4,number_input_tokens,0
cur_request_id,50,replica_id,0,number_input_tokens,0
cur_request_id,50,replica_id,1,number_input_tokens,0
cur_request_id,50,replica_id,2,number_input_tokens,222
cur_request_id,50,replica_id,3,number_input_tokens,0
cur_request_id,50,replica_id,4,number_input_tokens,0
cur_request_id,60,replica_id,0,number_input_tokens,0
cur_request_id,60,replica_id,1,number_input_tokens,0
cur_request_id,60,replica_id,2,number_input_tokens,287
cur_request_id,60,replica_id,3,number_input_tokens,252
cur_request_id,60,replica_id,4,number_input_tokens,0
cur_request_id,70,replica_id,0,number_input_tokens,36
cur_request_id,70,replica_id,1,number_input_tokens,74
cur_request_id,70,replica_id,2,number_input_tokens,95
cur_request_id,70,replica_id,3,number_input_tokens,19
cur_request_id,70,replica_id,4,number_input_tokens,86
cur_request_id,80,replica_id,0,number_input_tokens,0
cur_request_id,80,replica_id,1,number_input_tokens,106
cur_request_id,80,replica_id,2,number_input_tokens,466
cur_request_id,80,replica_id,3,number_input_tokens,54
cur_request_id,80,replica_id,4,number_input_tokens,586
cur_request_id,90,replica_id,0,number_input_tokens,0
cur_request_id,90,replica_id,1,number_input_tokens,0
cur_request_id,90,replica_id,2,number_input_tokens,0
cur_request_id,90,replica_id,3,number_input_tokens,13
cur_request_id,90,replica_id,4,number_input_tokens,0
cur_request_id,100,replica_id,0,number_input_tokens,0
cur_request_id,100,replica_id,1,number_input_tokens,72
cur_request_id,100,replica_id,2,number_input_tokens,0
cur_request_id,100,replica_id,3,number_input_tokens,2315
cur_request_id,100,replica_id,4,number_input_tokens,32
cur_request_id,110,replica_id,0,number_input_tokens,89
cur_request_id,110,replica_id,1,number_input_tokens,149
cur_request_id,110,replica_id,2,number_input_tokens,370
cur_request_id,110,replica_id,3,number_input_tokens,0
cur_request_id,110,replica_id,4,number_input_tokens,0
cur_request_id,120,replica_id,0,number_input_tokens,76
cur_request_id,120,replica_id,1,number_input_tokens,0
cur_request_id,120,replica_id,2,number_input_tokens,479
cur_request_id,120,replica_id,3,number_input_tokens,171
cur_request_id,120,replica_id,4,number_input_tokens,644
cur_request_id,130,replica_id,0,number_input_tokens,354
cur_request_id,130,replica_id,1,number_input_tokens,379
cur_request_id,130,replica_id,2,number_input_tokens,266
cur_request_id,130,replica_id,3,number_input_tokens,861
cur_request_id,130,replica_id,4,number_input_tokens,835
cur_request_id,140,replica_id,0,number_input_tokens,499
cur_request_id,140,replica_id,1,number_input_tokens,245
cur_request_id,140,replica_id,2,number_input_tokens,605
cur_request_id,140,replica_id,3,number_input_tokens,1153
cur_request_id,140,replica_id,4,number_input_tokens,931
cur_request_id,150,replica_id,0,number_input_tokens,316
cur_request_id,150,replica_id,1,number_input_tokens,117
cur_request_id,150,replica_id,2,number_input_tokens,1209
cur_request_id,150,replica_id,3,number_input_tokens,1227
cur_request_id,150,replica_id,4,number_input_tokens,1055
cur_request_id,160,replica_id,0,number_input_tokens,142
cur_request_id,160,replica_id,1,number_input_tokens,624
cur_request_id,160,replica_id,2,number_input_tokens,1292
cur_request_id,160,replica_id,3,number_input_tokens,1646
cur_request_id,160,replica_id,4,number_input_tokens,940
cur_request_id,170,replica_id,0,number_input_tokens,73
cur_request_id,170,replica_id,1,number_input_tokens,1098
cur_request_id,170,replica_id,2,number_input_tokens,1055
cur_request_id,170,replica_id,3,number_input_tokens,2249
cur_request_id,170,replica_id,4,number_input_tokens,41
cur_request_id,180,replica_id,0,number_input_tokens,303
cur_request_id,180,replica_id,1,number_input_tokens,406
cur_request_id,180,replica_id,2,number_input_tokens,495
cur_request_id,180,replica_id,3,number_input_tokens,1430
cur_request_id,180,replica_id,4,number_input_tokens,907
cur_request_id,190,replica_id,0,number_input_tokens,609
cur_request_id,190,replica_id,1,number_input_tokens,24
cur_request_id,190,replica_id,2,number_input_tokens,862
cur_request_id,190,replica_id,3,number_input_tokens,1448
cur_request_id,190,replica_id,4,number_input_tokens,901
cur_request_id,200,replica_id,0,number_input_tokens,1097
cur_request_id,200,replica_id,1,number_input_tokens,710
cur_request_id,200,replica_id,2,number_input_tokens,1190
cur_request_id,200,replica_id,3,number_input_tokens,1729
cur_request_id,200,replica_id,4,number_input_tokens,901
cur_request_id,210,replica_id,0,number_input_tokens,513
cur_request_id,210,replica_id,1,number_input_tokens,781
cur_request_id,210,replica_id,2,number_input_tokens,1158
cur_request_id,210,replica_id,3,number_input_tokens,1509
cur_request_id,210,replica_id,4,number_input_tokens,75
cur_request_id,220,replica_id,0,number_input_tokens,427
cur_request_id,220,replica_id,1,number_input_tokens,243
cur_request_id,220,replica_id,2,number_input_tokens,916
cur_request_id,220,replica_id,3,number_input_tokens,1378
cur_request_id,220,replica_id,4,number_input_tokens,109
cur_request_id,230,replica_id,0,number_input_tokens,469
cur_request_id,230,replica_id,1,number_input_tokens,667
cur_request_id,230,replica_id,2,number_input_tokens,977
cur_request_id,230,replica_id,3,number_input_tokens,1687
cur_request_id,230,replica_id,4,number_input_tokens,154
cur_request_id,240,replica_id,0,number_input_tokens,213
cur_request_id,240,replica_id,1,number_input_tokens,1018
cur_request_id,240,replica_id,2,number_input_tokens,359
cur_request_id,240,replica_id,3,number_input_tokens,1571
cur_request_id,240,replica_id,4,number_input_tokens,682
cur_request_id,250,replica_id,0,number_input_tokens,11432
cur_request_id,250,replica_id,1,number_input_tokens,621
cur_request_id,250,replica_id,2,number_input_tokens,462
cur_request_id,250,replica_id,3,number_input_tokens,1324
cur_request_id,250,replica_id,4,number_input_tokens,633
cur_request_id,260,replica_id,0,number_input_tokens,11557
cur_request_id,260,replica_id,1,number_input_tokens,122
cur_request_id,260,replica_id,2,number_input_tokens,1431
cur_request_id,260,replica_id,3,number_input_tokens,1698
cur_request_id,260,replica_id,4,number_input_tokens,932
cur_request_id,270,replica_id,0,number_input_tokens,11649
cur_request_id,270,replica_id,1,number_input_tokens,568
cur_request_id,270,replica_id,2,number_input_tokens,1569
cur_request_id,270,replica_id,3,number_input_tokens,1692
cur_request_id,270,replica_id,4,number_input_tokens,982
cur_request_id,280,replica_id,0,number_input_tokens,13574
cur_request_id,280,replica_id,1,number_input_tokens,978
cur_request_id,280,replica_id,2,number_input_tokens,1826
cur_request_id,280,replica_id,3,number_input_tokens,522
cur_request_id,280,replica_id,4,number_input_tokens,692
cur_request_id,290,replica_id,0,number_input_tokens,13649
cur_request_id,290,replica_id,1,number_input_tokens,1066
cur_request_id,290,replica_id,2,number_input_tokens,1880
cur_request_id,290,replica_id,3,number_input_tokens,779
cur_request_id,290,replica_id,4,number_input_tokens,436
cur_request_id,300,replica_id,0,number_input_tokens,13904
cur_request_id,300,replica_id,1,number_input_tokens,910
cur_request_id,300,replica_id,2,number_input_tokens,604
cur_request_id,300,replica_id,3,number_input_tokens,1092
cur_request_id,300,replica_id,4,number_input_tokens,387
cur_request_id,310,replica_id,0,number_input_tokens,13976
cur_request_id,310,replica_id,1,number_input_tokens,410
cur_request_id,310,replica_id,2,number_input_tokens,1057
cur_request_id,310,replica_id,3,number_input_tokens,940
cur_request_id,310,replica_id,4,number_input_tokens,6322
cur_request_id,320,replica_id,0,number_input_tokens,14162
cur_request_id,320,replica_id,1,number_input_tokens,482
cur_request_id,320,replica_id,2,number_input_tokens,1373
cur_request_id,320,replica_id,3,number_input_tokens,1170
cur_request_id,320,replica_id,4,number_input_tokens,5970
cur_request_id,330,replica_id,0,number_input_tokens,14260
cur_request_id,330,replica_id,1,number_input_tokens,719
cur_request_id,330,replica_id,2,number_input_tokens,1193
cur_request_id,330,replica_id,3,number_input_tokens,1269
cur_request_id,330,replica_id,4,number_input_tokens,5944
cur_request_id,340,replica_id,0,number_input_tokens,14289
cur_request_id,340,replica_id,1,number_input_tokens,1006
cur_request_id,340,replica_id,2,number_input_tokens,979
cur_request_id,340,replica_id,3,number_input_tokens,1210
cur_request_id,340,replica_id,4,number_input_tokens,6518
cur_request_id,350,replica_id,0,number_input_tokens,14307
cur_request_id,350,replica_id,1,number_input_tokens,1109
cur_request_id,350,replica_id,2,number_input_tokens,1167
cur_request_id,350,replica_id,3,number_input_tokens,462
cur_request_id,350,replica_id,4,number_input_tokens,6602
cur_request_id,360,replica_id,0,number_input_tokens,3341
cur_request_id,360,replica_id,1,number_input_tokens,512
cur_request_id,360,replica_id,2,number_input_tokens,1113
cur_request_id,360,replica_id,3,number_input_tokens,688
cur_request_id,360,replica_id,4,number_input_tokens,771
cur_request_id,370,replica_id,0,number_input_tokens,3327
cur_request_id,370,replica_id,1,number_input_tokens,191
cur_request_id,370,replica_id,2,number_input_tokens,1138
cur_request_id,370,replica_id,3,number_input_tokens,524
cur_request_id,370,replica_id,4,number_input_tokens,789
cur_request_id,380,replica_id,0,number_input_tokens,221
cur_request_id,380,replica_id,1,number_input_tokens,408
cur_request_id,380,replica_id,2,number_input_tokens,1458
cur_request_id,380,replica_id,3,number_input_tokens,455
cur_request_id,380,replica_id,4,number_input_tokens,902
cur_request_id,390,replica_id,0,number_input_tokens,171
cur_request_id,390,replica_id,1,number_input_tokens,361
cur_request_id,390,replica_id,2,number_input_tokens,1106
cur_request_id,390,replica_id,3,number_input_tokens,765
cur_request_id,390,replica_id,4,number_input_tokens,845
cur_request_id,400,replica_id,0,number_input_tokens,438
cur_request_id,400,replica_id,1,number_input_tokens,130
cur_request_id,400,replica_id,2,number_input_tokens,1131
cur_request_id,400,replica_id,3,number_input_tokens,1187
cur_request_id,400,replica_id,4,number_input_tokens,874
cur_request_id,410,replica_id,0,number_input_tokens,710
cur_request_id,410,replica_id,1,number_input_tokens,133
cur_request_id,410,replica_id,2,number_input_tokens,832
cur_request_id,410,replica_id,3,number_input_tokens,1187
cur_request_id,410,replica_id,4,number_input_tokens,1423
cur_request_id,420,replica_id,0,number_input_tokens,287
cur_request_id,420,replica_id,1,number_input_tokens,35
cur_request_id,420,replica_id,2,number_input_tokens,964
cur_request_id,420,replica_id,3,number_input_tokens,1900
cur_request_id,420,replica_id,4,number_input_tokens,477
cur_request_id,430,replica_id,0,number_input_tokens,369
cur_request_id,430,replica_id,1,number_input_tokens,46
cur_request_id,430,replica_id,2,number_input_tokens,538
cur_request_id,430,replica_id,3,number_input_tokens,1542
cur_request_id,430,replica_id,4,number_input_tokens,1116
cur_request_id,440,replica_id,0,number_input_tokens,433
cur_request_id,440,replica_id,1,number_input_tokens,102
cur_request_id,440,replica_id,2,number_input_tokens,52
cur_request_id,440,replica_id,3,number_input_tokens,1862
cur_request_id,440,replica_id,4,number_input_tokens,883
cur_request_id,450,replica_id,0,number_input_tokens,947
cur_request_id,450,replica_id,1,number_input_tokens,194
cur_request_id,450,replica_id,2,number_input_tokens,617
cur_request_id,450,replica_id,3,number_input_tokens,2131
cur_request_id,450,replica_id,4,number_input_tokens,0
cur_request_id,460,replica_id,0,number_input_tokens,785
cur_request_id,460,replica_id,1,number_input_tokens,208
cur_request_id,460,replica_id,2,number_input_tokens,607
cur_request_id,460,replica_id,3,number_input_tokens,615
cur_request_id,460,replica_id,4,number_input_tokens,186
cur_request_id,470,replica_id,0,number_input_tokens,237
cur_request_id,470,replica_id,1,number_input_tokens,262
cur_request_id,470,replica_id,2,number_input_tokens,338
cur_request_id,470,replica_id,3,number_input_tokens,570
cur_request_id,470,replica_id,4,number_input_tokens,120
cur_request_id,480,replica_id,0,number_input_tokens,207
cur_request_id,480,replica_id,1,number_input_tokens,507
cur_request_id,480,replica_id,2,number_input_tokens,544
cur_request_id,480,replica_id,3,number_input_tokens,549
cur_request_id,480,replica_id,4,number_input_tokens,308
cur_request_id,490,replica_id,0,number_input_tokens,104
cur_request_id,490,replica_id,1,number_input_tokens,619
cur_request_id,490,replica_id,2,number_input_tokens,543
cur_request_id,490,replica_id,3,number_input_tokens,466
cur_request_id,490,replica_id,4,number_input_tokens,341
