cur_request_id,0,replica_id,0,number_input_tokens,0
cur_request_id,0,replica_id,1,number_input_tokens,0
cur_request_id,0,replica_id,2,number_input_tokens,0
cur_request_id,0,replica_id,3,number_input_tokens,0
cur_request_id,0,replica_id,4,number_input_tokens,0
cur_request_id,10,replica_id,0,number_input_tokens,581
cur_request_id,10,replica_id,1,number_input_tokens,61
cur_request_id,10,replica_id,2,number_input_tokens,221
cur_request_id,10,replica_id,3,number_input_tokens,110
cur_request_id,10,replica_id,4,number_input_tokens,0
cur_request_id,20,replica_id,0,number_input_tokens,18
cur_request_id,20,replica_id,1,number_input_tokens,51
cur_request_id,20,replica_id,2,number_input_tokens,616
cur_request_id,20,replica_id,3,number_input_tokens,154
cur_request_id,20,replica_id,4,number_input_tokens,180
cur_request_id,30,replica_id,0,number_input_tokens,0
cur_request_id,30,replica_id,1,number_input_tokens,347
cur_request_id,30,replica_id,2,number_input_tokens,1235
cur_request_id,30,replica_id,3,number_input_tokens,361
cur_request_id,30,replica_id,4,number_input_tokens,363
cur_request_id,40,replica_id,0,number_input_tokens,0
cur_request_id,40,replica_id,1,number_input_tokens,0
cur_request_id,40,replica_id,2,number_input_tokens,58
cur_request_id,40,replica_id,3,number_input_tokens,715
cur_request_id,40,replica_id,4,number_input_tokens,57
cur_request_id,50,replica_id,0,number_input_tokens,0
cur_request_id,50,replica_id,1,number_input_tokens,0
cur_request_id,50,replica_id,2,number_input_tokens,245
cur_request_id,50,replica_id,3,number_input_tokens,25
cur_request_id,50,replica_id,4,number_input_tokens,0
cur_request_id,60,replica_id,0,number_input_tokens,252
cur_request_id,60,replica_id,1,number_input_tokens,16
cur_request_id,60,replica_id,2,number_input_tokens,318
cur_request_id,60,replica_id,3,number_input_tokens,90
cur_request_id,60,replica_id,4,number_input_tokens,0
cur_request_id,70,replica_id,0,number_input_tokens,101
cur_request_id,70,replica_id,1,number_input_tokens,76
cur_request_id,70,replica_id,2,number_input_tokens,259
cur_request_id,70,replica_id,3,number_input_tokens,468
cur_request_id,70,replica_id,4,number_input_tokens,86
cur_request_id,80,replica_id,0,number_input_tokens,197
cur_request_id,80,replica_id,1,number_input_tokens,82
cur_request_id,80,replica_id,2,number_input_tokens,628
cur_request_id,80,replica_id,3,number_input_tokens,77
cur_request_id,80,replica_id,4,number_input_tokens,683
cur_request_id,90,replica_id,0,number_input_tokens,0
cur_request_id,90,replica_id,1,number_input_tokens,0
cur_request_id,90,replica_id,2,number_input_tokens,0
cur_request_id,90,replica_id,3,number_input_tokens,98
cur_request_id,90,replica_id,4,number_input_tokens,347
cur_request_id,100,replica_id,0,number_input_tokens,72
cur_request_id,100,replica_id,1,number_input_tokens,38
cur_request_id,100,replica_id,2,number_input_tokens,2315
cur_request_id,100,replica_id,3,number_input_tokens,0
cur_request_id,100,replica_id,4,number_input_tokens,32
cur_request_id,110,replica_id,0,number_input_tokens,141
cur_request_id,110,replica_id,1,number_input_tokens,26
cur_request_id,110,replica_id,2,number_input_tokens,2556
cur_request_id,110,replica_id,3,number_input_tokens,457
cur_request_id,110,replica_id,4,number_input_tokens,0
cur_request_id,120,replica_id,0,number_input_tokens,41
cur_request_id,120,replica_id,1,number_input_tokens,24
cur_request_id,120,replica_id,2,number_input_tokens,133
cur_request_id,120,replica_id,3,number_input_tokens,600
cur_request_id,120,replica_id,4,number_input_tokens,644
cur_request_id,130,replica_id,0,number_input_tokens,124
cur_request_id,130,replica_id,1,number_input_tokens,385
cur_request_id,130,replica_id,2,number_input_tokens,577
cur_request_id,130,replica_id,3,number_input_tokens,1029
cur_request_id,130,replica_id,4,number_input_tokens,883
cur_request_id,140,replica_id,0,number_input_tokens,620
cur_request_id,140,replica_id,1,number_input_tokens,396
cur_request_id,140,replica_id,2,number_input_tokens,916
cur_request_id,140,replica_id,3,number_input_tokens,1068
cur_request_id,140,replica_id,4,number_input_tokens,979
cur_request_id,150,replica_id,0,number_input_tokens,982
cur_request_id,150,replica_id,1,number_input_tokens,427
cur_request_id,150,replica_id,2,number_input_tokens,970
cur_request_id,150,replica_id,3,number_input_tokens,1707
cur_request_id,150,replica_id,4,number_input_tokens,1072
cur_request_id,160,replica_id,0,number_input_tokens,966
cur_request_id,160,replica_id,1,number_input_tokens,395
cur_request_id,160,replica_id,2,number_input_tokens,986
cur_request_id,160,replica_id,3,number_input_tokens,1833
cur_request_id,160,replica_id,4,number_input_tokens,1686
cur_request_id,170,replica_id,0,number_input_tokens,1405
cur_request_id,170,replica_id,1,number_input_tokens,437
cur_request_id,170,replica_id,2,number_input_tokens,1539
cur_request_id,170,replica_id,3,number_input_tokens,2216
cur_request_id,170,replica_id,4,number_input_tokens,878
cur_request_id,180,replica_id,0,number_input_tokens,1162
cur_request_id,180,replica_id,1,number_input_tokens,532
cur_request_id,180,replica_id,2,number_input_tokens,2180
cur_request_id,180,replica_id,3,number_input_tokens,2278
cur_request_id,180,replica_id,4,number_input_tokens,1345
cur_request_id,190,replica_id,0,number_input_tokens,1186
cur_request_id,190,replica_id,1,number_input_tokens,1016
cur_request_id,190,replica_id,2,number_input_tokens,1478
cur_request_id,190,replica_id,3,number_input_tokens,2565
cur_request_id,190,replica_id,4,number_input_tokens,1186
cur_request_id,200,replica_id,0,number_input_tokens,1280
cur_request_id,200,replica_id,1,number_input_tokens,942
cur_request_id,200,replica_id,2,number_input_tokens,2037
cur_request_id,200,replica_id,3,number_input_tokens,1989
cur_request_id,200,replica_id,4,number_input_tokens,702
cur_request_id,210,replica_id,0,number_input_tokens,1294
cur_request_id,210,replica_id,1,number_input_tokens,471
cur_request_id,210,replica_id,2,number_input_tokens,2343
cur_request_id,210,replica_id,3,number_input_tokens,866
cur_request_id,210,replica_id,4,number_input_tokens,147
cur_request_id,220,replica_id,0,number_input_tokens,602
cur_request_id,220,replica_id,1,number_input_tokens,149
cur_request_id,220,replica_id,2,number_input_tokens,1789
cur_request_id,220,replica_id,3,number_input_tokens,292
cur_request_id,220,replica_id,4,number_input_tokens,55
cur_request_id,230,replica_id,0,number_input_tokens,573
cur_request_id,230,replica_id,1,number_input_tokens,751
cur_request_id,230,replica_id,2,number_input_tokens,1782
cur_request_id,230,replica_id,3,number_input_tokens,505
cur_request_id,230,replica_id,4,number_input_tokens,91
cur_request_id,240,replica_id,0,number_input_tokens,1138
cur_request_id,240,replica_id,1,number_input_tokens,781
cur_request_id,240,replica_id,2,number_input_tokens,2151
cur_request_id,240,replica_id,3,number_input_tokens,417
cur_request_id,240,replica_id,4,number_input_tokens,715
cur_request_id,250,replica_id,0,number_input_tokens,599
cur_request_id,250,replica_id,1,number_input_tokens,1214
cur_request_id,250,replica_id,2,number_input_tokens,13113
cur_request_id,250,replica_id,3,number_input_tokens,344
cur_request_id,250,replica_id,4,number_input_tokens,639
cur_request_id,260,replica_id,0,number_input_tokens,433
cur_request_id,260,replica_id,1,number_input_tokens,1624
cur_request_id,260,replica_id,2,number_input_tokens,12700
cur_request_id,260,replica_id,3,number_input_tokens,362
cur_request_id,260,replica_id,4,number_input_tokens,976
cur_request_id,270,replica_id,0,number_input_tokens,527
cur_request_id,270,replica_id,1,number_input_tokens,1689
cur_request_id,270,replica_id,2,number_input_tokens,11866
cur_request_id,270,replica_id,3,number_input_tokens,520
cur_request_id,270,replica_id,4,number_input_tokens,1138
cur_request_id,280,replica_id,0,number_input_tokens,690
cur_request_id,280,replica_id,1,number_input_tokens,105
cur_request_id,280,replica_id,2,number_input_tokens,14013
cur_request_id,280,replica_id,3,number_input_tokens,824
cur_request_id,280,replica_id,4,number_input_tokens,528
cur_request_id,290,replica_id,0,number_input_tokens,615
cur_request_id,290,replica_id,1,number_input_tokens,76
cur_request_id,290,replica_id,2,number_input_tokens,14054
cur_request_id,290,replica_id,3,number_input_tokens,919
cur_request_id,290,replica_id,4,number_input_tokens,457
cur_request_id,300,replica_id,0,number_input_tokens,96
cur_request_id,300,replica_id,1,number_input_tokens,298
cur_request_id,300,replica_id,2,number_input_tokens,14785
cur_request_id,300,replica_id,3,number_input_tokens,696
cur_request_id,300,replica_id,4,number_input_tokens,302
cur_request_id,310,replica_id,0,number_input_tokens,203
cur_request_id,310,replica_id,1,number_input_tokens,985
cur_request_id,310,replica_id,2,number_input_tokens,14821
cur_request_id,310,replica_id,3,number_input_tokens,935
cur_request_id,310,replica_id,4,number_input_tokens,6070
cur_request_id,320,replica_id,0,number_input_tokens,465
cur_request_id,320,replica_id,1,number_input_tokens,886
cur_request_id,320,replica_id,2,number_input_tokens,14913
cur_request_id,320,replica_id,3,number_input_tokens,909
cur_request_id,320,replica_id,4,number_input_tokens,5947
cur_request_id,330,replica_id,0,number_input_tokens,488
cur_request_id,330,replica_id,1,number_input_tokens,741
cur_request_id,330,replica_id,2,number_input_tokens,14933
cur_request_id,330,replica_id,3,number_input_tokens,909
cur_request_id,330,replica_id,4,number_input_tokens,5902
cur_request_id,340,replica_id,0,number_input_tokens,277
cur_request_id,340,replica_id,1,number_input_tokens,959
cur_request_id,340,replica_id,2,number_input_tokens,14933
cur_request_id,340,replica_id,3,number_input_tokens,499
cur_request_id,340,replica_id,4,number_input_tokens,6476
cur_request_id,350,replica_id,0,number_input_tokens,734
cur_request_id,350,replica_id,1,number_input_tokens,657
cur_request_id,350,replica_id,2,number_input_tokens,14933
cur_request_id,350,replica_id,3,number_input_tokens,541
cur_request_id,350,replica_id,4,number_input_tokens,6557
cur_request_id,360,replica_id,0,number_input_tokens,578
cur_request_id,360,replica_id,1,number_input_tokens,568
cur_request_id,360,replica_id,2,number_input_tokens,15028
cur_request_id,360,replica_id,3,number_input_tokens,222
cur_request_id,360,replica_id,4,number_input_tokens,7087
cur_request_id,370,replica_id,0,number_input_tokens,123
cur_request_id,370,replica_id,1,number_input_tokens,327
cur_request_id,370,replica_id,2,number_input_tokens,4452
cur_request_id,370,replica_id,3,number_input_tokens,322
cur_request_id,370,replica_id,4,number_input_tokens,696
cur_request_id,380,replica_id,0,number_input_tokens,416
cur_request_id,380,replica_id,1,number_input_tokens,170
cur_request_id,380,replica_id,2,number_input_tokens,914
cur_request_id,380,replica_id,3,number_input_tokens,305
cur_request_id,380,replica_id,4,number_input_tokens,473
cur_request_id,390,replica_id,0,number_input_tokens,405
cur_request_id,390,replica_id,1,number_input_tokens,181
cur_request_id,390,replica_id,2,number_input_tokens,874
cur_request_id,390,replica_id,3,number_input_tokens,442
cur_request_id,390,replica_id,4,number_input_tokens,247
cur_request_id,400,replica_id,0,number_input_tokens,429
cur_request_id,400,replica_id,1,number_input_tokens,240
cur_request_id,400,replica_id,2,number_input_tokens,946
cur_request_id,400,replica_id,3,number_input_tokens,1587
cur_request_id,400,replica_id,4,number_input_tokens,139
cur_request_id,410,replica_id,0,number_input_tokens,667
cur_request_id,410,replica_id,1,number_input_tokens,165
cur_request_id,410,replica_id,2,number_input_tokens,1194
cur_request_id,410,replica_id,3,number_input_tokens,1454
cur_request_id,410,replica_id,4,number_input_tokens,240
cur_request_id,420,replica_id,0,number_input_tokens,430
cur_request_id,420,replica_id,1,number_input_tokens,160
cur_request_id,420,replica_id,2,number_input_tokens,2387
cur_request_id,420,replica_id,3,number_input_tokens,1486
cur_request_id,420,replica_id,4,number_input_tokens,485
cur_request_id,430,replica_id,0,number_input_tokens,264
cur_request_id,430,replica_id,1,number_input_tokens,1324
cur_request_id,430,replica_id,2,number_input_tokens,1782
cur_request_id,430,replica_id,3,number_input_tokens,128
cur_request_id,430,replica_id,4,number_input_tokens,550
cur_request_id,440,replica_id,0,number_input_tokens,197
cur_request_id,440,replica_id,1,number_input_tokens,90
cur_request_id,440,replica_id,2,number_input_tokens,683
cur_request_id,440,replica_id,3,number_input_tokens,1245
cur_request_id,440,replica_id,4,number_input_tokens,248
cur_request_id,450,replica_id,0,number_input_tokens,199
cur_request_id,450,replica_id,1,number_input_tokens,188
cur_request_id,450,replica_id,2,number_input_tokens,1122
cur_request_id,450,replica_id,3,number_input_tokens,1814
cur_request_id,450,replica_id,4,number_input_tokens,430
cur_request_id,460,replica_id,0,number_input_tokens,484
cur_request_id,460,replica_id,1,number_input_tokens,555
cur_request_id,460,replica_id,2,number_input_tokens,558
cur_request_id,460,replica_id,3,number_input_tokens,689
cur_request_id,460,replica_id,4,number_input_tokens,182
cur_request_id,470,replica_id,0,number_input_tokens,191
cur_request_id,470,replica_id,1,number_input_tokens,169
cur_request_id,470,replica_id,2,number_input_tokens,395
cur_request_id,470,replica_id,3,number_input_tokens,92
cur_request_id,470,replica_id,4,number_input_tokens,140
cur_request_id,480,replica_id,0,number_input_tokens,514
cur_request_id,480,replica_id,1,number_input_tokens,548
cur_request_id,480,replica_id,2,number_input_tokens,549
cur_request_id,480,replica_id,3,number_input_tokens,221
cur_request_id,480,replica_id,4,number_input_tokens,414
cur_request_id,490,replica_id,0,number_input_tokens,491
cur_request_id,490,replica_id,1,number_input_tokens,437
cur_request_id,490,replica_id,2,number_input_tokens,273
cur_request_id,490,replica_id,3,number_input_tokens,570
cur_request_id,490,replica_id,4,number_input_tokens,445
