cur_request_id,0,replica_id,0,number_input_tokens,0
cur_request_id,0,replica_id,1,number_input_tokens,0
cur_request_id,0,replica_id,2,number_input_tokens,0
cur_request_id,0,replica_id,3,number_input_tokens,0
cur_request_id,0,replica_id,4,number_input_tokens,0
cur_request_id,10,replica_id,0,number_input_tokens,0
cur_request_id,10,replica_id,1,number_input_tokens,0
cur_request_id,10,replica_id,2,number_input_tokens,351
cur_request_id,10,replica_id,3,number_input_tokens,522
cur_request_id,10,replica_id,4,number_input_tokens,0
cur_request_id,20,replica_id,0,number_input_tokens,0
cur_request_id,20,replica_id,1,number_input_tokens,0
cur_request_id,20,replica_id,2,number_input_tokens,3436
cur_request_id,20,replica_id,3,number_input_tokens,0
cur_request_id,20,replica_id,4,number_input_tokens,0
cur_request_id,30,replica_id,0,number_input_tokens,1214
cur_request_id,30,replica_id,1,number_input_tokens,0
cur_request_id,30,replica_id,2,number_input_tokens,3436
cur_request_id,30,replica_id,3,number_input_tokens,367
cur_request_id,30,replica_id,4,number_input_tokens,1386
cur_request_id,40,replica_id,0,number_input_tokens,0
cur_request_id,40,replica_id,1,number_input_tokens,0
cur_request_id,40,replica_id,2,number_input_tokens,730
cur_request_id,40,replica_id,3,number_input_tokens,853
cur_request_id,40,replica_id,4,number_input_tokens,152
cur_request_id,50,replica_id,0,number_input_tokens,0
cur_request_id,50,replica_id,1,number_input_tokens,0
cur_request_id,50,replica_id,2,number_input_tokens,872
cur_request_id,50,replica_id,3,number_input_tokens,703
cur_request_id,50,replica_id,4,number_input_tokens,0
cur_request_id,60,replica_id,0,number_input_tokens,0
cur_request_id,60,replica_id,1,number_input_tokens,0
cur_request_id,60,replica_id,2,number_input_tokens,0
cur_request_id,60,replica_id,3,number_input_tokens,493
cur_request_id,60,replica_id,4,number_input_tokens,0
cur_request_id,70,replica_id,0,number_input_tokens,318
cur_request_id,70,replica_id,1,number_input_tokens,308
cur_request_id,70,replica_id,2,number_input_tokens,646
cur_request_id,70,replica_id,3,number_input_tokens,318
cur_request_id,70,replica_id,4,number_input_tokens,166
cur_request_id,80,replica_id,0,number_input_tokens,0
cur_request_id,80,replica_id,1,number_input_tokens,0
cur_request_id,80,replica_id,2,number_input_tokens,470
cur_request_id,80,replica_id,3,number_input_tokens,324
cur_request_id,80,replica_id,4,number_input_tokens,0
cur_request_id,90,replica_id,0,number_input_tokens,150
cur_request_id,90,replica_id,1,number_input_tokens,150
cur_request_id,90,replica_id,2,number_input_tokens,298
cur_request_id,90,replica_id,3,number_input_tokens,347
cur_request_id,90,replica_id,4,number_input_tokens,1465
cur_request_id,100,replica_id,0,number_input_tokens,1390
cur_request_id,100,replica_id,1,number_input_tokens,0
cur_request_id,100,replica_id,2,number_input_tokens,472
cur_request_id,100,replica_id,3,number_input_tokens,663
cur_request_id,100,replica_id,4,number_input_tokens,158
cur_request_id,110,replica_id,0,number_input_tokens,0
cur_request_id,110,replica_id,1,number_input_tokens,0
cur_request_id,110,replica_id,2,number_input_tokens,450
cur_request_id,110,replica_id,3,number_input_tokens,1208
cur_request_id,110,replica_id,4,number_input_tokens,0
cur_request_id,120,replica_id,0,number_input_tokens,0
cur_request_id,120,replica_id,1,number_input_tokens,0
cur_request_id,120,replica_id,2,number_input_tokens,2168
cur_request_id,120,replica_id,3,number_input_tokens,699
cur_request_id,120,replica_id,4,number_input_tokens,0
cur_request_id,130,replica_id,0,number_input_tokens,169
cur_request_id,130,replica_id,1,number_input_tokens,167
cur_request_id,130,replica_id,2,number_input_tokens,505
cur_request_id,130,replica_id,3,number_input_tokens,688
cur_request_id,130,replica_id,4,number_input_tokens,1632
cur_request_id,140,replica_id,0,number_input_tokens,0
cur_request_id,140,replica_id,1,number_input_tokens,0
cur_request_id,140,replica_id,2,number_input_tokens,509
cur_request_id,140,replica_id,3,number_input_tokens,492
cur_request_id,140,replica_id,4,number_input_tokens,0
cur_request_id,150,replica_id,0,number_input_tokens,0
cur_request_id,150,replica_id,1,number_input_tokens,158
cur_request_id,150,replica_id,2,number_input_tokens,196
cur_request_id,150,replica_id,3,number_input_tokens,414
cur_request_id,150,replica_id,4,number_input_tokens,1384
cur_request_id,160,replica_id,0,number_input_tokens,0
cur_request_id,160,replica_id,1,number_input_tokens,700
cur_request_id,160,replica_id,2,number_input_tokens,0
cur_request_id,160,replica_id,3,number_input_tokens,852
cur_request_id,160,replica_id,4,number_input_tokens,0
cur_request_id,170,replica_id,0,number_input_tokens,0
cur_request_id,170,replica_id,1,number_input_tokens,1918
cur_request_id,170,replica_id,2,number_input_tokens,152
cur_request_id,170,replica_id,3,number_input_tokens,1235
cur_request_id,170,replica_id,4,number_input_tokens,346
cur_request_id,180,replica_id,0,number_input_tokens,0
cur_request_id,180,replica_id,1,number_input_tokens,0
cur_request_id,180,replica_id,2,number_input_tokens,0
cur_request_id,180,replica_id,3,number_input_tokens,1818
cur_request_id,180,replica_id,4,number_input_tokens,1504
cur_request_id,190,replica_id,0,number_input_tokens,300
cur_request_id,190,replica_id,1,number_input_tokens,491
cur_request_id,190,replica_id,2,number_input_tokens,148
cur_request_id,190,replica_id,3,number_input_tokens,1077
cur_request_id,190,replica_id,4,number_input_tokens,519
cur_request_id,200,replica_id,0,number_input_tokens,152
cur_request_id,200,replica_id,1,number_input_tokens,1337
cur_request_id,200,replica_id,2,number_input_tokens,614
cur_request_id,200,replica_id,3,number_input_tokens,1233
cur_request_id,200,replica_id,4,number_input_tokens,669
cur_request_id,210,replica_id,0,number_input_tokens,145
cur_request_id,210,replica_id,1,number_input_tokens,136
cur_request_id,210,replica_id,2,number_input_tokens,156
cur_request_id,210,replica_id,3,number_input_tokens,304
cur_request_id,210,replica_id,4,number_input_tokens,2486
cur_request_id,220,replica_id,0,number_input_tokens,0
cur_request_id,220,replica_id,1,number_input_tokens,2083
cur_request_id,220,replica_id,2,number_input_tokens,0
cur_request_id,220,replica_id,3,number_input_tokens,519
cur_request_id,220,replica_id,4,number_input_tokens,3258
cur_request_id,230,replica_id,0,number_input_tokens,152
cur_request_id,230,replica_id,1,number_input_tokens,1632
cur_request_id,230,replica_id,2,number_input_tokens,344
cur_request_id,230,replica_id,3,number_input_tokens,1034
cur_request_id,230,replica_id,4,number_input_tokens,3301
cur_request_id,240,replica_id,0,number_input_tokens,1646
cur_request_id,240,replica_id,1,number_input_tokens,1262
cur_request_id,240,replica_id,2,number_input_tokens,646
cur_request_id,240,replica_id,3,number_input_tokens,166
cur_request_id,240,replica_id,4,number_input_tokens,890
cur_request_id,250,replica_id,0,number_input_tokens,348
cur_request_id,250,replica_id,1,number_input_tokens,0
cur_request_id,250,replica_id,2,number_input_tokens,150
cur_request_id,250,replica_id,3,number_input_tokens,1630
cur_request_id,250,replica_id,4,number_input_tokens,1291
cur_request_id,260,replica_id,0,number_input_tokens,0
cur_request_id,260,replica_id,1,number_input_tokens,152
cur_request_id,260,replica_id,2,number_input_tokens,164
cur_request_id,260,replica_id,3,number_input_tokens,995
cur_request_id,260,replica_id,4,number_input_tokens,1078
cur_request_id,270,replica_id,0,number_input_tokens,430
cur_request_id,270,replica_id,1,number_input_tokens,158
cur_request_id,270,replica_id,2,number_input_tokens,318
cur_request_id,270,replica_id,3,number_input_tokens,1038
cur_request_id,270,replica_id,4,number_input_tokens,1742
cur_request_id,280,replica_id,0,number_input_tokens,420
cur_request_id,280,replica_id,1,number_input_tokens,882
cur_request_id,280,replica_id,2,number_input_tokens,624
cur_request_id,280,replica_id,3,number_input_tokens,1706
cur_request_id,280,replica_id,4,number_input_tokens,709
cur_request_id,290,replica_id,0,number_input_tokens,0
cur_request_id,290,replica_id,1,number_input_tokens,354
cur_request_id,290,replica_id,2,number_input_tokens,454
cur_request_id,290,replica_id,3,number_input_tokens,1179
cur_request_id,290,replica_id,4,number_input_tokens,2719
cur_request_id,300,replica_id,0,number_input_tokens,150
cur_request_id,300,replica_id,1,number_input_tokens,1174
cur_request_id,300,replica_id,2,number_input_tokens,308
cur_request_id,300,replica_id,3,number_input_tokens,1777
cur_request_id,300,replica_id,4,number_input_tokens,2850
cur_request_id,310,replica_id,0,number_input_tokens,738
cur_request_id,310,replica_id,1,number_input_tokens,2384
cur_request_id,310,replica_id,2,number_input_tokens,604
cur_request_id,310,replica_id,3,number_input_tokens,3596
cur_request_id,310,replica_id,4,number_input_tokens,1211
cur_request_id,320,replica_id,0,number_input_tokens,2118
cur_request_id,320,replica_id,1,number_input_tokens,1358
cur_request_id,320,replica_id,2,number_input_tokens,604
cur_request_id,320,replica_id,3,number_input_tokens,4163
cur_request_id,320,replica_id,4,number_input_tokens,487
cur_request_id,330,replica_id,0,number_input_tokens,2438
cur_request_id,330,replica_id,1,number_input_tokens,1670
cur_request_id,330,replica_id,2,number_input_tokens,767
cur_request_id,330,replica_id,3,number_input_tokens,3709
cur_request_id,330,replica_id,4,number_input_tokens,679
cur_request_id,340,replica_id,0,number_input_tokens,2004
cur_request_id,340,replica_id,1,number_input_tokens,466
cur_request_id,340,replica_id,2,number_input_tokens,1417
cur_request_id,340,replica_id,3,number_input_tokens,4035
cur_request_id,340,replica_id,4,number_input_tokens,699
cur_request_id,350,replica_id,0,number_input_tokens,0
cur_request_id,350,replica_id,1,number_input_tokens,0
cur_request_id,350,replica_id,2,number_input_tokens,1457
cur_request_id,350,replica_id,3,number_input_tokens,3273
cur_request_id,350,replica_id,4,number_input_tokens,0
cur_request_id,360,replica_id,0,number_input_tokens,0
cur_request_id,360,replica_id,1,number_input_tokens,0
cur_request_id,360,replica_id,2,number_input_tokens,495
cur_request_id,360,replica_id,3,number_input_tokens,2487
cur_request_id,360,replica_id,4,number_input_tokens,180
cur_request_id,370,replica_id,0,number_input_tokens,160
cur_request_id,370,replica_id,1,number_input_tokens,318
cur_request_id,370,replica_id,2,number_input_tokens,328
cur_request_id,370,replica_id,3,number_input_tokens,148
cur_request_id,370,replica_id,4,number_input_tokens,330
cur_request_id,380,replica_id,0,number_input_tokens,0
cur_request_id,380,replica_id,1,number_input_tokens,0
cur_request_id,380,replica_id,2,number_input_tokens,956
cur_request_id,380,replica_id,3,number_input_tokens,638
cur_request_id,380,replica_id,4,number_input_tokens,1129
cur_request_id,390,replica_id,0,number_input_tokens,0
cur_request_id,390,replica_id,1,number_input_tokens,0
cur_request_id,390,replica_id,2,number_input_tokens,2205
cur_request_id,390,replica_id,3,number_input_tokens,468
cur_request_id,390,replica_id,4,number_input_tokens,0
cur_request_id,400,replica_id,0,number_input_tokens,0
cur_request_id,400,replica_id,1,number_input_tokens,0
cur_request_id,400,replica_id,2,number_input_tokens,2331
cur_request_id,400,replica_id,3,number_input_tokens,332
cur_request_id,400,replica_id,4,number_input_tokens,0
cur_request_id,410,replica_id,0,number_input_tokens,308
cur_request_id,410,replica_id,1,number_input_tokens,154
cur_request_id,410,replica_id,2,number_input_tokens,480
cur_request_id,410,replica_id,3,number_input_tokens,826
cur_request_id,410,replica_id,4,number_input_tokens,1077
cur_request_id,420,replica_id,0,number_input_tokens,154
cur_request_id,420,replica_id,1,number_input_tokens,5733
cur_request_id,420,replica_id,2,number_input_tokens,498
cur_request_id,420,replica_id,3,number_input_tokens,652
cur_request_id,420,replica_id,4,number_input_tokens,547
cur_request_id,430,replica_id,0,number_input_tokens,306
cur_request_id,430,replica_id,1,number_input_tokens,3959
cur_request_id,430,replica_id,2,number_input_tokens,506
cur_request_id,430,replica_id,3,number_input_tokens,494
cur_request_id,430,replica_id,4,number_input_tokens,0
cur_request_id,440,replica_id,0,number_input_tokens,0
cur_request_id,440,replica_id,1,number_input_tokens,0
cur_request_id,440,replica_id,2,number_input_tokens,0
cur_request_id,440,replica_id,3,number_input_tokens,4546
cur_request_id,440,replica_id,4,number_input_tokens,0
cur_request_id,450,replica_id,0,number_input_tokens,0
cur_request_id,450,replica_id,1,number_input_tokens,0
cur_request_id,450,replica_id,2,number_input_tokens,196
cur_request_id,450,replica_id,3,number_input_tokens,8790
cur_request_id,450,replica_id,4,number_input_tokens,0
cur_request_id,460,replica_id,0,number_input_tokens,0
cur_request_id,460,replica_id,1,number_input_tokens,758
cur_request_id,460,replica_id,2,number_input_tokens,0
cur_request_id,460,replica_id,3,number_input_tokens,9250
cur_request_id,460,replica_id,4,number_input_tokens,0
cur_request_id,470,replica_id,0,number_input_tokens,0
cur_request_id,470,replica_id,1,number_input_tokens,5396
cur_request_id,470,replica_id,2,number_input_tokens,6979
cur_request_id,470,replica_id,3,number_input_tokens,9688
cur_request_id,470,replica_id,4,number_input_tokens,0
cur_request_id,480,replica_id,0,number_input_tokens,2578
cur_request_id,480,replica_id,1,number_input_tokens,0
cur_request_id,480,replica_id,2,number_input_tokens,6979
cur_request_id,480,replica_id,3,number_input_tokens,10015
cur_request_id,480,replica_id,4,number_input_tokens,0
cur_request_id,490,replica_id,0,number_input_tokens,0
cur_request_id,490,replica_id,1,number_input_tokens,3962
cur_request_id,490,replica_id,2,number_input_tokens,1260
cur_request_id,490,replica_id,3,number_input_tokens,10672
cur_request_id,490,replica_id,4,number_input_tokens,0
