cur_request_id,0,replica_id,0,number_pending_tokens,0
cur_request_id,0,replica_id,1,number_pending_tokens,0
cur_request_id,0,replica_id,2,number_pending_tokens,0
cur_request_id,0,replica_id,3,number_pending_tokens,0
cur_request_id,0,replica_id,4,number_pending_tokens,0
cur_request_id,10,replica_id,0,number_pending_tokens,550
cur_request_id,10,replica_id,1,number_pending_tokens,0
cur_request_id,10,replica_id,2,number_pending_tokens,32
cur_request_id,10,replica_id,3,number_pending_tokens,299
cur_request_id,10,replica_id,4,number_pending_tokens,0
cur_request_id,20,replica_id,0,number_pending_tokens,79
cur_request_id,20,replica_id,1,number_pending_tokens,0
cur_request_id,20,replica_id,2,number_pending_tokens,211
cur_request_id,20,replica_id,3,number_pending_tokens,459
cur_request_id,20,replica_id,4,number_pending_tokens,61
cur_request_id,30,replica_id,0,number_pending_tokens,0
cur_request_id,30,replica_id,1,number_pending_tokens,0
cur_request_id,30,replica_id,2,number_pending_tokens,347
cur_request_id,30,replica_id,3,number_pending_tokens,0
cur_request_id,30,replica_id,4,number_pending_tokens,0
cur_request_id,40,replica_id,0,number_pending_tokens,0
cur_request_id,40,replica_id,1,number_pending_tokens,550
cur_request_id,40,replica_id,2,number_pending_tokens,0
cur_request_id,40,replica_id,3,number_pending_tokens,156
cur_request_id,40,replica_id,4,number_pending_tokens,0
cur_request_id,50,replica_id,0,number_pending_tokens,0
cur_request_id,50,replica_id,1,number_pending_tokens,0
cur_request_id,50,replica_id,2,number_pending_tokens,0
cur_request_id,50,replica_id,3,number_pending_tokens,0
cur_request_id,50,replica_id,4,number_pending_tokens,0
cur_request_id,60,replica_id,0,number_pending_tokens,0
cur_request_id,60,replica_id,1,number_pending_tokens,0
cur_request_id,60,replica_id,2,number_pending_tokens,0
cur_request_id,60,replica_id,3,number_pending_tokens,252
cur_request_id,60,replica_id,4,number_pending_tokens,0
cur_request_id,70,replica_id,0,number_pending_tokens,76
cur_request_id,70,replica_id,1,number_pending_tokens,0
cur_request_id,70,replica_id,2,number_pending_tokens,95
cur_request_id,70,replica_id,3,number_pending_tokens,19
cur_request_id,70,replica_id,4,number_pending_tokens,86
cur_request_id,80,replica_id,0,number_pending_tokens,0
cur_request_id,80,replica_id,1,number_pending_tokens,0
cur_request_id,80,replica_id,2,number_pending_tokens,129
cur_request_id,80,replica_id,3,number_pending_tokens,45
cur_request_id,80,replica_id,4,number_pending_tokens,111
cur_request_id,90,replica_id,0,number_pending_tokens,0
cur_request_id,90,replica_id,1,number_pending_tokens,0
cur_request_id,90,replica_id,2,number_pending_tokens,0
cur_request_id,90,replica_id,3,number_pending_tokens,0
cur_request_id,90,replica_id,4,number_pending_tokens,0
cur_request_id,100,replica_id,0,number_pending_tokens,0
cur_request_id,100,replica_id,1,number_pending_tokens,0
cur_request_id,100,replica_id,2,number_pending_tokens,0
cur_request_id,100,replica_id,3,number_pending_tokens,72
cur_request_id,100,replica_id,4,number_pending_tokens,32
cur_request_id,110,replica_id,0,number_pending_tokens,80
cur_request_id,110,replica_id,1,number_pending_tokens,61
cur_request_id,110,replica_id,2,number_pending_tokens,17
cur_request_id,110,replica_id,3,number_pending_tokens,101
cur_request_id,110,replica_id,4,number_pending_tokens,0
cur_request_id,120,replica_id,0,number_pending_tokens,0
cur_request_id,120,replica_id,1,number_pending_tokens,24
cur_request_id,120,replica_id,2,number_pending_tokens,83
cur_request_id,120,replica_id,3,number_pending_tokens,119
cur_request_id,120,replica_id,4,number_pending_tokens,644
cur_request_id,130,replica_id,0,number_pending_tokens,399
cur_request_id,130,replica_id,1,number_pending_tokens,83
cur_request_id,130,replica_id,2,number_pending_tokens,421
cur_request_id,130,replica_id,3,number_pending_tokens,738
cur_request_id,130,replica_id,4,number_pending_tokens,966
cur_request_id,140,replica_id,0,number_pending_tokens,0
cur_request_id,140,replica_id,1,number_pending_tokens,0
cur_request_id,140,replica_id,2,number_pending_tokens,292
cur_request_id,140,replica_id,3,number_pending_tokens,306
cur_request_id,140,replica_id,4,number_pending_tokens,55
cur_request_id,150,replica_id,0,number_pending_tokens,0
cur_request_id,150,replica_id,1,number_pending_tokens,38
cur_request_id,150,replica_id,2,number_pending_tokens,0
cur_request_id,150,replica_id,3,number_pending_tokens,597
cur_request_id,150,replica_id,4,number_pending_tokens,93
cur_request_id,160,replica_id,0,number_pending_tokens,642
cur_request_id,160,replica_id,1,number_pending_tokens,141
cur_request_id,160,replica_id,2,number_pending_tokens,73
cur_request_id,160,replica_id,3,number_pending_tokens,486
cur_request_id,160,replica_id,4,number_pending_tokens,378
cur_request_id,170,replica_id,0,number_pending_tokens,1093
cur_request_id,170,replica_id,1,number_pending_tokens,626
cur_request_id,170,replica_id,2,number_pending_tokens,386
cur_request_id,170,replica_id,3,number_pending_tokens,424
cur_request_id,170,replica_id,4,number_pending_tokens,42
cur_request_id,180,replica_id,0,number_pending_tokens,1759
cur_request_id,180,replica_id,1,number_pending_tokens,0
cur_request_id,180,replica_id,2,number_pending_tokens,62
cur_request_id,180,replica_id,3,number_pending_tokens,697
cur_request_id,180,replica_id,4,number_pending_tokens,893
cur_request_id,190,replica_id,0,number_pending_tokens,1793
cur_request_id,190,replica_id,1,number_pending_tokens,26
cur_request_id,190,replica_id,2,number_pending_tokens,663
cur_request_id,190,replica_id,3,number_pending_tokens,578
cur_request_id,190,replica_id,4,number_pending_tokens,560
cur_request_id,200,replica_id,0,number_pending_tokens,1270
cur_request_id,200,replica_id,1,number_pending_tokens,1202
cur_request_id,200,replica_id,2,number_pending_tokens,781
cur_request_id,200,replica_id,3,number_pending_tokens,1875
cur_request_id,200,replica_id,4,number_pending_tokens,35
cur_request_id,210,replica_id,0,number_pending_tokens,20
cur_request_id,210,replica_id,1,number_pending_tokens,0
cur_request_id,210,replica_id,2,number_pending_tokens,515
cur_request_id,210,replica_id,3,number_pending_tokens,1999
cur_request_id,210,replica_id,4,number_pending_tokens,51
cur_request_id,220,replica_id,0,number_pending_tokens,86
cur_request_id,220,replica_id,1,number_pending_tokens,418
cur_request_id,220,replica_id,2,number_pending_tokens,388
cur_request_id,220,replica_id,3,number_pending_tokens,1502
cur_request_id,220,replica_id,4,number_pending_tokens,138
cur_request_id,230,replica_id,0,number_pending_tokens,127
cur_request_id,230,replica_id,1,number_pending_tokens,582
cur_request_id,230,replica_id,2,number_pending_tokens,502
cur_request_id,230,replica_id,3,number_pending_tokens,1543
cur_request_id,230,replica_id,4,number_pending_tokens,138
cur_request_id,240,replica_id,0,number_pending_tokens,136
cur_request_id,240,replica_id,1,number_pending_tokens,722
cur_request_id,240,replica_id,2,number_pending_tokens,1344
cur_request_id,240,replica_id,3,number_pending_tokens,1312
cur_request_id,240,replica_id,4,number_pending_tokens,716
cur_request_id,250,replica_id,0,number_pending_tokens,485
cur_request_id,250,replica_id,1,number_pending_tokens,75
cur_request_id,250,replica_id,2,number_pending_tokens,1400
cur_request_id,250,replica_id,3,number_pending_tokens,1565
cur_request_id,250,replica_id,4,number_pending_tokens,11475
cur_request_id,260,replica_id,0,number_pending_tokens,454
cur_request_id,260,replica_id,1,number_pending_tokens,1155
cur_request_id,260,replica_id,2,number_pending_tokens,1786
cur_request_id,260,replica_id,3,number_pending_tokens,710
cur_request_id,260,replica_id,4,number_pending_tokens,11735
cur_request_id,270,replica_id,0,number_pending_tokens,632
cur_request_id,270,replica_id,1,number_pending_tokens,1170
cur_request_id,270,replica_id,2,number_pending_tokens,1957
cur_request_id,270,replica_id,3,number_pending_tokens,838
cur_request_id,270,replica_id,4,number_pending_tokens,11293
cur_request_id,280,replica_id,0,number_pending_tokens,172
cur_request_id,280,replica_id,1,number_pending_tokens,85
cur_request_id,280,replica_id,2,number_pending_tokens,868
cur_request_id,280,replica_id,3,number_pending_tokens,3196
cur_request_id,280,replica_id,4,number_pending_tokens,11605
cur_request_id,290,replica_id,0,number_pending_tokens,262
cur_request_id,290,replica_id,1,number_pending_tokens,109
cur_request_id,290,replica_id,2,number_pending_tokens,1009
cur_request_id,290,replica_id,3,number_pending_tokens,3180
cur_request_id,290,replica_id,4,number_pending_tokens,11605
cur_request_id,300,replica_id,0,number_pending_tokens,149
cur_request_id,300,replica_id,1,number_pending_tokens,257
cur_request_id,300,replica_id,2,number_pending_tokens,1003
cur_request_id,300,replica_id,3,number_pending_tokens,3126
cur_request_id,300,replica_id,4,number_pending_tokens,12377
cur_request_id,310,replica_id,0,number_pending_tokens,128
cur_request_id,310,replica_id,1,number_pending_tokens,367
cur_request_id,310,replica_id,2,number_pending_tokens,1613
cur_request_id,310,replica_id,3,number_pending_tokens,2620
cur_request_id,310,replica_id,4,number_pending_tokens,12081
cur_request_id,320,replica_id,0,number_pending_tokens,143
cur_request_id,320,replica_id,1,number_pending_tokens,335
cur_request_id,320,replica_id,2,number_pending_tokens,1356
cur_request_id,320,replica_id,3,number_pending_tokens,323
cur_request_id,320,replica_id,4,number_pending_tokens,12479
cur_request_id,330,replica_id,0,number_pending_tokens,56
cur_request_id,330,replica_id,1,number_pending_tokens,417
cur_request_id,330,replica_id,2,number_pending_tokens,1051
cur_request_id,330,replica_id,3,number_pending_tokens,6292
cur_request_id,330,replica_id,4,number_pending_tokens,12623
cur_request_id,340,replica_id,0,number_pending_tokens,134
cur_request_id,340,replica_id,1,number_pending_tokens,569
cur_request_id,340,replica_id,2,number_pending_tokens,1617
cur_request_id,340,replica_id,3,number_pending_tokens,6288
cur_request_id,340,replica_id,4,number_pending_tokens,542
cur_request_id,350,replica_id,0,number_pending_tokens,260
cur_request_id,350,replica_id,1,number_pending_tokens,582
cur_request_id,350,replica_id,2,number_pending_tokens,1390
cur_request_id,350,replica_id,3,number_pending_tokens,6556
cur_request_id,350,replica_id,4,number_pending_tokens,209
cur_request_id,360,replica_id,0,number_pending_tokens,675
cur_request_id,360,replica_id,1,number_pending_tokens,591
cur_request_id,360,replica_id,2,number_pending_tokens,1485
cur_request_id,360,replica_id,3,number_pending_tokens,6662
cur_request_id,360,replica_id,4,number_pending_tokens,98
cur_request_id,370,replica_id,0,number_pending_tokens,675
cur_request_id,370,replica_id,1,number_pending_tokens,314
cur_request_id,370,replica_id,2,number_pending_tokens,1597
cur_request_id,370,replica_id,3,number_pending_tokens,7477
cur_request_id,370,replica_id,4,number_pending_tokens,229
cur_request_id,380,replica_id,0,number_pending_tokens,707
cur_request_id,380,replica_id,1,number_pending_tokens,418
cur_request_id,380,replica_id,2,number_pending_tokens,351
cur_request_id,380,replica_id,3,number_pending_tokens,7724
cur_request_id,380,replica_id,4,number_pending_tokens,149
cur_request_id,390,replica_id,0,number_pending_tokens,227
cur_request_id,390,replica_id,1,number_pending_tokens,475
cur_request_id,390,replica_id,2,number_pending_tokens,765
cur_request_id,390,replica_id,3,number_pending_tokens,7853
cur_request_id,390,replica_id,4,number_pending_tokens,210
cur_request_id,400,replica_id,0,number_pending_tokens,879
cur_request_id,400,replica_id,1,number_pending_tokens,466
cur_request_id,400,replica_id,2,number_pending_tokens,1540
cur_request_id,400,replica_id,3,number_pending_tokens,7908
cur_request_id,400,replica_id,4,number_pending_tokens,498
cur_request_id,410,replica_id,0,number_pending_tokens,1386
cur_request_id,410,replica_id,1,number_pending_tokens,515
cur_request_id,410,replica_id,2,number_pending_tokens,1628
cur_request_id,410,replica_id,3,number_pending_tokens,1369
cur_request_id,410,replica_id,4,number_pending_tokens,418
cur_request_id,420,replica_id,0,number_pending_tokens,717
cur_request_id,420,replica_id,1,number_pending_tokens,141
cur_request_id,420,replica_id,2,number_pending_tokens,1694
cur_request_id,420,replica_id,3,number_pending_tokens,279
cur_request_id,420,replica_id,4,number_pending_tokens,1875
cur_request_id,430,replica_id,0,number_pending_tokens,265
cur_request_id,430,replica_id,1,number_pending_tokens,434
cur_request_id,430,replica_id,2,number_pending_tokens,548
cur_request_id,430,replica_id,3,number_pending_tokens,1019
cur_request_id,430,replica_id,4,number_pending_tokens,1479
cur_request_id,440,replica_id,0,number_pending_tokens,344
cur_request_id,440,replica_id,1,number_pending_tokens,501
cur_request_id,440,replica_id,2,number_pending_tokens,844
cur_request_id,440,replica_id,3,number_pending_tokens,1653
cur_request_id,440,replica_id,4,number_pending_tokens,2603
cur_request_id,450,replica_id,0,number_pending_tokens,311
cur_request_id,450,replica_id,1,number_pending_tokens,730
cur_request_id,450,replica_id,2,number_pending_tokens,305
cur_request_id,450,replica_id,3,number_pending_tokens,876
cur_request_id,450,replica_id,4,number_pending_tokens,1655
cur_request_id,460,replica_id,0,number_pending_tokens,419
cur_request_id,460,replica_id,1,number_pending_tokens,667
cur_request_id,460,replica_id,2,number_pending_tokens,792
cur_request_id,460,replica_id,3,number_pending_tokens,395
cur_request_id,460,replica_id,4,number_pending_tokens,444
cur_request_id,470,replica_id,0,number_pending_tokens,330
cur_request_id,470,replica_id,1,number_pending_tokens,12
cur_request_id,470,replica_id,2,number_pending_tokens,459
cur_request_id,470,replica_id,3,number_pending_tokens,531
cur_request_id,470,replica_id,4,number_pending_tokens,23
cur_request_id,480,replica_id,0,number_pending_tokens,665
cur_request_id,480,replica_id,1,number_pending_tokens,68
cur_request_id,480,replica_id,2,number_pending_tokens,393
cur_request_id,480,replica_id,3,number_pending_tokens,843
cur_request_id,480,replica_id,4,number_pending_tokens,275
cur_request_id,490,replica_id,0,number_pending_tokens,346
cur_request_id,490,replica_id,1,number_pending_tokens,217
cur_request_id,490,replica_id,2,number_pending_tokens,753
cur_request_id,490,replica_id,3,number_pending_tokens,712
cur_request_id,490,replica_id,4,number_pending_tokens,252
