cur_request_id,0,replica_id,0,number_input_tokens,0
cur_request_id,0,replica_id,1,number_input_tokens,0
cur_request_id,0,replica_id,2,number_input_tokens,0
cur_request_id,0,replica_id,3,number_input_tokens,0
cur_request_id,0,replica_id,4,number_input_tokens,0
cur_request_id,10,replica_id,0,number_input_tokens,18
cur_request_id,10,replica_id,1,number_input_tokens,0
cur_request_id,10,replica_id,2,number_input_tokens,14
cur_request_id,10,replica_id,3,number_input_tokens,96
cur_request_id,10,replica_id,4,number_input_tokens,0
cur_request_id,20,replica_id,0,number_input_tokens,39
cur_request_id,20,replica_id,1,number_input_tokens,0
cur_request_id,20,replica_id,2,number_input_tokens,61
cur_request_id,20,replica_id,3,number_input_tokens,35
cur_request_id,20,replica_id,4,number_input_tokens,0
cur_request_id,30,replica_id,0,number_input_tokens,0
cur_request_id,30,replica_id,1,number_input_tokens,0
cur_request_id,30,replica_id,2,number_input_tokens,0
cur_request_id,30,replica_id,3,number_input_tokens,0
cur_request_id,30,replica_id,4,number_input_tokens,0
cur_request_id,40,replica_id,0,number_input_tokens,0
cur_request_id,40,replica_id,1,number_input_tokens,0
cur_request_id,40,replica_id,2,number_input_tokens,550
cur_request_id,40,replica_id,3,number_input_tokens,156
cur_request_id,40,replica_id,4,number_input_tokens,0
cur_request_id,50,replica_id,0,number_input_tokens,0
cur_request_id,50,replica_id,1,number_input_tokens,0
cur_request_id,50,replica_id,2,number_input_tokens,0
cur_request_id,50,replica_id,3,number_input_tokens,0
cur_request_id,50,replica_id,4,number_input_tokens,0
cur_request_id,60,replica_id,0,number_input_tokens,0
cur_request_id,60,replica_id,1,number_input_tokens,0
cur_request_id,60,replica_id,2,number_input_tokens,0
cur_request_id,60,replica_id,3,number_input_tokens,0
cur_request_id,60,replica_id,4,number_input_tokens,0
cur_request_id,70,replica_id,0,number_input_tokens,19
cur_request_id,70,replica_id,1,number_input_tokens,0
cur_request_id,70,replica_id,2,number_input_tokens,95
cur_request_id,70,replica_id,3,number_input_tokens,40
cur_request_id,70,replica_id,4,number_input_tokens,0
cur_request_id,80,replica_id,0,number_input_tokens,0
cur_request_id,80,replica_id,1,number_input_tokens,0
cur_request_id,80,replica_id,2,number_input_tokens,106
cur_request_id,80,replica_id,3,number_input_tokens,0
cur_request_id,80,replica_id,4,number_input_tokens,111
cur_request_id,90,replica_id,0,number_input_tokens,0
cur_request_id,90,replica_id,1,number_input_tokens,0
cur_request_id,90,replica_id,2,number_input_tokens,0
cur_request_id,90,replica_id,3,number_input_tokens,0
cur_request_id,90,replica_id,4,number_input_tokens,0
cur_request_id,100,replica_id,0,number_input_tokens,0
cur_request_id,100,replica_id,1,number_input_tokens,0
cur_request_id,100,replica_id,2,number_input_tokens,0
cur_request_id,100,replica_id,3,number_input_tokens,0
cur_request_id,100,replica_id,4,number_input_tokens,0
cur_request_id,110,replica_id,0,number_input_tokens,61
cur_request_id,110,replica_id,1,number_input_tokens,0
cur_request_id,110,replica_id,2,number_input_tokens,0
cur_request_id,110,replica_id,3,number_input_tokens,71
cur_request_id,110,replica_id,4,number_input_tokens,86
cur_request_id,120,replica_id,0,number_input_tokens,0
cur_request_id,120,replica_id,1,number_input_tokens,24
cur_request_id,120,replica_id,2,number_input_tokens,84
cur_request_id,120,replica_id,3,number_input_tokens,83
cur_request_id,120,replica_id,4,number_input_tokens,596
cur_request_id,130,replica_id,0,number_input_tokens,287
cur_request_id,130,replica_id,1,number_input_tokens,0
cur_request_id,130,replica_id,2,number_input_tokens,462
cur_request_id,130,replica_id,3,number_input_tokens,406
cur_request_id,130,replica_id,4,number_input_tokens,20
cur_request_id,140,replica_id,0,number_input_tokens,0
cur_request_id,140,replica_id,1,number_input_tokens,0
cur_request_id,140,replica_id,2,number_input_tokens,434
cur_request_id,140,replica_id,3,number_input_tokens,0
cur_request_id,140,replica_id,4,number_input_tokens,0
cur_request_id,150,replica_id,0,number_input_tokens,88
cur_request_id,150,replica_id,1,number_input_tokens,0
cur_request_id,150,replica_id,2,number_input_tokens,426
cur_request_id,150,replica_id,3,number_input_tokens,0
cur_request_id,150,replica_id,4,number_input_tokens,295
cur_request_id,160,replica_id,0,number_input_tokens,0
cur_request_id,160,replica_id,1,number_input_tokens,104
cur_request_id,160,replica_id,2,number_input_tokens,464
cur_request_id,160,replica_id,3,number_input_tokens,0
cur_request_id,160,replica_id,4,number_input_tokens,0
cur_request_id,170,replica_id,0,number_input_tokens,0
cur_request_id,170,replica_id,1,number_input_tokens,0
cur_request_id,170,replica_id,2,number_input_tokens,615
cur_request_id,170,replica_id,3,number_input_tokens,414
cur_request_id,170,replica_id,4,number_input_tokens,27
cur_request_id,180,replica_id,0,number_input_tokens,147
cur_request_id,180,replica_id,1,number_input_tokens,0
cur_request_id,180,replica_id,2,number_input_tokens,100
cur_request_id,180,replica_id,3,number_input_tokens,387
cur_request_id,180,replica_id,4,number_input_tokens,0
cur_request_id,190,replica_id,0,number_input_tokens,18
cur_request_id,190,replica_id,1,number_input_tokens,34
cur_request_id,190,replica_id,2,number_input_tokens,44
cur_request_id,190,replica_id,3,number_input_tokens,159
cur_request_id,190,replica_id,4,number_input_tokens,17
cur_request_id,200,replica_id,0,number_input_tokens,337
cur_request_id,200,replica_id,1,number_input_tokens,0
cur_request_id,200,replica_id,2,number_input_tokens,1704
cur_request_id,200,replica_id,3,number_input_tokens,268
cur_request_id,200,replica_id,4,number_input_tokens,506
cur_request_id,210,replica_id,0,number_input_tokens,25
cur_request_id,210,replica_id,1,number_input_tokens,133
cur_request_id,210,replica_id,2,number_input_tokens,509
cur_request_id,210,replica_id,3,number_input_tokens,135
cur_request_id,210,replica_id,4,number_input_tokens,51
cur_request_id,220,replica_id,0,number_input_tokens,174
cur_request_id,220,replica_id,1,number_input_tokens,53
cur_request_id,220,replica_id,2,number_input_tokens,438
cur_request_id,220,replica_id,3,number_input_tokens,189
cur_request_id,220,replica_id,4,number_input_tokens,127
cur_request_id,230,replica_id,0,number_input_tokens,156
cur_request_id,230,replica_id,1,number_input_tokens,161
cur_request_id,230,replica_id,2,number_input_tokens,510
cur_request_id,230,replica_id,3,number_input_tokens,732
cur_request_id,230,replica_id,4,number_input_tokens,181
cur_request_id,240,replica_id,0,number_input_tokens,1016
cur_request_id,240,replica_id,1,number_input_tokens,45
cur_request_id,240,replica_id,2,number_input_tokens,148
cur_request_id,240,replica_id,3,number_input_tokens,592
cur_request_id,240,replica_id,4,number_input_tokens,647
cur_request_id,250,replica_id,0,number_input_tokens,0
cur_request_id,250,replica_id,1,number_input_tokens,10882
cur_request_id,250,replica_id,2,number_input_tokens,203
cur_request_id,250,replica_id,3,number_input_tokens,119
cur_request_id,250,replica_id,4,number_input_tokens,620
cur_request_id,260,replica_id,0,number_input_tokens,1062
cur_request_id,260,replica_id,1,number_input_tokens,10910
cur_request_id,260,replica_id,2,number_input_tokens,152
cur_request_id,260,replica_id,3,number_input_tokens,392
cur_request_id,260,replica_id,4,number_input_tokens,444
cur_request_id,270,replica_id,0,number_input_tokens,126
cur_request_id,270,replica_id,1,number_input_tokens,11339
cur_request_id,270,replica_id,2,number_input_tokens,383
cur_request_id,270,replica_id,3,number_input_tokens,83
cur_request_id,270,replica_id,4,number_input_tokens,321
cur_request_id,280,replica_id,0,number_input_tokens,607
cur_request_id,280,replica_id,1,number_input_tokens,11379
cur_request_id,280,replica_id,2,number_input_tokens,529
cur_request_id,280,replica_id,3,number_input_tokens,2468
cur_request_id,280,replica_id,4,number_input_tokens,343
cur_request_id,290,replica_id,0,number_input_tokens,94
cur_request_id,290,replica_id,1,number_input_tokens,11459
cur_request_id,290,replica_id,2,number_input_tokens,314
cur_request_id,290,replica_id,3,number_input_tokens,2642
cur_request_id,290,replica_id,4,number_input_tokens,355
cur_request_id,300,replica_id,0,number_input_tokens,431
cur_request_id,300,replica_id,1,number_input_tokens,11459
cur_request_id,300,replica_id,2,number_input_tokens,346
cur_request_id,300,replica_id,3,number_input_tokens,3621
cur_request_id,300,replica_id,4,number_input_tokens,390
cur_request_id,310,replica_id,0,number_input_tokens,33
cur_request_id,310,replica_id,1,number_input_tokens,123
cur_request_id,310,replica_id,2,number_input_tokens,122
cur_request_id,310,replica_id,3,number_input_tokens,2028
cur_request_id,310,replica_id,4,number_input_tokens,5768
cur_request_id,320,replica_id,0,number_input_tokens,0
cur_request_id,320,replica_id,1,number_input_tokens,443
cur_request_id,320,replica_id,2,number_input_tokens,297
cur_request_id,320,replica_id,3,number_input_tokens,1235
cur_request_id,320,replica_id,4,number_input_tokens,6022
cur_request_id,330,replica_id,0,number_input_tokens,0
cur_request_id,330,replica_id,1,number_input_tokens,214
cur_request_id,330,replica_id,2,number_input_tokens,239
cur_request_id,330,replica_id,3,number_input_tokens,321
cur_request_id,330,replica_id,4,number_input_tokens,6055
cur_request_id,340,replica_id,0,number_input_tokens,348
cur_request_id,340,replica_id,1,number_input_tokens,49
cur_request_id,340,replica_id,2,number_input_tokens,632
cur_request_id,340,replica_id,3,number_input_tokens,315
cur_request_id,340,replica_id,4,number_input_tokens,0
cur_request_id,350,replica_id,0,number_input_tokens,14
cur_request_id,350,replica_id,1,number_input_tokens,405
cur_request_id,350,replica_id,2,number_input_tokens,113
cur_request_id,350,replica_id,3,number_input_tokens,512
cur_request_id,350,replica_id,4,number_input_tokens,129
cur_request_id,360,replica_id,0,number_input_tokens,530
cur_request_id,360,replica_id,1,number_input_tokens,493
cur_request_id,360,replica_id,2,number_input_tokens,141
cur_request_id,360,replica_id,3,number_input_tokens,254
cur_request_id,360,replica_id,4,number_input_tokens,232
cur_request_id,370,replica_id,0,number_input_tokens,1422
cur_request_id,370,replica_id,1,number_input_tokens,128
cur_request_id,370,replica_id,2,number_input_tokens,327
cur_request_id,370,replica_id,3,number_input_tokens,299
cur_request_id,370,replica_id,4,number_input_tokens,85
cur_request_id,380,replica_id,0,number_input_tokens,965
cur_request_id,380,replica_id,1,number_input_tokens,346
cur_request_id,380,replica_id,2,number_input_tokens,393
cur_request_id,380,replica_id,3,number_input_tokens,300
cur_request_id,380,replica_id,4,number_input_tokens,49
cur_request_id,390,replica_id,0,number_input_tokens,476
cur_request_id,390,replica_id,1,number_input_tokens,61
cur_request_id,390,replica_id,2,number_input_tokens,349
cur_request_id,390,replica_id,3,number_input_tokens,300
cur_request_id,390,replica_id,4,number_input_tokens,111
cur_request_id,400,replica_id,0,number_input_tokens,528
cur_request_id,400,replica_id,1,number_input_tokens,45
cur_request_id,400,replica_id,2,number_input_tokens,1222
cur_request_id,400,replica_id,3,number_input_tokens,886
cur_request_id,400,replica_id,4,number_input_tokens,781
cur_request_id,410,replica_id,0,number_input_tokens,513
cur_request_id,410,replica_id,1,number_input_tokens,236
cur_request_id,410,replica_id,2,number_input_tokens,1566
cur_request_id,410,replica_id,3,number_input_tokens,970
cur_request_id,410,replica_id,4,number_input_tokens,919
cur_request_id,420,replica_id,0,number_input_tokens,1407
cur_request_id,420,replica_id,1,number_input_tokens,83
cur_request_id,420,replica_id,2,number_input_tokens,1010
cur_request_id,420,replica_id,3,number_input_tokens,770
cur_request_id,420,replica_id,4,number_input_tokens,106
cur_request_id,430,replica_id,0,number_input_tokens,1405
cur_request_id,430,replica_id,1,number_input_tokens,388
cur_request_id,430,replica_id,2,number_input_tokens,1329
cur_request_id,430,replica_id,3,number_input_tokens,582
cur_request_id,430,replica_id,4,number_input_tokens,224
cur_request_id,440,replica_id,0,number_input_tokens,3251
cur_request_id,440,replica_id,1,number_input_tokens,388
cur_request_id,440,replica_id,2,number_input_tokens,1266
cur_request_id,440,replica_id,3,number_input_tokens,782
cur_request_id,440,replica_id,4,number_input_tokens,258
cur_request_id,450,replica_id,0,number_input_tokens,2441
cur_request_id,450,replica_id,1,number_input_tokens,511
cur_request_id,450,replica_id,2,number_input_tokens,440
cur_request_id,450,replica_id,3,number_input_tokens,709
cur_request_id,450,replica_id,4,number_input_tokens,328
cur_request_id,460,replica_id,0,number_input_tokens,32
cur_request_id,460,replica_id,1,number_input_tokens,87
cur_request_id,460,replica_id,2,number_input_tokens,606
cur_request_id,460,replica_id,3,number_input_tokens,428
cur_request_id,460,replica_id,4,number_input_tokens,192
cur_request_id,470,replica_id,0,number_input_tokens,176
cur_request_id,470,replica_id,1,number_input_tokens,56
cur_request_id,470,replica_id,2,number_input_tokens,654
cur_request_id,470,replica_id,3,number_input_tokens,212
cur_request_id,470,replica_id,4,number_input_tokens,442
cur_request_id,480,replica_id,0,number_input_tokens,268
cur_request_id,480,replica_id,1,number_input_tokens,393
cur_request_id,480,replica_id,2,number_input_tokens,412
cur_request_id,480,replica_id,3,number_input_tokens,698
cur_request_id,480,replica_id,4,number_input_tokens,584
cur_request_id,490,replica_id,0,number_input_tokens,93
cur_request_id,490,replica_id,1,number_input_tokens,104
cur_request_id,490,replica_id,2,number_input_tokens,464
cur_request_id,490,replica_id,3,number_input_tokens,616
cur_request_id,490,replica_id,4,number_input_tokens,143
