cur_request_id,0,replica_id,0,number_input_tokens,0
cur_request_id,0,replica_id,1,number_input_tokens,0
cur_request_id,0,replica_id,2,number_input_tokens,0
cur_request_id,0,replica_id,3,number_input_tokens,0
cur_request_id,0,replica_id,4,number_input_tokens,0
cur_request_id,10,replica_id,0,number_input_tokens,351
cur_request_id,10,replica_id,1,number_input_tokens,349
cur_request_id,10,replica_id,2,number_input_tokens,736
cur_request_id,10,replica_id,3,number_input_tokens,697
cur_request_id,10,replica_id,4,number_input_tokens,0
cur_request_id,20,replica_id,0,number_input_tokens,3475
cur_request_id,20,replica_id,1,number_input_tokens,0
cur_request_id,20,replica_id,2,number_input_tokens,890
cur_request_id,20,replica_id,3,number_input_tokens,839
cur_request_id,20,replica_id,4,number_input_tokens,1496
cur_request_id,30,replica_id,0,number_input_tokens,7607
cur_request_id,30,replica_id,1,number_input_tokens,0
cur_request_id,30,replica_id,2,number_input_tokens,851
cur_request_id,30,replica_id,3,number_input_tokens,1256
cur_request_id,30,replica_id,4,number_input_tokens,2665
cur_request_id,40,replica_id,0,number_input_tokens,7753
cur_request_id,40,replica_id,1,number_input_tokens,166
cur_request_id,40,replica_id,2,number_input_tokens,1134
cur_request_id,40,replica_id,3,number_input_tokens,1198
cur_request_id,40,replica_id,4,number_input_tokens,3748
cur_request_id,50,replica_id,0,number_input_tokens,5873
cur_request_id,50,replica_id,1,number_input_tokens,312
cur_request_id,50,replica_id,2,number_input_tokens,1129
cur_request_id,50,replica_id,3,number_input_tokens,1203
cur_request_id,50,replica_id,4,number_input_tokens,4833
cur_request_id,60,replica_id,0,number_input_tokens,6037
cur_request_id,60,replica_id,1,number_input_tokens,295
cur_request_id,60,replica_id,2,number_input_tokens,1447
cur_request_id,60,replica_id,3,number_input_tokens,1491
cur_request_id,60,replica_id,4,number_input_tokens,4941
cur_request_id,70,replica_id,0,number_input_tokens,322
cur_request_id,70,replica_id,1,number_input_tokens,664
cur_request_id,70,replica_id,2,number_input_tokens,1259
cur_request_id,70,replica_id,3,number_input_tokens,1031
cur_request_id,70,replica_id,4,number_input_tokens,4276
cur_request_id,80,replica_id,0,number_input_tokens,866
cur_request_id,80,replica_id,1,number_input_tokens,818
cur_request_id,80,replica_id,2,number_input_tokens,937
cur_request_id,80,replica_id,3,number_input_tokens,907
cur_request_id,80,replica_id,4,number_input_tokens,2275
cur_request_id,90,replica_id,0,number_input_tokens,856
cur_request_id,90,replica_id,1,number_input_tokens,446
cur_request_id,90,replica_id,2,number_input_tokens,967
cur_request_id,90,replica_id,3,number_input_tokens,912
cur_request_id,90,replica_id,4,number_input_tokens,2160
cur_request_id,100,replica_id,0,number_input_tokens,148
cur_request_id,100,replica_id,1,number_input_tokens,292
cur_request_id,100,replica_id,2,number_input_tokens,1133
cur_request_id,100,replica_id,3,number_input_tokens,748
cur_request_id,100,replica_id,4,number_input_tokens,3359
cur_request_id,110,replica_id,0,number_input_tokens,334
cur_request_id,110,replica_id,1,number_input_tokens,528
cur_request_id,110,replica_id,2,number_input_tokens,1117
cur_request_id,110,replica_id,3,number_input_tokens,608
cur_request_id,110,replica_id,4,number_input_tokens,4239
cur_request_id,120,replica_id,0,number_input_tokens,334
cur_request_id,120,replica_id,1,number_input_tokens,690
cur_request_id,120,replica_id,2,number_input_tokens,3307
cur_request_id,120,replica_id,3,number_input_tokens,470
cur_request_id,120,replica_id,4,number_input_tokens,4745
cur_request_id,130,replica_id,0,number_input_tokens,694
cur_request_id,130,replica_id,1,number_input_tokens,1038
cur_request_id,130,replica_id,2,number_input_tokens,2350
cur_request_id,130,replica_id,3,number_input_tokens,637
cur_request_id,130,replica_id,4,number_input_tokens,2312
cur_request_id,140,replica_id,0,number_input_tokens,1782
cur_request_id,140,replica_id,1,number_input_tokens,0
cur_request_id,140,replica_id,2,number_input_tokens,2156
cur_request_id,140,replica_id,3,number_input_tokens,167
cur_request_id,140,replica_id,4,number_input_tokens,1409
cur_request_id,150,replica_id,0,number_input_tokens,2304
cur_request_id,150,replica_id,1,number_input_tokens,0
cur_request_id,150,replica_id,2,number_input_tokens,146
cur_request_id,150,replica_id,3,number_input_tokens,196
cur_request_id,150,replica_id,4,number_input_tokens,697
cur_request_id,160,replica_id,0,number_input_tokens,2097
cur_request_id,160,replica_id,1,number_input_tokens,160
cur_request_id,160,replica_id,2,number_input_tokens,146
cur_request_id,160,replica_id,3,number_input_tokens,148
cur_request_id,160,replica_id,4,number_input_tokens,150
cur_request_id,170,replica_id,0,number_input_tokens,154
cur_request_id,170,replica_id,1,number_input_tokens,142
cur_request_id,170,replica_id,2,number_input_tokens,298
cur_request_id,170,replica_id,3,number_input_tokens,493
cur_request_id,170,replica_id,4,number_input_tokens,1794
cur_request_id,180,replica_id,0,number_input_tokens,1512
cur_request_id,180,replica_id,1,number_input_tokens,0
cur_request_id,180,replica_id,2,number_input_tokens,0
cur_request_id,180,replica_id,3,number_input_tokens,144
cur_request_id,180,replica_id,4,number_input_tokens,2322
cur_request_id,190,replica_id,0,number_input_tokens,148
cur_request_id,190,replica_id,1,number_input_tokens,345
cur_request_id,190,replica_id,2,number_input_tokens,0
cur_request_id,190,replica_id,3,number_input_tokens,0
cur_request_id,190,replica_id,4,number_input_tokens,1597
cur_request_id,200,replica_id,0,number_input_tokens,838
cur_request_id,200,replica_id,1,number_input_tokens,150
cur_request_id,200,replica_id,2,number_input_tokens,0
cur_request_id,200,replica_id,3,number_input_tokens,152
cur_request_id,200,replica_id,4,number_input_tokens,154
cur_request_id,210,replica_id,0,number_input_tokens,145
cur_request_id,210,replica_id,1,number_input_tokens,0
cur_request_id,210,replica_id,2,number_input_tokens,1572
cur_request_id,210,replica_id,3,number_input_tokens,136
cur_request_id,210,replica_id,4,number_input_tokens,1062
cur_request_id,220,replica_id,0,number_input_tokens,0
cur_request_id,220,replica_id,1,number_input_tokens,693
cur_request_id,220,replica_id,2,number_input_tokens,3158
cur_request_id,220,replica_id,3,number_input_tokens,1313
cur_request_id,220,replica_id,4,number_input_tokens,0
cur_request_id,230,replica_id,0,number_input_tokens,158
cur_request_id,230,replica_id,1,number_input_tokens,172
cur_request_id,230,replica_id,2,number_input_tokens,1399
cur_request_id,230,replica_id,3,number_input_tokens,324
cur_request_id,230,replica_id,4,number_input_tokens,1839
cur_request_id,240,replica_id,0,number_input_tokens,0
cur_request_id,240,replica_id,1,number_input_tokens,1831
cur_request_id,240,replica_id,2,number_input_tokens,0
cur_request_id,240,replica_id,3,number_input_tokens,0
cur_request_id,240,replica_id,4,number_input_tokens,919
cur_request_id,250,replica_id,0,number_input_tokens,0
cur_request_id,250,replica_id,1,number_input_tokens,188
cur_request_id,250,replica_id,2,number_input_tokens,348
cur_request_id,250,replica_id,3,number_input_tokens,1673
cur_request_id,250,replica_id,4,number_input_tokens,346
cur_request_id,260,replica_id,0,number_input_tokens,0
cur_request_id,260,replica_id,1,number_input_tokens,531
cur_request_id,260,replica_id,2,number_input_tokens,162
cur_request_id,260,replica_id,3,number_input_tokens,1015
cur_request_id,260,replica_id,4,number_input_tokens,345
cur_request_id,270,replica_id,0,number_input_tokens,430
cur_request_id,270,replica_id,1,number_input_tokens,158
cur_request_id,270,replica_id,2,number_input_tokens,166
cur_request_id,270,replica_id,3,number_input_tokens,1023
cur_request_id,270,replica_id,4,number_input_tokens,1028
cur_request_id,280,replica_id,0,number_input_tokens,336
cur_request_id,280,replica_id,1,number_input_tokens,1696
cur_request_id,280,replica_id,2,number_input_tokens,806
cur_request_id,280,replica_id,3,number_input_tokens,492
cur_request_id,280,replica_id,4,number_input_tokens,470
cur_request_id,290,replica_id,0,number_input_tokens,780
cur_request_id,290,replica_id,1,number_input_tokens,4375
cur_request_id,290,replica_id,2,number_input_tokens,1262
cur_request_id,290,replica_id,3,number_input_tokens,1092
cur_request_id,290,replica_id,4,number_input_tokens,2219
cur_request_id,300,replica_id,0,number_input_tokens,298
cur_request_id,300,replica_id,1,number_input_tokens,3843
cur_request_id,300,replica_id,2,number_input_tokens,920
cur_request_id,300,replica_id,3,number_input_tokens,942
cur_request_id,300,replica_id,4,number_input_tokens,3021
cur_request_id,310,replica_id,0,number_input_tokens,150
cur_request_id,310,replica_id,1,number_input_tokens,1164
cur_request_id,310,replica_id,2,number_input_tokens,614
cur_request_id,310,replica_id,3,number_input_tokens,782
cur_request_id,310,replica_id,4,number_input_tokens,5073
cur_request_id,320,replica_id,0,number_input_tokens,1910
cur_request_id,320,replica_id,1,number_input_tokens,158
cur_request_id,320,replica_id,2,number_input_tokens,468
cur_request_id,320,replica_id,3,number_input_tokens,296
cur_request_id,320,replica_id,4,number_input_tokens,4506
cur_request_id,330,replica_id,0,number_input_tokens,1198
cur_request_id,330,replica_id,1,number_input_tokens,152
cur_request_id,330,replica_id,2,number_input_tokens,480
cur_request_id,330,replica_id,3,number_input_tokens,606
cur_request_id,330,replica_id,4,number_input_tokens,551
cur_request_id,340,replica_id,0,number_input_tokens,154
cur_request_id,340,replica_id,1,number_input_tokens,164
cur_request_id,340,replica_id,2,number_input_tokens,474
cur_request_id,340,replica_id,3,number_input_tokens,612
cur_request_id,340,replica_id,4,number_input_tokens,158
cur_request_id,350,replica_id,0,number_input_tokens,308
cur_request_id,350,replica_id,1,number_input_tokens,292
cur_request_id,350,replica_id,2,number_input_tokens,464
cur_request_id,350,replica_id,3,number_input_tokens,300
cur_request_id,350,replica_id,4,number_input_tokens,162
cur_request_id,360,replica_id,0,number_input_tokens,500
cur_request_id,360,replica_id,1,number_input_tokens,332
cur_request_id,360,replica_id,2,number_input_tokens,334
cur_request_id,360,replica_id,3,number_input_tokens,473
cur_request_id,360,replica_id,4,number_input_tokens,185
cur_request_id,370,replica_id,0,number_input_tokens,156
cur_request_id,370,replica_id,1,number_input_tokens,168
cur_request_id,370,replica_id,2,number_input_tokens,949
cur_request_id,370,replica_id,3,number_input_tokens,312
cur_request_id,370,replica_id,4,number_input_tokens,0
cur_request_id,380,replica_id,0,number_input_tokens,156
cur_request_id,380,replica_id,1,number_input_tokens,162
cur_request_id,380,replica_id,2,number_input_tokens,330
cur_request_id,380,replica_id,3,number_input_tokens,649
cur_request_id,380,replica_id,4,number_input_tokens,1748
cur_request_id,390,replica_id,0,number_input_tokens,154
cur_request_id,390,replica_id,1,number_input_tokens,172
cur_request_id,390,replica_id,2,number_input_tokens,166
cur_request_id,390,replica_id,3,number_input_tokens,323
cur_request_id,390,replica_id,4,number_input_tokens,148
cur_request_id,400,replica_id,0,number_input_tokens,296
cur_request_id,400,replica_id,1,number_input_tokens,160
cur_request_id,400,replica_id,2,number_input_tokens,644
cur_request_id,400,replica_id,3,number_input_tokens,166
cur_request_id,400,replica_id,4,number_input_tokens,158
cur_request_id,410,replica_id,0,number_input_tokens,306
cur_request_id,410,replica_id,1,number_input_tokens,1075
cur_request_id,410,replica_id,2,number_input_tokens,312
cur_request_id,410,replica_id,3,number_input_tokens,154
cur_request_id,410,replica_id,4,number_input_tokens,0
cur_request_id,420,replica_id,0,number_input_tokens,533
cur_request_id,420,replica_id,1,number_input_tokens,1374
cur_request_id,420,replica_id,2,number_input_tokens,0
cur_request_id,420,replica_id,3,number_input_tokens,154
cur_request_id,420,replica_id,4,number_input_tokens,4545
cur_request_id,430,replica_id,0,number_input_tokens,0
cur_request_id,430,replica_id,1,number_input_tokens,0
cur_request_id,430,replica_id,2,number_input_tokens,156
cur_request_id,430,replica_id,3,number_input_tokens,302
cur_request_id,430,replica_id,4,number_input_tokens,0
cur_request_id,440,replica_id,0,number_input_tokens,2088
cur_request_id,440,replica_id,1,number_input_tokens,0
cur_request_id,440,replica_id,2,number_input_tokens,1697
cur_request_id,440,replica_id,3,number_input_tokens,881
cur_request_id,440,replica_id,4,number_input_tokens,0
cur_request_id,450,replica_id,0,number_input_tokens,1708
cur_request_id,450,replica_id,1,number_input_tokens,993
cur_request_id,450,replica_id,2,number_input_tokens,15507
cur_request_id,450,replica_id,3,number_input_tokens,1670
cur_request_id,450,replica_id,4,number_input_tokens,650
cur_request_id,460,replica_id,0,number_input_tokens,3259
cur_request_id,460,replica_id,1,number_input_tokens,2683
cur_request_id,460,replica_id,2,number_input_tokens,15797
cur_request_id,460,replica_id,3,number_input_tokens,4095
cur_request_id,460,replica_id,4,number_input_tokens,650
cur_request_id,470,replica_id,0,number_input_tokens,15866
cur_request_id,470,replica_id,1,number_input_tokens,5241
cur_request_id,470,replica_id,2,number_input_tokens,8875
cur_request_id,470,replica_id,3,number_input_tokens,2265
cur_request_id,470,replica_id,4,number_input_tokens,0
cur_request_id,480,replica_id,0,number_input_tokens,12375
cur_request_id,480,replica_id,1,number_input_tokens,9172
cur_request_id,480,replica_id,2,number_input_tokens,350
cur_request_id,480,replica_id,3,number_input_tokens,0
cur_request_id,480,replica_id,4,number_input_tokens,0
cur_request_id,490,replica_id,0,number_input_tokens,2724
cur_request_id,490,replica_id,1,number_input_tokens,6771
cur_request_id,490,replica_id,2,number_input_tokens,350
cur_request_id,490,replica_id,3,number_input_tokens,1476
cur_request_id,490,replica_id,4,number_input_tokens,0
