cur_request_id,0,replica_id,0,number_pending_tokens,0
cur_request_id,0,replica_id,1,number_pending_tokens,0
cur_request_id,0,replica_id,2,number_pending_tokens,0
cur_request_id,0,replica_id,3,number_pending_tokens,0
cur_request_id,0,replica_id,4,number_pending_tokens,0
cur_request_id,10,replica_id,0,number_pending_tokens,351
cur_request_id,10,replica_id,1,number_pending_tokens,349
cur_request_id,10,replica_id,2,number_pending_tokens,736
cur_request_id,10,replica_id,3,number_pending_tokens,697
cur_request_id,10,replica_id,4,number_pending_tokens,0
cur_request_id,20,replica_id,0,number_pending_tokens,4179
cur_request_id,20,replica_id,1,number_pending_tokens,495
cur_request_id,20,replica_id,2,number_pending_tokens,890
cur_request_id,20,replica_id,3,number_pending_tokens,839
cur_request_id,20,replica_id,4,number_pending_tokens,1143
cur_request_id,30,replica_id,0,number_pending_tokens,5793
cur_request_id,30,replica_id,1,number_pending_tokens,0
cur_request_id,30,replica_id,2,number_pending_tokens,1234
cur_request_id,30,replica_id,3,number_pending_tokens,1186
cur_request_id,30,replica_id,4,number_pending_tokens,5627
cur_request_id,40,replica_id,0,number_pending_tokens,5939
cur_request_id,40,replica_id,1,number_pending_tokens,166
cur_request_id,40,replica_id,2,number_pending_tokens,1860
cur_request_id,40,replica_id,3,number_pending_tokens,1478
cur_request_id,40,replica_id,4,number_pending_tokens,6710
cur_request_id,50,replica_id,0,number_pending_tokens,6050
cur_request_id,50,replica_id,1,number_pending_tokens,312
cur_request_id,50,replica_id,2,number_pending_tokens,2009
cur_request_id,50,replica_id,3,number_pending_tokens,1284
cur_request_id,50,replica_id,4,number_pending_tokens,8496
cur_request_id,60,replica_id,0,number_pending_tokens,3120
cur_request_id,60,replica_id,1,number_pending_tokens,290
cur_request_id,60,replica_id,2,number_pending_tokens,2327
cur_request_id,60,replica_id,3,number_pending_tokens,1079
cur_request_id,60,replica_id,4,number_pending_tokens,9743
cur_request_id,70,replica_id,0,number_pending_tokens,322
cur_request_id,70,replica_id,1,number_pending_tokens,664
cur_request_id,70,replica_id,2,number_pending_tokens,1976
cur_request_id,70,replica_id,3,number_pending_tokens,1030
cur_request_id,70,replica_id,4,number_pending_tokens,8414
cur_request_id,80,replica_id,0,number_pending_tokens,866
cur_request_id,80,replica_id,1,number_pending_tokens,838
cur_request_id,80,replica_id,2,number_pending_tokens,2290
cur_request_id,80,replica_id,3,number_pending_tokens,1036
cur_request_id,80,replica_id,4,number_pending_tokens,8574
cur_request_id,90,replica_id,0,number_pending_tokens,1410
cur_request_id,90,replica_id,1,number_pending_tokens,466
cur_request_id,90,replica_id,2,number_pending_tokens,2320
cur_request_id,90,replica_id,3,number_pending_tokens,1034
cur_request_id,90,replica_id,4,number_pending_tokens,1233
cur_request_id,100,replica_id,0,number_pending_tokens,702
cur_request_id,100,replica_id,1,number_pending_tokens,292
cur_request_id,100,replica_id,2,number_pending_tokens,2486
cur_request_id,100,replica_id,3,number_pending_tokens,736
cur_request_id,100,replica_id,4,number_pending_tokens,2807
cur_request_id,110,replica_id,0,number_pending_tokens,170
cur_request_id,110,replica_id,1,number_pending_tokens,334
cur_request_id,110,replica_id,2,number_pending_tokens,1645
cur_request_id,110,replica_id,3,number_pending_tokens,750
cur_request_id,110,replica_id,4,number_pending_tokens,4045
cur_request_id,120,replica_id,0,number_pending_tokens,328
cur_request_id,120,replica_id,1,number_pending_tokens,334
cur_request_id,120,replica_id,2,number_pending_tokens,2212
cur_request_id,120,replica_id,3,number_pending_tokens,764
cur_request_id,120,replica_id,4,number_pending_tokens,4767
cur_request_id,130,replica_id,0,number_pending_tokens,853
cur_request_id,130,replica_id,1,number_pending_tokens,525
cur_request_id,130,replica_id,2,number_pending_tokens,2643
cur_request_id,130,replica_id,3,number_pending_tokens,624
cur_request_id,130,replica_id,4,number_pending_tokens,3358
cur_request_id,140,replica_id,0,number_pending_tokens,1585
cur_request_id,140,replica_id,1,number_pending_tokens,0
cur_request_id,140,replica_id,2,number_pending_tokens,1978
cur_request_id,140,replica_id,3,number_pending_tokens,304
cur_request_id,140,replica_id,4,number_pending_tokens,3232
cur_request_id,150,replica_id,0,number_pending_tokens,1239
cur_request_id,150,replica_id,1,number_pending_tokens,146
cur_request_id,150,replica_id,2,number_pending_tokens,1443
cur_request_id,150,replica_id,3,number_pending_tokens,1585
cur_request_id,150,replica_id,4,number_pending_tokens,1761
cur_request_id,160,replica_id,0,number_pending_tokens,160
cur_request_id,160,replica_id,1,number_pending_tokens,1058
cur_request_id,160,replica_id,2,number_pending_tokens,2108
cur_request_id,160,replica_id,3,number_pending_tokens,1733
cur_request_id,160,replica_id,4,number_pending_tokens,1192
cur_request_id,170,replica_id,0,number_pending_tokens,1929
cur_request_id,170,replica_id,1,number_pending_tokens,154
cur_request_id,170,replica_id,2,number_pending_tokens,152
cur_request_id,170,replica_id,3,number_pending_tokens,142
cur_request_id,170,replica_id,4,number_pending_tokens,358
cur_request_id,180,replica_id,0,number_pending_tokens,1030
cur_request_id,180,replica_id,1,number_pending_tokens,0
cur_request_id,180,replica_id,2,number_pending_tokens,0
cur_request_id,180,replica_id,3,number_pending_tokens,160
cur_request_id,180,replica_id,4,number_pending_tokens,2788
cur_request_id,190,replica_id,0,number_pending_tokens,0
cur_request_id,190,replica_id,1,number_pending_tokens,152
cur_request_id,190,replica_id,2,number_pending_tokens,148
cur_request_id,190,replica_id,3,number_pending_tokens,0
cur_request_id,190,replica_id,4,number_pending_tokens,1790
cur_request_id,200,replica_id,0,number_pending_tokens,304
cur_request_id,200,replica_id,1,number_pending_tokens,690
cur_request_id,200,replica_id,2,number_pending_tokens,0
cur_request_id,200,replica_id,3,number_pending_tokens,0
cur_request_id,200,replica_id,4,number_pending_tokens,300
cur_request_id,210,replica_id,0,number_pending_tokens,1216
cur_request_id,210,replica_id,1,number_pending_tokens,136
cur_request_id,210,replica_id,2,number_pending_tokens,145
cur_request_id,210,replica_id,3,number_pending_tokens,0
cur_request_id,210,replica_id,4,number_pending_tokens,1418
cur_request_id,220,replica_id,0,number_pending_tokens,2179
cur_request_id,220,replica_id,1,number_pending_tokens,0
cur_request_id,220,replica_id,2,number_pending_tokens,158
cur_request_id,220,replica_id,3,number_pending_tokens,0
cur_request_id,220,replica_id,4,number_pending_tokens,1403
cur_request_id,230,replica_id,0,number_pending_tokens,2337
cur_request_id,230,replica_id,1,number_pending_tokens,172
cur_request_id,230,replica_id,2,number_pending_tokens,324
cur_request_id,230,replica_id,3,number_pending_tokens,166
cur_request_id,230,replica_id,4,number_pending_tokens,1839
cur_request_id,240,replica_id,0,number_pending_tokens,0
cur_request_id,240,replica_id,1,number_pending_tokens,0
cur_request_id,240,replica_id,2,number_pending_tokens,0
cur_request_id,240,replica_id,3,number_pending_tokens,2750
cur_request_id,240,replica_id,4,number_pending_tokens,0
cur_request_id,250,replica_id,0,number_pending_tokens,0
cur_request_id,250,replica_id,1,number_pending_tokens,407
cur_request_id,250,replica_id,2,number_pending_tokens,348
cur_request_id,250,replica_id,3,number_pending_tokens,4016
cur_request_id,250,replica_id,4,number_pending_tokens,346
cur_request_id,260,replica_id,0,number_pending_tokens,0
cur_request_id,260,replica_id,1,number_pending_tokens,367
cur_request_id,260,replica_id,2,number_pending_tokens,1372
cur_request_id,260,replica_id,3,number_pending_tokens,502
cur_request_id,260,replica_id,4,number_pending_tokens,0
cur_request_id,270,replica_id,0,number_pending_tokens,166
cur_request_id,270,replica_id,1,number_pending_tokens,466
cur_request_id,270,replica_id,2,number_pending_tokens,0
cur_request_id,270,replica_id,3,number_pending_tokens,631
cur_request_id,270,replica_id,4,number_pending_tokens,1032
cur_request_id,280,replica_id,0,number_pending_tokens,1500
cur_request_id,280,replica_id,1,number_pending_tokens,474
cur_request_id,280,replica_id,2,number_pending_tokens,796
cur_request_id,280,replica_id,3,number_pending_tokens,1122
cur_request_id,280,replica_id,4,number_pending_tokens,968
cur_request_id,290,replica_id,0,number_pending_tokens,939
cur_request_id,290,replica_id,1,number_pending_tokens,790
cur_request_id,290,replica_id,2,number_pending_tokens,1104
cur_request_id,290,replica_id,3,number_pending_tokens,1420
cur_request_id,290,replica_id,4,number_pending_tokens,4231
cur_request_id,300,replica_id,0,number_pending_tokens,505
cur_request_id,300,replica_id,1,number_pending_tokens,1164
cur_request_id,300,replica_id,2,number_pending_tokens,306
cur_request_id,300,replica_id,3,number_pending_tokens,480
cur_request_id,300,replica_id,4,number_pending_tokens,4881
cur_request_id,310,replica_id,0,number_pending_tokens,158
cur_request_id,310,replica_id,1,number_pending_tokens,1524
cur_request_id,310,replica_id,2,number_pending_tokens,298
cur_request_id,310,replica_id,3,number_pending_tokens,332
cur_request_id,310,replica_id,4,number_pending_tokens,8476
cur_request_id,320,replica_id,0,number_pending_tokens,501
cur_request_id,320,replica_id,1,number_pending_tokens,1556
cur_request_id,320,replica_id,2,number_pending_tokens,446
cur_request_id,320,replica_id,3,number_pending_tokens,839
cur_request_id,320,replica_id,4,number_pending_tokens,4146
cur_request_id,330,replica_id,0,number_pending_tokens,320
cur_request_id,330,replica_id,1,number_pending_tokens,1206
cur_request_id,330,replica_id,2,number_pending_tokens,596
cur_request_id,330,replica_id,3,number_pending_tokens,622
cur_request_id,330,replica_id,4,number_pending_tokens,551
cur_request_id,340,replica_id,0,number_pending_tokens,146
cur_request_id,340,replica_id,1,number_pending_tokens,158
cur_request_id,340,replica_id,2,number_pending_tokens,464
cur_request_id,340,replica_id,3,number_pending_tokens,612
cur_request_id,340,replica_id,4,number_pending_tokens,154
cur_request_id,350,replica_id,0,number_pending_tokens,306
cur_request_id,350,replica_id,1,number_pending_tokens,148
cur_request_id,350,replica_id,2,number_pending_tokens,608
cur_request_id,350,replica_id,3,number_pending_tokens,468
cur_request_id,350,replica_id,4,number_pending_tokens,162
cur_request_id,360,replica_id,0,number_pending_tokens,483
cur_request_id,360,replica_id,1,number_pending_tokens,172
cur_request_id,360,replica_id,2,number_pending_tokens,657
cur_request_id,360,replica_id,3,number_pending_tokens,660
cur_request_id,360,replica_id,4,number_pending_tokens,0
cur_request_id,370,replica_id,0,number_pending_tokens,160
cur_request_id,370,replica_id,1,number_pending_tokens,949
cur_request_id,370,replica_id,2,number_pending_tokens,168
cur_request_id,370,replica_id,3,number_pending_tokens,156
cur_request_id,370,replica_id,4,number_pending_tokens,152
cur_request_id,380,replica_id,0,number_pending_tokens,168
cur_request_id,380,replica_id,1,number_pending_tokens,152
cur_request_id,380,replica_id,2,number_pending_tokens,947
cur_request_id,380,replica_id,3,number_pending_tokens,165
cur_request_id,380,replica_id,4,number_pending_tokens,1291
cur_request_id,390,replica_id,0,number_pending_tokens,172
cur_request_id,390,replica_id,1,number_pending_tokens,0
cur_request_id,390,replica_id,2,number_pending_tokens,1113
cur_request_id,390,replica_id,3,number_pending_tokens,148
cur_request_id,390,replica_id,4,number_pending_tokens,154
cur_request_id,400,replica_id,0,number_pending_tokens,0
cur_request_id,400,replica_id,1,number_pending_tokens,160
cur_request_id,400,replica_id,2,number_pending_tokens,478
cur_request_id,400,replica_id,3,number_pending_tokens,464
cur_request_id,400,replica_id,4,number_pending_tokens,156
cur_request_id,410,replica_id,0,number_pending_tokens,1075
cur_request_id,410,replica_id,1,number_pending_tokens,154
cur_request_id,410,replica_id,2,number_pending_tokens,0
cur_request_id,410,replica_id,3,number_pending_tokens,306
cur_request_id,410,replica_id,4,number_pending_tokens,0
cur_request_id,420,replica_id,0,number_pending_tokens,154
cur_request_id,420,replica_id,1,number_pending_tokens,1360
cur_request_id,420,replica_id,2,number_pending_tokens,0
cur_request_id,420,replica_id,3,number_pending_tokens,172
cur_request_id,420,replica_id,4,number_pending_tokens,4545
cur_request_id,430,replica_id,0,number_pending_tokens,0
cur_request_id,430,replica_id,1,number_pending_tokens,0
cur_request_id,430,replica_id,2,number_pending_tokens,306
cur_request_id,430,replica_id,3,number_pending_tokens,152
cur_request_id,430,replica_id,4,number_pending_tokens,0
cur_request_id,440,replica_id,0,number_pending_tokens,820
cur_request_id,440,replica_id,1,number_pending_tokens,3529
cur_request_id,440,replica_id,2,number_pending_tokens,4538
cur_request_id,440,replica_id,3,number_pending_tokens,3505
cur_request_id,440,replica_id,4,number_pending_tokens,2426
cur_request_id,450,replica_id,0,number_pending_tokens,5223
cur_request_id,450,replica_id,1,number_pending_tokens,1113
cur_request_id,450,replica_id,2,number_pending_tokens,2484
cur_request_id,450,replica_id,3,number_pending_tokens,4734
cur_request_id,450,replica_id,4,number_pending_tokens,7537
cur_request_id,460,replica_id,0,number_pending_tokens,5671
cur_request_id,460,replica_id,1,number_pending_tokens,1850
cur_request_id,460,replica_id,2,number_pending_tokens,0
cur_request_id,460,replica_id,3,number_pending_tokens,0
cur_request_id,460,replica_id,4,number_pending_tokens,0
cur_request_id,470,replica_id,0,number_pending_tokens,1105
cur_request_id,470,replica_id,1,number_pending_tokens,16489
cur_request_id,470,replica_id,2,number_pending_tokens,761
cur_request_id,470,replica_id,3,number_pending_tokens,0
cur_request_id,470,replica_id,4,number_pending_tokens,0
cur_request_id,480,replica_id,0,number_pending_tokens,8288
cur_request_id,480,replica_id,1,number_pending_tokens,13814
cur_request_id,480,replica_id,2,number_pending_tokens,0
cur_request_id,480,replica_id,3,number_pending_tokens,884
cur_request_id,480,replica_id,4,number_pending_tokens,0
cur_request_id,490,replica_id,0,number_pending_tokens,5704
cur_request_id,490,replica_id,1,number_pending_tokens,1067
cur_request_id,490,replica_id,2,number_pending_tokens,0
cur_request_id,490,replica_id,3,number_pending_tokens,4200
cur_request_id,490,replica_id,4,number_pending_tokens,0
