cur_request_id,0,replica_id,0,number_input_tokens,0
cur_request_id,0,replica_id,1,number_input_tokens,0
cur_request_id,0,replica_id,2,number_input_tokens,0
cur_request_id,0,replica_id,3,number_input_tokens,0
cur_request_id,0,replica_id,4,number_input_tokens,0
cur_request_id,10,replica_id,0,number_input_tokens,581
cur_request_id,10,replica_id,1,number_input_tokens,61
cur_request_id,10,replica_id,2,number_input_tokens,221
cur_request_id,10,replica_id,3,number_input_tokens,110
cur_request_id,10,replica_id,4,number_input_tokens,0
cur_request_id,20,replica_id,0,number_input_tokens,603
cur_request_id,20,replica_id,1,number_input_tokens,112
cur_request_id,20,replica_id,2,number_input_tokens,616
cur_request_id,20,replica_id,3,number_input_tokens,119
cur_request_id,20,replica_id,4,number_input_tokens,180
cur_request_id,30,replica_id,0,number_input_tokens,44
cur_request_id,30,replica_id,1,number_input_tokens,347
cur_request_id,30,replica_id,2,number_input_tokens,943
cur_request_id,30,replica_id,3,number_input_tokens,782
cur_request_id,30,replica_id,4,number_input_tokens,215
cur_request_id,40,replica_id,0,number_input_tokens,0
cur_request_id,40,replica_id,1,number_input_tokens,0
cur_request_id,40,replica_id,2,number_input_tokens,734
cur_request_id,40,replica_id,3,number_input_tokens,1452
cur_request_id,40,replica_id,4,number_input_tokens,134
cur_request_id,50,replica_id,0,number_input_tokens,0
cur_request_id,50,replica_id,1,number_input_tokens,0
cur_request_id,50,replica_id,2,number_input_tokens,253
cur_request_id,50,replica_id,3,number_input_tokens,55
cur_request_id,50,replica_id,4,number_input_tokens,0
cur_request_id,60,replica_id,0,number_input_tokens,0
cur_request_id,60,replica_id,1,number_input_tokens,268
cur_request_id,60,replica_id,2,number_input_tokens,571
cur_request_id,60,replica_id,3,number_input_tokens,72
cur_request_id,60,replica_id,4,number_input_tokens,39
cur_request_id,70,replica_id,0,number_input_tokens,34
cur_request_id,70,replica_id,1,number_input_tokens,36
cur_request_id,70,replica_id,2,number_input_tokens,555
cur_request_id,70,replica_id,3,number_input_tokens,71
cur_request_id,70,replica_id,4,number_input_tokens,545
cur_request_id,80,replica_id,0,number_input_tokens,0
cur_request_id,80,replica_id,1,number_input_tokens,0
cur_request_id,80,replica_id,2,number_input_tokens,179
cur_request_id,80,replica_id,3,number_input_tokens,20
cur_request_id,80,replica_id,4,number_input_tokens,174
cur_request_id,90,replica_id,0,number_input_tokens,0
cur_request_id,90,replica_id,1,number_input_tokens,0
cur_request_id,90,replica_id,2,number_input_tokens,0
cur_request_id,90,replica_id,3,number_input_tokens,461
cur_request_id,90,replica_id,4,number_input_tokens,347
cur_request_id,100,replica_id,0,number_input_tokens,38
cur_request_id,100,replica_id,1,number_input_tokens,0
cur_request_id,100,replica_id,2,number_input_tokens,656
cur_request_id,100,replica_id,3,number_input_tokens,2325
cur_request_id,100,replica_id,4,number_input_tokens,32
cur_request_id,110,replica_id,0,number_input_tokens,78
cur_request_id,110,replica_id,1,number_input_tokens,9
cur_request_id,110,replica_id,2,number_input_tokens,173
cur_request_id,110,replica_id,3,number_input_tokens,2556
cur_request_id,110,replica_id,4,number_input_tokens,468
cur_request_id,120,replica_id,0,number_input_tokens,162
cur_request_id,120,replica_id,1,number_input_tokens,126
cur_request_id,120,replica_id,2,number_input_tokens,275
cur_request_id,120,replica_id,3,number_input_tokens,387
cur_request_id,120,replica_id,4,number_input_tokens,1017
cur_request_id,130,replica_id,0,number_input_tokens,483
cur_request_id,130,replica_id,1,number_input_tokens,354
cur_request_id,130,replica_id,2,number_input_tokens,362
cur_request_id,130,replica_id,3,number_input_tokens,1032
cur_request_id,130,replica_id,4,number_input_tokens,1038
cur_request_id,140,replica_id,0,number_input_tokens,484
cur_request_id,140,replica_id,1,number_input_tokens,478
cur_request_id,140,replica_id,2,number_input_tokens,866
cur_request_id,140,replica_id,3,number_input_tokens,1092
cur_request_id,140,replica_id,4,number_input_tokens,1047
cur_request_id,150,replica_id,0,number_input_tokens,582
cur_request_id,150,replica_id,1,number_input_tokens,536
cur_request_id,150,replica_id,2,number_input_tokens,920
cur_request_id,150,replica_id,3,number_input_tokens,1708
cur_request_id,150,replica_id,4,number_input_tokens,1435
cur_request_id,160,replica_id,0,number_input_tokens,206
cur_request_id,160,replica_id,1,number_input_tokens,310
cur_request_id,160,replica_id,2,number_input_tokens,1358
cur_request_id,160,replica_id,3,number_input_tokens,2253
cur_request_id,160,replica_id,4,number_input_tokens,967
cur_request_id,170,replica_id,0,number_input_tokens,467
cur_request_id,170,replica_id,1,number_input_tokens,184
cur_request_id,170,replica_id,2,number_input_tokens,2048
cur_request_id,170,replica_id,3,number_input_tokens,3151
cur_request_id,170,replica_id,4,number_input_tokens,935
cur_request_id,180,replica_id,0,number_input_tokens,885
cur_request_id,180,replica_id,1,number_input_tokens,850
cur_request_id,180,replica_id,2,number_input_tokens,2149
cur_request_id,180,replica_id,3,number_input_tokens,2804
cur_request_id,180,replica_id,4,number_input_tokens,1056
cur_request_id,190,replica_id,0,number_input_tokens,818
cur_request_id,190,replica_id,1,number_input_tokens,1144
cur_request_id,190,replica_id,2,number_input_tokens,1037
cur_request_id,190,replica_id,3,number_input_tokens,2274
cur_request_id,190,replica_id,4,number_input_tokens,626
cur_request_id,200,replica_id,0,number_input_tokens,986
cur_request_id,200,replica_id,1,number_input_tokens,67
cur_request_id,200,replica_id,2,number_input_tokens,1100
cur_request_id,200,replica_id,3,number_input_tokens,1154
cur_request_id,200,replica_id,4,number_input_tokens,67
cur_request_id,210,replica_id,0,number_input_tokens,1187
cur_request_id,210,replica_id,1,number_input_tokens,145
cur_request_id,210,replica_id,2,number_input_tokens,1154
cur_request_id,210,replica_id,3,number_input_tokens,1141
cur_request_id,210,replica_id,4,number_input_tokens,177
cur_request_id,220,replica_id,0,number_input_tokens,616
cur_request_id,220,replica_id,1,number_input_tokens,160
cur_request_id,220,replica_id,2,number_input_tokens,1369
cur_request_id,220,replica_id,3,number_input_tokens,1429
cur_request_id,220,replica_id,4,number_input_tokens,171
cur_request_id,230,replica_id,0,number_input_tokens,651
cur_request_id,230,replica_id,1,number_input_tokens,103
cur_request_id,230,replica_id,2,number_input_tokens,2074
cur_request_id,230,replica_id,3,number_input_tokens,819
cur_request_id,230,replica_id,4,number_input_tokens,320
cur_request_id,240,replica_id,0,number_input_tokens,568
cur_request_id,240,replica_id,1,number_input_tokens,142
cur_request_id,240,replica_id,2,number_input_tokens,893
cur_request_id,240,replica_id,3,number_input_tokens,1941
cur_request_id,240,replica_id,4,number_input_tokens,890
cur_request_id,250,replica_id,0,number_input_tokens,11375
cur_request_id,250,replica_id,1,number_input_tokens,635
cur_request_id,250,replica_id,2,number_input_tokens,973
cur_request_id,250,replica_id,3,number_input_tokens,1728
cur_request_id,250,replica_id,4,number_input_tokens,801
cur_request_id,260,replica_id,0,number_input_tokens,10935
cur_request_id,260,replica_id,1,number_input_tokens,2053
cur_request_id,260,replica_id,2,number_input_tokens,936
cur_request_id,260,replica_id,3,number_input_tokens,1483
cur_request_id,260,replica_id,4,number_input_tokens,1079
cur_request_id,270,replica_id,0,number_input_tokens,10944
cur_request_id,270,replica_id,1,number_input_tokens,1745
cur_request_id,270,replica_id,2,number_input_tokens,363
cur_request_id,270,replica_id,3,number_input_tokens,1801
cur_request_id,270,replica_id,4,number_input_tokens,351
cur_request_id,280,replica_id,0,number_input_tokens,11302
cur_request_id,280,replica_id,1,number_input_tokens,2226
cur_request_id,280,replica_id,2,number_input_tokens,414
cur_request_id,280,replica_id,3,number_input_tokens,2760
cur_request_id,280,replica_id,4,number_input_tokens,419
cur_request_id,290,replica_id,0,number_input_tokens,11400
cur_request_id,290,replica_id,1,number_input_tokens,494
cur_request_id,290,replica_id,2,number_input_tokens,390
cur_request_id,290,replica_id,3,number_input_tokens,2762
cur_request_id,290,replica_id,4,number_input_tokens,288
cur_request_id,300,replica_id,0,number_input_tokens,11487
cur_request_id,300,replica_id,1,number_input_tokens,223
cur_request_id,300,replica_id,2,number_input_tokens,94
cur_request_id,300,replica_id,3,number_input_tokens,3768
cur_request_id,300,replica_id,4,number_input_tokens,216
cur_request_id,310,replica_id,0,number_input_tokens,17255
cur_request_id,310,replica_id,1,number_input_tokens,372
cur_request_id,310,replica_id,2,number_input_tokens,170
cur_request_id,310,replica_id,3,number_input_tokens,1286
cur_request_id,310,replica_id,4,number_input_tokens,930
cur_request_id,320,replica_id,0,number_input_tokens,17255
cur_request_id,320,replica_id,1,number_input_tokens,327
cur_request_id,320,replica_id,2,number_input_tokens,744
cur_request_id,320,replica_id,3,number_input_tokens,1315
cur_request_id,320,replica_id,4,number_input_tokens,733
cur_request_id,330,replica_id,0,number_input_tokens,17297
cur_request_id,330,replica_id,1,number_input_tokens,758
cur_request_id,330,replica_id,2,number_input_tokens,902
cur_request_id,330,replica_id,3,number_input_tokens,1083
cur_request_id,330,replica_id,4,number_input_tokens,769
cur_request_id,340,replica_id,0,number_input_tokens,17324
cur_request_id,340,replica_id,1,number_input_tokens,696
cur_request_id,340,replica_id,2,number_input_tokens,577
cur_request_id,340,replica_id,3,number_input_tokens,948
cur_request_id,340,replica_id,4,number_input_tokens,297
cur_request_id,350,replica_id,0,number_input_tokens,17324
cur_request_id,350,replica_id,1,number_input_tokens,1003
cur_request_id,350,replica_id,2,number_input_tokens,374
cur_request_id,350,replica_id,3,number_input_tokens,1088
cur_request_id,350,replica_id,4,number_input_tokens,300
cur_request_id,360,replica_id,0,number_input_tokens,6150
cur_request_id,360,replica_id,1,number_input_tokens,1115
cur_request_id,360,replica_id,2,number_input_tokens,402
cur_request_id,360,replica_id,3,number_input_tokens,799
cur_request_id,360,replica_id,4,number_input_tokens,88
cur_request_id,370,replica_id,0,number_input_tokens,6932
cur_request_id,370,replica_id,1,number_input_tokens,290
cur_request_id,370,replica_id,2,number_input_tokens,183
cur_request_id,370,replica_id,3,number_input_tokens,799
cur_request_id,370,replica_id,4,number_input_tokens,80
cur_request_id,380,replica_id,0,number_input_tokens,846
cur_request_id,380,replica_id,1,number_input_tokens,158
cur_request_id,380,replica_id,2,number_input_tokens,240
cur_request_id,380,replica_id,3,number_input_tokens,875
cur_request_id,380,replica_id,4,number_input_tokens,257
cur_request_id,390,replica_id,0,number_input_tokens,208
cur_request_id,390,replica_id,1,number_input_tokens,271
cur_request_id,390,replica_id,2,number_input_tokens,140
cur_request_id,390,replica_id,3,number_input_tokens,1182
cur_request_id,390,replica_id,4,number_input_tokens,210
cur_request_id,400,replica_id,0,number_input_tokens,288
cur_request_id,400,replica_id,1,number_input_tokens,1029
cur_request_id,400,replica_id,2,number_input_tokens,1230
cur_request_id,400,replica_id,3,number_input_tokens,1061
cur_request_id,400,replica_id,4,number_input_tokens,316
cur_request_id,410,replica_id,0,number_input_tokens,481
cur_request_id,410,replica_id,1,number_input_tokens,860
cur_request_id,410,replica_id,2,number_input_tokens,1479
cur_request_id,410,replica_id,3,number_input_tokens,439
cur_request_id,410,replica_id,4,number_input_tokens,448
cur_request_id,420,replica_id,0,number_input_tokens,435
cur_request_id,420,replica_id,1,number_input_tokens,160
cur_request_id,420,replica_id,2,number_input_tokens,2980
cur_request_id,420,replica_id,3,number_input_tokens,584
cur_request_id,420,replica_id,4,number_input_tokens,832
cur_request_id,430,replica_id,0,number_input_tokens,1327
cur_request_id,430,replica_id,1,number_input_tokens,746
cur_request_id,430,replica_id,2,number_input_tokens,2583
cur_request_id,430,replica_id,3,number_input_tokens,536
cur_request_id,430,replica_id,4,number_input_tokens,718
cur_request_id,440,replica_id,0,number_input_tokens,920
cur_request_id,440,replica_id,1,number_input_tokens,1866
cur_request_id,440,replica_id,2,number_input_tokens,2031
cur_request_id,440,replica_id,3,number_input_tokens,590
cur_request_id,440,replica_id,4,number_input_tokens,443
cur_request_id,450,replica_id,0,number_input_tokens,1609
cur_request_id,450,replica_id,1,number_input_tokens,1227
cur_request_id,450,replica_id,2,number_input_tokens,2484
cur_request_id,450,replica_id,3,number_input_tokens,658
cur_request_id,450,replica_id,4,number_input_tokens,409
cur_request_id,460,replica_id,0,number_input_tokens,188
cur_request_id,460,replica_id,1,number_input_tokens,576
cur_request_id,460,replica_id,2,number_input_tokens,506
cur_request_id,460,replica_id,3,number_input_tokens,456
cur_request_id,460,replica_id,4,number_input_tokens,384
cur_request_id,470,replica_id,0,number_input_tokens,487
cur_request_id,470,replica_id,1,number_input_tokens,685
cur_request_id,470,replica_id,2,number_input_tokens,252
cur_request_id,470,replica_id,3,number_input_tokens,295
cur_request_id,470,replica_id,4,number_input_tokens,325
cur_request_id,480,replica_id,0,number_input_tokens,663
cur_request_id,480,replica_id,1,number_input_tokens,1148
cur_request_id,480,replica_id,2,number_input_tokens,331
cur_request_id,480,replica_id,3,number_input_tokens,609
cur_request_id,480,replica_id,4,number_input_tokens,127
cur_request_id,490,replica_id,0,number_input_tokens,480
cur_request_id,490,replica_id,1,number_input_tokens,685
cur_request_id,490,replica_id,2,number_input_tokens,495
cur_request_id,490,replica_id,3,number_input_tokens,518
cur_request_id,490,replica_id,4,number_input_tokens,219
