cur_request_id,0,replica_id,0,number_pending_requests,0,number_running_requests,0
cur_request_id,0,replica_id,1,number_pending_requests,0,number_running_requests,0
cur_request_id,0,replica_id,2,number_pending_requests,0,number_running_requests,0
cur_request_id,0,replica_id,3,number_pending_requests,0,number_running_requests,0
cur_request_id,0,replica_id,4,number_pending_requests,0,number_running_requests,0
cur_request_id,10,replica_id,0,number_pending_requests,0,number_running_requests,0
cur_request_id,10,replica_id,1,number_pending_requests,0,number_running_requests,0
cur_request_id,10,replica_id,2,number_pending_requests,0,number_running_requests,1
cur_request_id,10,replica_id,3,number_pending_requests,0,number_running_requests,1
cur_request_id,10,replica_id,4,number_pending_requests,0,number_running_requests,0
cur_request_id,20,replica_id,0,number_pending_requests,0,number_running_requests,1
cur_request_id,20,replica_id,1,number_pending_requests,0,number_running_requests,1
cur_request_id,20,replica_id,2,number_pending_requests,0,number_running_requests,3
cur_request_id,20,replica_id,3,number_pending_requests,0,number_running_requests,2
cur_request_id,20,replica_id,4,number_pending_requests,0,number_running_requests,0
cur_request_id,30,replica_id,0,number_pending_requests,0,number_running_requests,1
cur_request_id,30,replica_id,1,number_pending_requests,0,number_running_requests,2
cur_request_id,30,replica_id,2,number_pending_requests,0,number_running_requests,2
cur_request_id,30,replica_id,3,number_pending_requests,0,number_running_requests,2
cur_request_id,30,replica_id,4,number_pending_requests,0,number_running_requests,1
cur_request_id,40,replica_id,0,number_pending_requests,0,number_running_requests,3
cur_request_id,40,replica_id,1,number_pending_requests,0,number_running_requests,2
cur_request_id,40,replica_id,2,number_pending_requests,0,number_running_requests,3
cur_request_id,40,replica_id,3,number_pending_requests,0,number_running_requests,1
cur_request_id,40,replica_id,4,number_pending_requests,0,number_running_requests,2
cur_request_id,50,replica_id,0,number_pending_requests,0,number_running_requests,4
cur_request_id,50,replica_id,1,number_pending_requests,0,number_running_requests,1
cur_request_id,50,replica_id,2,number_pending_requests,0,number_running_requests,3
cur_request_id,50,replica_id,3,number_pending_requests,0,number_running_requests,4
cur_request_id,50,replica_id,4,number_pending_requests,0,number_running_requests,2
cur_request_id,60,replica_id,0,number_pending_requests,0,number_running_requests,4
cur_request_id,60,replica_id,1,number_pending_requests,0,number_running_requests,3
cur_request_id,60,replica_id,2,number_pending_requests,0,number_running_requests,4
cur_request_id,60,replica_id,3,number_pending_requests,0,number_running_requests,3
cur_request_id,60,replica_id,4,number_pending_requests,0,number_running_requests,3
cur_request_id,70,replica_id,0,number_pending_requests,0,number_running_requests,6
cur_request_id,70,replica_id,1,number_pending_requests,0,number_running_requests,4
cur_request_id,70,replica_id,2,number_pending_requests,0,number_running_requests,5
cur_request_id,70,replica_id,3,number_pending_requests,0,number_running_requests,4
cur_request_id,70,replica_id,4,number_pending_requests,0,number_running_requests,4
cur_request_id,80,replica_id,0,number_pending_requests,0,number_running_requests,5
cur_request_id,80,replica_id,1,number_pending_requests,0,number_running_requests,4
cur_request_id,80,replica_id,2,number_pending_requests,0,number_running_requests,5
cur_request_id,80,replica_id,3,number_pending_requests,0,number_running_requests,5
cur_request_id,80,replica_id,4,number_pending_requests,1,number_running_requests,4
cur_request_id,90,replica_id,0,number_pending_requests,0,number_running_requests,4
cur_request_id,90,replica_id,1,number_pending_requests,0,number_running_requests,4
cur_request_id,90,replica_id,2,number_pending_requests,0,number_running_requests,6
cur_request_id,90,replica_id,3,number_pending_requests,0,number_running_requests,5
cur_request_id,90,replica_id,4,number_pending_requests,0,number_running_requests,6
cur_request_id,100,replica_id,0,number_pending_requests,0,number_running_requests,4
cur_request_id,100,replica_id,1,number_pending_requests,0,number_running_requests,3
cur_request_id,100,replica_id,2,number_pending_requests,0,number_running_requests,5
cur_request_id,100,replica_id,3,number_pending_requests,0,number_running_requests,5
cur_request_id,100,replica_id,4,number_pending_requests,1,number_running_requests,5
cur_request_id,110,replica_id,0,number_pending_requests,0,number_running_requests,4
cur_request_id,110,replica_id,1,number_pending_requests,0,number_running_requests,4
cur_request_id,110,replica_id,2,number_pending_requests,0,number_running_requests,5
cur_request_id,110,replica_id,3,number_pending_requests,0,number_running_requests,4
cur_request_id,110,replica_id,4,number_pending_requests,0,number_running_requests,6
cur_request_id,120,replica_id,0,number_pending_requests,0,number_running_requests,5
cur_request_id,120,replica_id,1,number_pending_requests,0,number_running_requests,3
cur_request_id,120,replica_id,2,number_pending_requests,0,number_running_requests,6
cur_request_id,120,replica_id,3,number_pending_requests,0,number_running_requests,5
cur_request_id,120,replica_id,4,number_pending_requests,0,number_running_requests,8
cur_request_id,130,replica_id,0,number_pending_requests,0,number_running_requests,6
cur_request_id,130,replica_id,1,number_pending_requests,0,number_running_requests,4
cur_request_id,130,replica_id,2,number_pending_requests,0,number_running_requests,7
cur_request_id,130,replica_id,3,number_pending_requests,0,number_running_requests,6
cur_request_id,130,replica_id,4,number_pending_requests,0,number_running_requests,7
cur_request_id,140,replica_id,0,number_pending_requests,0,number_running_requests,7
cur_request_id,140,replica_id,1,number_pending_requests,0,number_running_requests,4
cur_request_id,140,replica_id,2,number_pending_requests,0,number_running_requests,8
cur_request_id,140,replica_id,3,number_pending_requests,0,number_running_requests,6
cur_request_id,140,replica_id,4,number_pending_requests,0,number_running_requests,8
cur_request_id,150,replica_id,0,number_pending_requests,0,number_running_requests,7
cur_request_id,150,replica_id,1,number_pending_requests,0,number_running_requests,5
cur_request_id,150,replica_id,2,number_pending_requests,0,number_running_requests,6
cur_request_id,150,replica_id,3,number_pending_requests,0,number_running_requests,7
cur_request_id,150,replica_id,4,number_pending_requests,0,number_running_requests,7
cur_request_id,160,replica_id,0,number_pending_requests,0,number_running_requests,6
cur_request_id,160,replica_id,1,number_pending_requests,0,number_running_requests,5
cur_request_id,160,replica_id,2,number_pending_requests,0,number_running_requests,9
cur_request_id,160,replica_id,3,number_pending_requests,0,number_running_requests,6
cur_request_id,160,replica_id,4,number_pending_requests,0,number_running_requests,8
cur_request_id,170,replica_id,0,number_pending_requests,0,number_running_requests,7
cur_request_id,170,replica_id,1,number_pending_requests,0,number_running_requests,7
cur_request_id,170,replica_id,2,number_pending_requests,0,number_running_requests,8
cur_request_id,170,replica_id,3,number_pending_requests,0,number_running_requests,7
cur_request_id,170,replica_id,4,number_pending_requests,0,number_running_requests,8
cur_request_id,180,replica_id,0,number_pending_requests,0,number_running_requests,7
cur_request_id,180,replica_id,1,number_pending_requests,0,number_running_requests,5
cur_request_id,180,replica_id,2,number_pending_requests,0,number_running_requests,7
cur_request_id,180,replica_id,3,number_pending_requests,0,number_running_requests,6
cur_request_id,180,replica_id,4,number_pending_requests,0,number_running_requests,9
cur_request_id,190,replica_id,0,number_pending_requests,0,number_running_requests,6
cur_request_id,190,replica_id,1,number_pending_requests,0,number_running_requests,6
cur_request_id,190,replica_id,2,number_pending_requests,0,number_running_requests,7
cur_request_id,190,replica_id,3,number_pending_requests,0,number_running_requests,8
cur_request_id,190,replica_id,4,number_pending_requests,0,number_running_requests,9
cur_request_id,200,replica_id,0,number_pending_requests,0,number_running_requests,8
cur_request_id,200,replica_id,1,number_pending_requests,0,number_running_requests,5
cur_request_id,200,replica_id,2,number_pending_requests,0,number_running_requests,8
cur_request_id,200,replica_id,3,number_pending_requests,0,number_running_requests,9
cur_request_id,200,replica_id,4,number_pending_requests,0,number_running_requests,9
cur_request_id,210,replica_id,0,number_pending_requests,0,number_running_requests,9
cur_request_id,210,replica_id,1,number_pending_requests,0,number_running_requests,6
cur_request_id,210,replica_id,2,number_pending_requests,1,number_running_requests,9
cur_request_id,210,replica_id,3,number_pending_requests,0,number_running_requests,9
cur_request_id,210,replica_id,4,number_pending_requests,0,number_running_requests,10
cur_request_id,220,replica_id,0,number_pending_requests,0,number_running_requests,9
cur_request_id,220,replica_id,1,number_pending_requests,0,number_running_requests,7
cur_request_id,220,replica_id,2,number_pending_requests,0,number_running_requests,10
cur_request_id,220,replica_id,3,number_pending_requests,0,number_running_requests,8
cur_request_id,220,replica_id,4,number_pending_requests,0,number_running_requests,8
cur_request_id,230,replica_id,0,number_pending_requests,0,number_running_requests,10
cur_request_id,230,replica_id,1,number_pending_requests,0,number_running_requests,7
cur_request_id,230,replica_id,2,number_pending_requests,0,number_running_requests,11
cur_request_id,230,replica_id,3,number_pending_requests,0,number_running_requests,9
cur_request_id,230,replica_id,4,number_pending_requests,0,number_running_requests,9
cur_request_id,240,replica_id,0,number_pending_requests,0,number_running_requests,11
cur_request_id,240,replica_id,1,number_pending_requests,0,number_running_requests,6
cur_request_id,240,replica_id,2,number_pending_requests,0,number_running_requests,10
cur_request_id,240,replica_id,3,number_pending_requests,0,number_running_requests,9
cur_request_id,240,replica_id,4,number_pending_requests,0,number_running_requests,10
cur_request_id,250,replica_id,0,number_pending_requests,0,number_running_requests,11
cur_request_id,250,replica_id,1,number_pending_requests,0,number_running_requests,7
cur_request_id,250,replica_id,2,number_pending_requests,0,number_running_requests,9
cur_request_id,250,replica_id,3,number_pending_requests,0,number_running_requests,10
cur_request_id,250,replica_id,4,number_pending_requests,0,number_running_requests,8
cur_request_id,260,replica_id,0,number_pending_requests,0,number_running_requests,10
cur_request_id,260,replica_id,1,number_pending_requests,0,number_running_requests,7
cur_request_id,260,replica_id,2,number_pending_requests,0,number_running_requests,9
cur_request_id,260,replica_id,3,number_pending_requests,0,number_running_requests,10
cur_request_id,260,replica_id,4,number_pending_requests,0,number_running_requests,9
cur_request_id,270,replica_id,0,number_pending_requests,0,number_running_requests,11
cur_request_id,270,replica_id,1,number_pending_requests,0,number_running_requests,6
cur_request_id,270,replica_id,2,number_pending_requests,0,number_running_requests,10
cur_request_id,270,replica_id,3,number_pending_requests,0,number_running_requests,10
cur_request_id,270,replica_id,4,number_pending_requests,0,number_running_requests,7
cur_request_id,280,replica_id,0,number_pending_requests,0,number_running_requests,11
cur_request_id,280,replica_id,1,number_pending_requests,0,number_running_requests,6
cur_request_id,280,replica_id,2,number_pending_requests,0,number_running_requests,10
cur_request_id,280,replica_id,3,number_pending_requests,0,number_running_requests,10
cur_request_id,280,replica_id,4,number_pending_requests,0,number_running_requests,8
cur_request_id,290,replica_id,0,number_pending_requests,0,number_running_requests,11
cur_request_id,290,replica_id,1,number_pending_requests,0,number_running_requests,8
cur_request_id,290,replica_id,2,number_pending_requests,0,number_running_requests,10
cur_request_id,290,replica_id,3,number_pending_requests,0,number_running_requests,11
cur_request_id,290,replica_id,4,number_pending_requests,0,number_running_requests,7
cur_request_id,300,replica_id,0,number_pending_requests,0,number_running_requests,8
cur_request_id,300,replica_id,1,number_pending_requests,0,number_running_requests,10
cur_request_id,300,replica_id,2,number_pending_requests,0,number_running_requests,10
cur_request_id,300,replica_id,3,number_pending_requests,0,number_running_requests,8
cur_request_id,300,replica_id,4,number_pending_requests,0,number_running_requests,5
cur_request_id,310,replica_id,0,number_pending_requests,0,number_running_requests,9
cur_request_id,310,replica_id,1,number_pending_requests,0,number_running_requests,8
cur_request_id,310,replica_id,2,number_pending_requests,0,number_running_requests,6
cur_request_id,310,replica_id,3,number_pending_requests,0,number_running_requests,7
cur_request_id,310,replica_id,4,number_pending_requests,0,number_running_requests,6
cur_request_id,320,replica_id,0,number_pending_requests,0,number_running_requests,8
cur_request_id,320,replica_id,1,number_pending_requests,0,number_running_requests,9
cur_request_id,320,replica_id,2,number_pending_requests,0,number_running_requests,8
cur_request_id,320,replica_id,3,number_pending_requests,0,number_running_requests,8
cur_request_id,320,replica_id,4,number_pending_requests,0,number_running_requests,7
cur_request_id,330,replica_id,0,number_pending_requests,0,number_running_requests,9
cur_request_id,330,replica_id,1,number_pending_requests,0,number_running_requests,9
cur_request_id,330,replica_id,2,number_pending_requests,0,number_running_requests,7
cur_request_id,330,replica_id,3,number_pending_requests,0,number_running_requests,8
cur_request_id,330,replica_id,4,number_pending_requests,0,number_running_requests,8
cur_request_id,340,replica_id,0,number_pending_requests,0,number_running_requests,10
cur_request_id,340,replica_id,1,number_pending_requests,0,number_running_requests,9
cur_request_id,340,replica_id,2,number_pending_requests,0,number_running_requests,9
cur_request_id,340,replica_id,3,number_pending_requests,0,number_running_requests,9
cur_request_id,340,replica_id,4,number_pending_requests,0,number_running_requests,8
cur_request_id,350,replica_id,0,number_pending_requests,0,number_running_requests,10
cur_request_id,350,replica_id,1,number_pending_requests,0,number_running_requests,10
cur_request_id,350,replica_id,2,number_pending_requests,0,number_running_requests,10
cur_request_id,350,replica_id,3,number_pending_requests,0,number_running_requests,9
cur_request_id,350,replica_id,4,number_pending_requests,0,number_running_requests,8
cur_request_id,360,replica_id,0,number_pending_requests,0,number_running_requests,10
cur_request_id,360,replica_id,1,number_pending_requests,0,number_running_requests,11
cur_request_id,360,replica_id,2,number_pending_requests,0,number_running_requests,11
cur_request_id,360,replica_id,3,number_pending_requests,0,number_running_requests,10
cur_request_id,360,replica_id,4,number_pending_requests,0,number_running_requests,8
cur_request_id,370,replica_id,0,number_pending_requests,0,number_running_requests,8
cur_request_id,370,replica_id,1,number_pending_requests,0,number_running_requests,11
cur_request_id,370,replica_id,2,number_pending_requests,0,number_running_requests,11
cur_request_id,370,replica_id,3,number_pending_requests,0,number_running_requests,13
cur_request_id,370,replica_id,4,number_pending_requests,0,number_running_requests,9
cur_request_id,380,replica_id,0,number_pending_requests,0,number_running_requests,9
cur_request_id,380,replica_id,1,number_pending_requests,0,number_running_requests,11
cur_request_id,380,replica_id,2,number_pending_requests,0,number_running_requests,11
cur_request_id,380,replica_id,3,number_pending_requests,0,number_running_requests,11
cur_request_id,380,replica_id,4,number_pending_requests,0,number_running_requests,9
cur_request_id,390,replica_id,0,number_pending_requests,0,number_running_requests,10
cur_request_id,390,replica_id,1,number_pending_requests,0,number_running_requests,11
cur_request_id,390,replica_id,2,number_pending_requests,0,number_running_requests,11
cur_request_id,390,replica_id,3,number_pending_requests,0,number_running_requests,11
cur_request_id,390,replica_id,4,number_pending_requests,0,number_running_requests,9
cur_request_id,400,replica_id,0,number_pending_requests,0,number_running_requests,10
cur_request_id,400,replica_id,1,number_pending_requests,0,number_running_requests,11
cur_request_id,400,replica_id,2,number_pending_requests,0,number_running_requests,11
cur_request_id,400,replica_id,3,number_pending_requests,0,number_running_requests,12
cur_request_id,400,replica_id,4,number_pending_requests,0,number_running_requests,8
cur_request_id,410,replica_id,0,number_pending_requests,0,number_running_requests,10
cur_request_id,410,replica_id,1,number_pending_requests,0,number_running_requests,11
cur_request_id,410,replica_id,2,number_pending_requests,0,number_running_requests,11
cur_request_id,410,replica_id,3,number_pending_requests,0,number_running_requests,13
cur_request_id,410,replica_id,4,number_pending_requests,0,number_running_requests,9
cur_request_id,420,replica_id,0,number_pending_requests,0,number_running_requests,8
cur_request_id,420,replica_id,1,number_pending_requests,0,number_running_requests,12
cur_request_id,420,replica_id,2,number_pending_requests,0,number_running_requests,13
cur_request_id,420,replica_id,3,number_pending_requests,1,number_running_requests,12
cur_request_id,420,replica_id,4,number_pending_requests,0,number_running_requests,9
cur_request_id,430,replica_id,0,number_pending_requests,0,number_running_requests,8
cur_request_id,430,replica_id,1,number_pending_requests,0,number_running_requests,11
cur_request_id,430,replica_id,2,number_pending_requests,0,number_running_requests,12
cur_request_id,430,replica_id,3,number_pending_requests,0,number_running_requests,12
cur_request_id,430,replica_id,4,number_pending_requests,0,number_running_requests,8
cur_request_id,440,replica_id,0,number_pending_requests,0,number_running_requests,7
cur_request_id,440,replica_id,1,number_pending_requests,0,number_running_requests,12
cur_request_id,440,replica_id,2,number_pending_requests,0,number_running_requests,11
cur_request_id,440,replica_id,3,number_pending_requests,0,number_running_requests,11
cur_request_id,440,replica_id,4,number_pending_requests,0,number_running_requests,8
cur_request_id,450,replica_id,0,number_pending_requests,0,number_running_requests,7
cur_request_id,450,replica_id,1,number_pending_requests,0,number_running_requests,10
cur_request_id,450,replica_id,2,number_pending_requests,0,number_running_requests,12
cur_request_id,450,replica_id,3,number_pending_requests,0,number_running_requests,8
cur_request_id,450,replica_id,4,number_pending_requests,0,number_running_requests,8
cur_request_id,460,replica_id,0,number_pending_requests,0,number_running_requests,7
cur_request_id,460,replica_id,1,number_pending_requests,0,number_running_requests,11
cur_request_id,460,replica_id,2,number_pending_requests,0,number_running_requests,10
cur_request_id,460,replica_id,3,number_pending_requests,0,number_running_requests,7
cur_request_id,460,replica_id,4,number_pending_requests,0,number_running_requests,8
cur_request_id,470,replica_id,0,number_pending_requests,0,number_running_requests,6
cur_request_id,470,replica_id,1,number_pending_requests,0,number_running_requests,9
cur_request_id,470,replica_id,2,number_pending_requests,0,number_running_requests,10
cur_request_id,470,replica_id,3,number_pending_requests,0,number_running_requests,6
cur_request_id,470,replica_id,4,number_pending_requests,0,number_running_requests,7
cur_request_id,480,replica_id,0,number_pending_requests,0,number_running_requests,7
cur_request_id,480,replica_id,1,number_pending_requests,0,number_running_requests,9
cur_request_id,480,replica_id,2,number_pending_requests,0,number_running_requests,9
cur_request_id,480,replica_id,3,number_pending_requests,0,number_running_requests,10
cur_request_id,480,replica_id,4,number_pending_requests,0,number_running_requests,8
cur_request_id,490,replica_id,0,number_pending_requests,0,number_running_requests,9
cur_request_id,490,replica_id,1,number_pending_requests,0,number_running_requests,10
cur_request_id,490,replica_id,2,number_pending_requests,0,number_running_requests,11
cur_request_id,490,replica_id,3,number_pending_requests,0,number_running_requests,9
cur_request_id,490,replica_id,4,number_pending_requests,0,number_running_requests,6
